[__main__][main][INFO] Starting new data collection cycle...
[__main__][main][INFO] _run_collection_cycle started.
[__main__][init][INFO] Initializing Chrome driver...
[__main__][main][CRITICAL] Critical error during collection cycle: 'Logger' object is not callable
Traceback (most recent call last):
  File "c:\Users\kanur\OneDrive\ë¬¸ì„œ\GitHub\aaa\login\login_bgf.py", line 61, in login_bgf
    WebDriverWait(driver, timeout).until(
  File "C:\Users\kanur\AppData\Local\Programs\Python\Python312\Lib\site-packages\selenium\webdriver\support\wait.py", line 129, in until
    value = method(self._driver)
            ^^^^^^^^^^^^^^^^^^^^
  File "c:\Users\kanur\OneDrive\ë¬¸ì„œ\GitHub\aaa\login\login_bgf.py", line 62, in <lambda>
    lambda d: d.execute_script("return nexacro.getApplication() && nexacro.getApplication().mainframe")
              ^^^^^^^^^^^^^^^^^^^^^^^^^^^^^^^^^^^^^^^^^^^^^^^^^^^^^^^^^^^^^^^^^^^^^^^^^^^^^^^^^^^^^^^^^
  File "C:\Users\kanur\AppData\Local\Programs\Python\Python312\Lib\site-packages\selenium\webdriver\remote\webdriver.py", line 544, in execute_script
    return self.execute(command, {"script": script, "args": converted_args})["value"]
           ^^^^^^^^^^^^^^^^^^^^^^^^^^^^^^^^^^^^^^^^^^^^^^^^^^^^^^^^^^^^^^^^^
  File "C:\Users\kanur\AppData\Local\Programs\Python\Python312\Lib\site-packages\selenium\webdriver\remote\webdriver.py", line 447, in execute
    self.error_handler.check_response(response)
  File "C:\Users\kanur\AppData\Local\Programs\Python\Python312\Lib\site-packages\selenium\webdriver\remote\errorhandler.py", line 232, in check_response
    raise exception_class(message, screen, stacktrace)
selenium.common.exceptions.JavascriptException: Message: javascript error: circular reference
  (Session info: chrome=138.0.7204.158)
Stacktrace:
	GetHandleVerifier [0x0x7ff6cb6de925+77845]
	GetHandleVerifier [0x0x7ff6cb6de980+77936]
	(No symbol) [0x0x7ff6cb499cda]
	(No symbol) [0x0x7ff6cb4a1679]
	(No symbol) [0x0x7ff6cb4a4a61]
	(No symbol) [0x0x7ff6cb541e4b]
	(No symbol) [0x0x7ff6cb5188ca]
	(No symbol) [0x0x7ff6cb540b07]
	(No symbol) [0x0x7ff6cb5186a3]
	(No symbol) [0x0x7ff6cb4e1791]
	(No symbol) [0x0x7ff6cb4e2523]
	GetHandleVerifier [0x0x7ff6cb9b683d+3059501]
	GetHandleVerifier [0x0x7ff6cb9b0bfd+3035885]
	GetHandleVerifier [0x0x7ff6cb9d03f0+3164896]
	GetHandleVerifier [0x0x7ff6cb6f8c2e+185118]
	GetHandleVerifier [0x0x7ff6cb70053f+216111]
	GetHandleVerifier [0x0x7ff6cb6e72d4+113092]
	GetHandleVerifier [0x0x7ff6cb6e7489+113529]
	GetHandleVerifier [0x0x7ff6cb6ce288+10616]
	BaseThreadInitThunk [0x0x7ff91c0de8d7+23]
	RtlUserThreadStart [0x0x7ff91d4bc34c+44]


During handling of the above exception, another exception occurred:

Traceback (most recent call last):
  File "c:\Users\kanur\OneDrive\ë¬¸ì„œ\GitHub\aaa\main.py", line 274, in _run_collection_cycle
    driver = _initialize_driver_and_login(cred_path)
             ^^^^^^^^^^^^^^^^^^^^^^^^^^^^^^^^^^^^^^^
  File "c:\Users\kanur\OneDrive\ë¬¸ì„œ\GitHub\aaa\main.py", line 140, in _initialize_driver_and_login
    if not login_bgf(driver, credential_path=cred_path):
           ^^^^^^^^^^^^^^^^^^^^^^^^^^^^^^^^^^^^^^^^^^^^
  File "c:\Users\kanur\OneDrive\ë¬¸ì„œ\GitHub\aaa\login\login_bgf.py", line 65, in login_bgf
    log("login", "ERROR", f"Nexacro application did not load: {e}")
TypeError: 'Logger' object is not callable
[__main__][main][INFO] _run_collection_cycle finished.
[__main__][main][INFO] Data collection cycle finished. Waiting for 300 seconds...
[__main__][main][INFO] Starting new data collection cycle...
[__main__][main][INFO] _run_collection_cycle started.
[__main__][init][INFO] Initializing Chrome driver...
[login.login_bgf][login][ERROR] JavaScript execution failed: 'Logger' object is not callable
[__main__][login][ERROR] Login failed.
[__main__][main][ERROR] Driver initialization or login failed. Skipping collection cycle.
[__main__][main][INFO] _run_collection_cycle finished.
[__main__][main][INFO] Data collection cycle finished. Waiting for 300 seconds...
[__main__][main][INFO] Starting new data collection cycle...
[__main__][main][INFO] _run_collection_cycle started.
[__main__][init][INFO] Initializing Chrome driver...
[login.login_bgf][login][INFO] Login script executed
[login.login_bgf][login][DEBUG] [ê²€ì¦] ë¹„ë°€ë²ˆí˜¸ í•„ë“œ ê°’: 1113
[login.login_bgf][login][INFO] Login succeeded
[login.login_bgf][login][WARNING] An error occurred during popup closing: 'Logger' object is not callable
[__main__][login][INFO] Login successful.
[__main__][navigation][INFO] Navigating to sales page...
[__main__][navigation][ERROR] Page load timed out.
[__main__][main][ERROR] Navigation or preparation failed. Skipping collection cycle.
[__main__][main][INFO] Closing Chrome driver.
[__main__][main][INFO] _run_collection_cycle finished.
[__main__][main][INFO] Data collection cycle finished. Waiting for 300 seconds...
[__main__][main][INFO] 300 seconds wait completed. Starting next cycle.
[__main__][main][INFO] Starting new data collection cycle...
[__main__][main][INFO] _run_collection_cycle started.
[__main__][init][INFO] Initializing Chrome driver...
[login.login_bgf][login][INFO] Login script executed
[login.login_bgf][login][DEBUG] [ê²€ì¦] ë¹„ë°€ë²ˆí˜¸ í•„ë“œ ê°’: 1113
[login.login_bgf][login][INFO] Login succeeded
[login.login_bgf][login][WARNING] An error occurred during popup closing: 'Logger' object is not callable
[__main__][login][INFO] Login successful.
[__main__][navigation][INFO] Navigating to sales page...
[__main__][navigation][ERROR] Page load timed out.
[__main__][main][ERROR] Navigation or preparation failed. Skipping collection cycle.
[__main__][main][INFO] Closing Chrome driver.
[__main__][main][INFO] _run_collection_cycle finished.
[__main__][main][INFO] Data collection cycle finished. Waiting for 300 seconds...
[__main__][main][INFO] Starting new data collection cycle...
[__main__][main][INFO] _run_collection_cycle started.
[__main__][init][INFO] Initializing Chrome driver...
[login.login_bgf][login][INFO] Login script executed
[login.login_bgf][login][DEBUG] [ê²€ì¦] ë¹„ë°€ë²ˆí˜¸ í•„ë“œ ê°’: 1113
[login.login_bgf][login][INFO] Login succeeded
[utils.popup_util][modal_closer][INFO] Attempt 1/5 to find and close popups.
[utils.popup_util][modal_closer][INFO] No more popups found in this attempt.
[utils.popup_util][modal_closer][INFO] Finished popup closing process. Total closed: 0
[login.login_bgf][login][INFO] Closed 0 popups after login.
[__main__][login][INFO] Login successful.
[__main__][navigation][INFO] Navigating to sales page...
[__main__][navigation][ERROR] Page load timed out.
[__main__][main][ERROR] Navigation or preparation failed. Skipping collection cycle.
[__main__][main][INFO] Closing Chrome driver.
[__main__][main][INFO] _run_collection_cycle finished.
[__main__][main][INFO] Data collection cycle finished. Waiting for 300 seconds...
[__main__][main][INFO] Starting new data collection cycle...
[__main__][main][INFO] _run_collection_cycle started.
[__main__][init][INFO] Initializing Chrome driver...
[login.login_bgf][login][INFO] Login script executed
[login.login_bgf][login][DEBUG] [ê²€ì¦] ë¹„ë°€ë²ˆí˜¸ í•„ë“œ ê°’: 1113
[login.login_bgf][login][INFO] Login succeeded
[utils.popup_util][modal_closer][INFO] Attempt 1/5 to find and close popups.
[utils.popup_util][modal_closer][INFO] No more popups found in this attempt.
[utils.popup_util][modal_closer][INFO] Finished popup closing process. Total closed: 0
[login.login_bgf][login][INFO] Closed 0 popups after login.
[__main__][login][INFO] Login successful.
[__main__][navigation][INFO] Navigating to sales page...
[__main__][navigation][ERROR] Page load timed out.
[__main__][main][ERROR] Navigation or preparation failed. Skipping collection cycle.
[__main__][main][INFO] Closing Chrome driver.
[__main__][main][INFO] _run_collection_cycle finished.
[__main__][main][INFO] Data collection cycle finished. Waiting for 300 seconds...
[__main__][main][INFO] 300 seconds wait completed. Starting next cycle.
[__main__][main][INFO] Starting new data collection cycle...
[__main__][main][INFO] _run_collection_cycle started.
[__main__][init][INFO] Initializing Chrome driver...
[login.login_bgf][login][INFO] Login script executed
[login.login_bgf][login][DEBUG] [ê²€ì¦] ë¹„ë°€ë²ˆí˜¸ í•„ë“œ ê°’: 1113
[login.login_bgf][login][INFO] Login succeeded
[utils.popup_util][modal_closer][INFO] Attempt 1/5 to find and close popups.
[utils.popup_util][modal_closer][INFO] No more popups found in this attempt.
[utils.popup_util][modal_closer][INFO] Finished popup closing process. Total closed: 0
[login.login_bgf][login][INFO] Closed 0 popups after login.
[__main__][login][INFO] Login successful.
[__main__][navigation][INFO] Navigating to sales page...
[__main__][navigation][ERROR] Page load timed out.
[__main__][main][ERROR] Navigation or preparation failed. Skipping collection cycle.
[__main__][main][INFO] Closing Chrome driver.
[__main__][main][INFO] _run_collection_cycle finished.
[__main__][main][INFO] Data collection cycle finished. Waiting for 300 seconds...
[__main__][main][INFO] Starting new data collection cycle...
[__main__][main][INFO] _run_collection_cycle started.
[__main__][init][INFO] Initializing Chrome driver...
[login.login_bgf][login][INFO] Login script executed
[login.login_bgf][login][DEBUG] [ê²€ì¦] ë¹„ë°€ë²ˆí˜¸ í•„ë“œ ê°’: 1113
[login.login_bgf][login][INFO] Login succeeded
[utils.popup_util][modal_closer][INFO] Attempt 1/5 to find and close popups.
[utils.popup_util][modal_closer][INFO] No more popups found in this attempt.
[utils.popup_util][modal_closer][INFO] Finished popup closing process. Total closed: 0
[login.login_bgf][login][INFO] Closed 0 popups after login.
[__main__][login][INFO] Login successful.
[__main__][navigation][INFO] Navigating to sales page...
[__main__][navigation][DEBUG] Waiting for mix ratio page grid with selector: div[id*='gdList.body'][id*='cell_'][id$='_0:text']
[__main__][main][CRITICAL] Critical error during collection cycle: name 'TimeoutException' is not defined
Traceback (most recent call last):
  File "c:\Users\kanur\OneDrive\ë¬¸ì„œ\GitHub\aaa\main.py", line 126, in wait_for_mix_ratio_page
    WebDriverWait(driver, timeout).until(
  File "C:\Users\kanur\AppData\Local\Programs\Python\Python312\Lib\site-packages\selenium\webdriver\support\wait.py", line 138, in until
    raise TimeoutException(message, screen, stacktrace)
selenium.common.exceptions.TimeoutException: Message: 
Stacktrace:
	GetHandleVerifier [0x0x7ff6cb6de925+77845]
	GetHandleVerifier [0x0x7ff6cb6de980+77936]
	(No symbol) [0x0x7ff6cb499cda]
	(No symbol) [0x0x7ff6cb4f06aa]
	(No symbol) [0x0x7ff6cb4f095c]
	(No symbol) [0x0x7ff6cb543d07]
	(No symbol) [0x0x7ff6cb51890f]
	(No symbol) [0x0x7ff6cb540b07]
	(No symbol) [0x0x7ff6cb5186a3]
	(No symbol) [0x0x7ff6cb4e1791]
	(No symbol) [0x0x7ff6cb4e2523]
	GetHandleVerifier [0x0x7ff6cb9b683d+3059501]
	GetHandleVerifier [0x0x7ff6cb9b0bfd+3035885]
	GetHandleVerifier [0x0x7ff6cb9d03f0+3164896]
	GetHandleVerifier [0x0x7ff6cb6f8c2e+185118]
	GetHandleVerifier [0x0x7ff6cb70053f+216111]
	GetHandleVerifier [0x0x7ff6cb6e72d4+113092]
	GetHandleVerifier [0x0x7ff6cb6e7489+113529]
	GetHandleVerifier [0x0x7ff6cb6ce288+10616]
	BaseThreadInitThunk [0x0x7ff91c0de8d7+23]
	RtlUserThreadStart [0x0x7ff91d4bc34c+44]


During handling of the above exception, another exception occurred:

Traceback (most recent call last):
  File "c:\Users\kanur\OneDrive\ë¬¸ì„œ\GitHub\aaa\main.py", line 285, in _run_collection_cycle
    if not _navigate_and_prepare_collection(driver):
           ^^^^^^^^^^^^^^^^^^^^^^^^^^^^^^^^^^^^^^^^
  File "c:\Users\kanur\OneDrive\ë¬¸ì„œ\GitHub\aaa\main.py", line 159, in _navigate_and_prepare_collection
    if not wait_for_mix_ratio_page(driver, PAGE_LOAD_TIMEOUT):
           ^^^^^^^^^^^^^^^^^^^^^^^^^^^^^^^^^^^^^^^^^^^^^^^^^^
  File "c:\Users\kanur\OneDrive\ë¬¸ì„œ\GitHub\aaa\main.py", line 131, in wait_for_mix_ratio_page
    except TimeoutException:
           ^^^^^^^^^^^^^^^^
NameError: name 'TimeoutException' is not defined
[__main__][main][INFO] Closing Chrome driver.
[__main__][main][INFO] _run_collection_cycle finished.
[__main__][main][INFO] Data collection cycle finished. Waiting for 300 seconds...
[__main__][main][INFO] Starting new data collection cycle...
[__main__][main][INFO] _run_collection_cycle started.
[__main__][init][INFO] Initializing Chrome driver...
[login.login_bgf][login][INFO] Login script executed
[login.login_bgf][login][DEBUG] [ê²€ì¦] ë¹„ë°€ë²ˆí˜¸ í•„ë“œ ê°’: 1113
[login.login_bgf][login][INFO] Login succeeded
[utils.popup_util][modal_closer][INFO] Attempt 1/5 to find and close popups.
[utils.popup_util][modal_closer][INFO] No more popups found in this attempt.
[utils.popup_util][modal_closer][INFO] Finished popup closing process. Total closed: 0
[login.login_bgf][login][INFO] Closed 0 popups after login.
[__main__][login][INFO] Login successful.
[__main__][navigation][INFO] Navigating to sales page...
[__main__][navigation][DEBUG] Waiting for mix ratio page grid with selector: div[id*='gdList.body'][id*='cell_'][id$='_0:text']
[__main__][main][CRITICAL] Critical error during collection cycle: name 'TimeoutException' is not defined
Traceback (most recent call last):
  File "c:\Users\kanur\OneDrive\ë¬¸ì„œ\GitHub\aaa\main.py", line 126, in wait_for_mix_ratio_page
    WebDriverWait(driver, timeout).until(
  File "C:\Users\kanur\AppData\Local\Programs\Python\Python312\Lib\site-packages\selenium\webdriver\support\wait.py", line 138, in until
    raise TimeoutException(message, screen, stacktrace)
selenium.common.exceptions.TimeoutException: Message: 
Stacktrace:
	GetHandleVerifier [0x0x7ff6cb6de925+77845]
	GetHandleVerifier [0x0x7ff6cb6de980+77936]
	(No symbol) [0x0x7ff6cb499cda]
	(No symbol) [0x0x7ff6cb4f06aa]
	(No symbol) [0x0x7ff6cb4f095c]
	(No symbol) [0x0x7ff6cb543d07]
	(No symbol) [0x0x7ff6cb51890f]
	(No symbol) [0x0x7ff6cb540b07]
	(No symbol) [0x0x7ff6cb5186a3]
	(No symbol) [0x0x7ff6cb4e1791]
	(No symbol) [0x0x7ff6cb4e2523]
	GetHandleVerifier [0x0x7ff6cb9b683d+3059501]
	GetHandleVerifier [0x0x7ff6cb9b0bfd+3035885]
	GetHandleVerifier [0x0x7ff6cb9d03f0+3164896]
	GetHandleVerifier [0x0x7ff6cb6f8c2e+185118]
	GetHandleVerifier [0x0x7ff6cb70053f+216111]
	GetHandleVerifier [0x0x7ff6cb6e72d4+113092]
	GetHandleVerifier [0x0x7ff6cb6e7489+113529]
	GetHandleVerifier [0x0x7ff6cb6ce288+10616]
	BaseThreadInitThunk [0x0x7ff91c0de8d7+23]
	RtlUserThreadStart [0x0x7ff91d4bc34c+44]


During handling of the above exception, another exception occurred:

Traceback (most recent call last):
  File "c:\Users\kanur\OneDrive\ë¬¸ì„œ\GitHub\aaa\main.py", line 285, in _run_collection_cycle
    if not _navigate_and_prepare_collection(driver):
           ^^^^^^^^^^^^^^^^^^^^^^^^^^^^^^^^^^^^^^^^
  File "c:\Users\kanur\OneDrive\ë¬¸ì„œ\GitHub\aaa\main.py", line 159, in _navigate_and_prepare_collection
    if not wait_for_mix_ratio_page(driver, PAGE_LOAD_TIMEOUT):
           ^^^^^^^^^^^^^^^^^^^^^^^^^^^^^^^^^^^^^^^^^^^^^^^^^^
  File "c:\Users\kanur\OneDrive\ë¬¸ì„œ\GitHub\aaa\main.py", line 131, in wait_for_mix_ratio_page
    except TimeoutException:
           ^^^^^^^^^^^^^^^^
NameError: name 'TimeoutException' is not defined
[__main__][main][INFO] Closing Chrome driver.
[__main__][main][INFO] _run_collection_cycle finished.
[__main__][main][INFO] Data collection cycle finished. Waiting for 300 seconds...
[__main__][main][INFO] Starting new data collection cycle...
[__main__][main][INFO] _run_collection_cycle started.
[__main__][init][INFO] Initializing Chrome driver...
[login.login_bgf][login][INFO] Login script executed
[login.login_bgf][login][DEBUG] [ê²€ì¦] ë¹„ë°€ë²ˆí˜¸ í•„ë“œ ê°’: 1113
[login.login_bgf][login][INFO] Login succeeded
[utils.popup_util][modal_closer][INFO] Attempt 1/5 to find and close popups.
[utils.popup_util][modal_closer][INFO] No more popups found in this attempt.
[utils.popup_util][modal_closer][INFO] Finished popup closing process. Total closed: 0
[login.login_bgf][login][INFO] Closed 0 popups after login.
[__main__][login][INFO] Login successful.
[__main__][navigation][INFO] Navigating to sales page...
[__main__][navigation][DEBUG] Waiting for mix ratio page grid with selector: div[id*='gdList.body'][id*='cell_'][id$='_0:text']
[__main__][main][CRITICAL] Critical error during collection cycle: name 'TimeoutException' is not defined
Traceback (most recent call last):
  File "c:\Users\kanur\OneDrive\ë¬¸ì„œ\GitHub\aaa\main.py", line 126, in wait_for_mix_ratio_page
    WebDriverWait(driver, timeout).until(
  File "C:\Users\kanur\AppData\Local\Programs\Python\Python312\Lib\site-packages\selenium\webdriver\support\wait.py", line 138, in until
    raise TimeoutException(message, screen, stacktrace)
selenium.common.exceptions.TimeoutException: Message: 
Stacktrace:
	GetHandleVerifier [0x0x7ff6cb6de925+77845]
	GetHandleVerifier [0x0x7ff6cb6de980+77936]
	(No symbol) [0x0x7ff6cb499cda]
	(No symbol) [0x0x7ff6cb4f06aa]
	(No symbol) [0x0x7ff6cb4f095c]
	(No symbol) [0x0x7ff6cb543d07]
	(No symbol) [0x0x7ff6cb51890f]
	(No symbol) [0x0x7ff6cb540b07]
	(No symbol) [0x0x7ff6cb5186a3]
	(No symbol) [0x0x7ff6cb4e1791]
	(No symbol) [0x0x7ff6cb4e2523]
	GetHandleVerifier [0x0x7ff6cb9b683d+3059501]
	GetHandleVerifier [0x0x7ff6cb9b0bfd+3035885]
	GetHandleVerifier [0x0x7ff6cb9d03f0+3164896]
	GetHandleVerifier [0x0x7ff6cb6f8c2e+185118]
	GetHandleVerifier [0x0x7ff6cb70053f+216111]
	GetHandleVerifier [0x0x7ff6cb6e72d4+113092]
	GetHandleVerifier [0x0x7ff6cb6e7489+113529]
	GetHandleVerifier [0x0x7ff6cb6ce288+10616]
	BaseThreadInitThunk [0x0x7ff91c0de8d7+23]
	RtlUserThreadStart [0x0x7ff91d4bc34c+44]


During handling of the above exception, another exception occurred:

Traceback (most recent call last):
  File "c:\Users\kanur\OneDrive\ë¬¸ì„œ\GitHub\aaa\main.py", line 285, in _run_collection_cycle
    if not _navigate_and_prepare_collection(driver):
           ^^^^^^^^^^^^^^^^^^^^^^^^^^^^^^^^^^^^^^^^
  File "c:\Users\kanur\OneDrive\ë¬¸ì„œ\GitHub\aaa\main.py", line 159, in _navigate_and_prepare_collection
    if not wait_for_mix_ratio_page(driver, PAGE_LOAD_TIMEOUT):
           ^^^^^^^^^^^^^^^^^^^^^^^^^^^^^^^^^^^^^^^^^^^^^^^^^^
  File "c:\Users\kanur\OneDrive\ë¬¸ì„œ\GitHub\aaa\main.py", line 131, in wait_for_mix_ratio_page
    except TimeoutException:
           ^^^^^^^^^^^^^^^^
NameError: name 'TimeoutException' is not defined
[__main__][main][INFO] Closing Chrome driver.
[__main__][main][INFO] _run_collection_cycle finished.
[__main__][main][INFO] Data collection cycle finished. Waiting for 300 seconds...
[__main__][main][INFO] 300 seconds wait completed. Starting next cycle.
[__main__][main][INFO] Starting new data collection cycle...
[__main__][main][INFO] _run_collection_cycle started.
[__main__][init][INFO] Initializing Chrome driver...
[login.login_bgf][login][INFO] Login script executed
[login.login_bgf][login][DEBUG] [ê²€ì¦] ë¹„ë°€ë²ˆí˜¸ í•„ë“œ ê°’: 1113
[login.login_bgf][login][INFO] Login succeeded
[utils.popup_util][modal_closer][INFO] Attempt 1/5 to find and close popups.
[utils.popup_util][modal_closer][INFO] No more popups found in this attempt.
[utils.popup_util][modal_closer][INFO] Finished popup closing process. Total closed: 0
[login.login_bgf][login][INFO] Closed 0 popups after login.
[__main__][login][INFO] Login successful.
[__main__][navigation][INFO] Navigating to sales page...
[__main__][navigation][DEBUG] Waiting for mix ratio page grid with selector: div[id*='gdList.body'][id*='cell_'][id$='_0:text']
[__main__][main][CRITICAL] Critical error during collection cycle: name 'TimeoutException' is not defined
Traceback (most recent call last):
  File "c:\Users\kanur\OneDrive\ë¬¸ì„œ\GitHub\aaa\main.py", line 126, in wait_for_mix_ratio_page
    WebDriverWait(driver, timeout).until(
  File "C:\Users\kanur\AppData\Local\Programs\Python\Python312\Lib\site-packages\selenium\webdriver\support\wait.py", line 137, in until
    time.sleep(self._poll)
KeyboardInterrupt

During handling of the above exception, another exception occurred:

Traceback (most recent call last):
  File "c:\Users\kanur\OneDrive\ë¬¸ì„œ\GitHub\aaa\main.py", line 285, in _run_collection_cycle
    if not _navigate_and_prepare_collection(driver):
           ^^^^^^^^^^^^^^^^^^^^^^^^^^^^^^^^^^^^^^^^
  File "c:\Users\kanur\OneDrive\ë¬¸ì„œ\GitHub\aaa\main.py", line 159, in _navigate_and_prepare_collection
    if not wait_for_mix_ratio_page(driver, PAGE_LOAD_TIMEOUT):
           ^^^^^^^^^^^^^^^^^^^^^^^^^^^^^^^^^^^^^^^^^^^^^^^^^^
  File "c:\Users\kanur\OneDrive\ë¬¸ì„œ\GitHub\aaa\main.py", line 131, in wait_for_mix_ratio_page
    except TimeoutException:
           ^^^^^^^^^^^^^^^^
NameError: name 'TimeoutException' is not defined
[__main__][main][INFO] Closing Chrome driver.
[__main__][main][INFO] _run_collection_cycle finished.
[__main__][main][INFO] Data collection cycle finished. Waiting for 300 seconds...
[__main__][main][INFO] 300 seconds wait completed. Starting next cycle.
[__main__][main][INFO] Starting new data collection cycle...
[__main__][main][INFO] _run_collection_cycle started.
[__main__][init][INFO] Initializing Chrome driver...
[login.login_bgf][login][INFO] Login script executed
[login.login_bgf][login][DEBUG] [ê²€ì¦] ë¹„ë°€ë²ˆí˜¸ í•„ë“œ ê°’: 1113
[login.login_bgf][login][INFO] Login succeeded
[utils.popup_util][modal_closer][INFO] Attempt 1/5 to find and close popups.
[utils.popup_util][modal_closer][INFO] No more popups found in this attempt.
[utils.popup_util][modal_closer][INFO] Finished popup closing process. Total closed: 0
[login.login_bgf][login][INFO] Closed 0 popups after login.
[__main__][login][INFO] Login successful.
[__main__][navigation][INFO] Navigating to sales page...
[__main__][navigation][DEBUG] Waiting for mix ratio page grid with selector: div[id*='gdList.body'][id*='cell_'][id$='_0:text']
[__main__][main][CRITICAL] Critical error during collection cycle: name 'TimeoutException' is not defined
Traceback (most recent call last):
  File "c:\Users\kanur\OneDrive\ë¬¸ì„œ\GitHub\aaa\main.py", line 126, in wait_for_mix_ratio_page
    WebDriverWait(driver, timeout).until(
  File "C:\Users\kanur\AppData\Local\Programs\Python\Python312\Lib\site-packages\selenium\webdriver\support\wait.py", line 138, in until
    raise TimeoutException(message, screen, stacktrace)
selenium.common.exceptions.TimeoutException: Message: 
Stacktrace:
	GetHandleVerifier [0x0x7ff6cb6de925+77845]
	GetHandleVerifier [0x0x7ff6cb6de980+77936]
	(No symbol) [0x0x7ff6cb499cda]
	(No symbol) [0x0x7ff6cb4f06aa]
	(No symbol) [0x0x7ff6cb4f095c]
	(No symbol) [0x0x7ff6cb543d07]
	(No symbol) [0x0x7ff6cb51890f]
	(No symbol) [0x0x7ff6cb540b07]
	(No symbol) [0x0x7ff6cb5186a3]
	(No symbol) [0x0x7ff6cb4e1791]
	(No symbol) [0x0x7ff6cb4e2523]
	GetHandleVerifier [0x0x7ff6cb9b683d+3059501]
	GetHandleVerifier [0x0x7ff6cb9b0bfd+3035885]
	GetHandleVerifier [0x0x7ff6cb9d03f0+3164896]
	GetHandleVerifier [0x0x7ff6cb6f8c2e+185118]
	GetHandleVerifier [0x0x7ff6cb70053f+216111]
	GetHandleVerifier [0x0x7ff6cb6e72d4+113092]
	GetHandleVerifier [0x0x7ff6cb6e7489+113529]
	GetHandleVerifier [0x0x7ff6cb6ce288+10616]
	BaseThreadInitThunk [0x0x7ff91c0de8d7+23]
	RtlUserThreadStart [0x0x7ff91d4bc34c+44]


During handling of the above exception, another exception occurred:

Traceback (most recent call last):
  File "c:\Users\kanur\OneDrive\ë¬¸ì„œ\GitHub\aaa\main.py", line 285, in _run_collection_cycle
    if not _navigate_and_prepare_collection(driver):
           ^^^^^^^^^^^^^^^^^^^^^^^^^^^^^^^^^^^^^^^^
  File "c:\Users\kanur\OneDrive\ë¬¸ì„œ\GitHub\aaa\main.py", line 159, in _navigate_and_prepare_collection
    if not wait_for_mix_ratio_page(driver, PAGE_LOAD_TIMEOUT):
           ^^^^^^^^^^^^^^^^^^^^^^^^^^^^^^^^^^^^^^^^^^^^^^^^^^
  File "c:\Users\kanur\OneDrive\ë¬¸ì„œ\GitHub\aaa\main.py", line 131, in wait_for_mix_ratio_page
    except TimeoutException:
           ^^^^^^^^^^^^^^^^
NameError: name 'TimeoutException' is not defined
[__main__][main][INFO] Closing Chrome driver.
[__main__][main][INFO] _run_collection_cycle finished.
[__main__][main][INFO] Data collection cycle finished. Waiting for 300 seconds...
[__main__][main][INFO] Starting new data collection cycle...
[__main__][main][INFO] _run_collection_cycle started.
[__main__][init][INFO] Initializing Chrome driver...
[login.login_bgf][login][INFO] Login script executed
[login.login_bgf][login][DEBUG] [ê²€ì¦] ë¹„ë°€ë²ˆí˜¸ í•„ë“œ ê°’: 1113
[login.login_bgf][login][INFO] Login succeeded
[utils.popup_util][modal_closer][INFO] Attempt 1/5 to find and close popups.
[utils.popup_util][modal_closer][INFO] Successfully simulated click on a popup close element.
[utils.popup_util][modal_closer][INFO] Attempt 2/5 to find and close popups.
[utils.popup_util][modal_closer][INFO] Successfully simulated click on a popup close element.
[utils.popup_util][modal_closer][INFO] Attempt 3/5 to find and close popups.
[utils.popup_util][modal_closer][INFO] Successfully simulated click on a popup close element.
[utils.popup_util][modal_closer][INFO] Attempt 4/5 to find and close popups.
[utils.popup_util][modal_closer][INFO] Successfully simulated click on a popup close element.
[utils.popup_util][modal_closer][INFO] Attempt 5/5 to find and close popups.
[utils.popup_util][modal_closer][INFO] Successfully simulated click on a popup close element.
[utils.popup_util][modal_closer][INFO] Finished popup closing process. Total closed: 5
[login.login_bgf][login][INFO] Closed 5 popups after login.
[__main__][login][INFO] Login successful.
[__main__][navigation][INFO] Navigating to sales page...
[__main__][navigation][DEBUG] Waiting for mix ratio page grid with selector: div[id*='gdList.body'][id*='cell_'][id$='_0:text']
[__main__][navigation][DEBUG] Mix ratio page grid found.
[__main__][navigation][INFO] Successfully navigated to sales page.
[__main__][collect][INFO] Starting data collection scripts.
[__main__][mid_category][INFO] mid_category logs: ['ğŸš€ collectMidCodes ì‹œì‘', 'ğŸ”„ ì¤‘ë¶„ë¥˜ ëª©ë¡ ìŠ¤ìº” ì‹œì‘', 'Found 16 mid-category cells.', 'Attempting to click mid-category: 001 with ID: mainframe.HFrameSet00.VFrameSet00.FrameSet.STMB011_M0.form.div_workForm.form.div2.form.gdList.body.gridrow_0.cell_0_0', '*********** íŠ¸ëœì­ì…˜ í˜¸ì¶œ ì „ svcID : searchDetail (strServiceUrl :svc::stmb011/selDetailSearch) (20250720011347)', '*********** íŠ¸ëœì­ì…˜ í˜¸ì¶œ ì „ httptimeout : 60', 'âœ… ì¤‘ë¶„ë¥˜ í´ë¦­: 001 (ë„ì‹œë½)']
[__main__][collect][INFO] Data collection complete.
[__main__][db][INFO] DB saved to c:\Users\kanur\OneDrive\ë¬¸ì„œ\GitHub\aaa\code_outputs\all_sales_data.db, inserted 0 rows
[__main__][browser_log][INFO] Extracted log data:
[__main__][browser_log][INFO] 001	ë„ì‹œë½	8809655891665	ë„)ë„˜ë²„ì›ì–‘ë…ìŒ€ì¹˜í‚¨1	1	0	0	0	0\n001	ë„ì‹œë½	8801771031802	ë„)í•œë¼ë§Œì¡±í•¨ë°•ì•¤ì¹˜í‚¨1	1	0	0	0	0
[__main__][browser_log][INFO] 015	ë¹„ìŠ¤ì¼“/ì¿ í‚¤	8809655891665	ë„)ë„˜ë²„ì›ì–‘ë…ìŒ€ì¹˜í‚¨1	1	0	0	0	0\n015	ë¹„ìŠ¤ì¼“/ì¿ í‚¤	8801771031802	ë„)í•œë¼ë§Œì¡±í•¨ë°•ì•¤ì¹˜í‚¨1	1	0	0	0	0
[__main__][browser_log][INFO] 016	ìŠ¤ë‚µë¥˜	8801043036337	ë†ì‹¬)ì˜¤ì§•ì–´ì§‘78g	1	0	0	0	14\n016	ìŠ¤ë‚µë¥˜	8801043031431	ë†ì‹¬)ì«„ë³‘ë§¤ì½¤í•œë§›	1	0	0	0	4\n016	ìŠ¤ë‚µë¥˜	8801117760908	ì˜¤ë¦¬ì˜¨)ì˜¤ì§•ì–´ë•…ì½©98g	1	0	0	0	15\n016	ìŠ¤ë‚µë¥˜	8886467100055	í”„ë§ê¸€ìŠ¤)í•«ìŠ¤íŒŒì´ì‹œ110g	1	0	0	0	2
[__main__][browser_log][INFO] 020	ìº”ë””	8801117339302	ì˜¤ë¦¬ì˜¨)ì™•ê¿ˆí‹€ì´ì ¤ë¦¬67g	1	0	0	0	3
[__main__][browser_log][INFO] 035	ëƒ‰ì¥ì¦‰ì„ì‹	8809265025214	ê³ ë˜ì‚¬)ì–´ë¬µíƒ•ì‹œì›í•œë§›	1	0	0	0	2
[__main__][browser_log][INFO] 040	ê¸°ëŠ¥ê±´ê°•ìŒë£Œ	4897036691007	ì½”ì¹´)ëª¬ìŠ¤í„°ì—ë„ˆì§€ìº”355ml	4	0	0	0	7
[__main__][browser_log][INFO] 041	ìƒìˆ˜	8801056055189	ë¡¯ë°)íŠ¸ë ˆë¹„ë¼ì„P500ml	2	0	0	0	3
[__main__][browser_log][INFO] 042	ì»¤í”¼ìŒë£Œ	8801037020519	ìŠ¤ë²…)ì‹œê·¸ë‹ˆì²˜ì´ˆì½œë¦¿200ml	1	0	0	0	7
[__main__][browser_log][INFO] 044	íƒ„ì‚°ìŒë£Œ	8801094017606	ì½”ì¹´)ì½”ì¹´ì½œë¼P500ml	1	0	0	0	9\n044	íƒ„ì‚°ìŒë£Œ	8809495077793	í´ë£¹)ì œë¡œì†Œë‹¤ë ˆëª¬ìº”500ml	1	0	0	0	6\n044	íƒ„ì‚°ìŒë£Œ	8809495075478	í´ë£¹)ì œë¡œì†Œë‹¤í¬ë„ìº”500ml	2	0	0	0	3\n044	íƒ„ì‚°ìŒë£Œ	8806004000945	í˜„ëŒ€)ë¯¸ì—ë¡œí™”ì´ìŠ¤íŒŒí´500	2	0	0	0	3
[__main__][browser_log][INFO] 049	ë§¥ì£¼	8801119241511	í•„ë¼ì´íŠ¸í›„ë ˆì‰¬ìº”500ml	1	0	0	0	8
[__main__][browser_log][INFO] 050	ì†Œì£¼	8801048951017	ì‹ ì°¸ì´ìŠ¬ë³‘360mlì§€í•¨	1	0	0	0	24
[__main__][browser_log][INFO] 051	ì „í†µì£¼	8802521122221	êµ­ìˆœë‹¹)ìŒ€ë§‰ê±¸ë¦¬750ml	1	0	0	0	8
[__main__][browser_log][INFO] 060	í™ˆ/ì£¼ë°©ìš©í’ˆ	2200000079947	ì¢…ëŸ‰(ê°€ì •)20L	1	0	0	0	-43
[__main__][browser_log][INFO] 072	ë‹´ë°°	0000088006604	ë””ìŠ¤í”ŒëŸ¬ìŠ¤5mg	1	0	0	0	19\n072	ë‹´ë°°	8801116019397	ë ˆì¢…í”„ë Œì¹˜ì•„ì´ìŠ¤ë¸”ë‘2mg	1	0	0	0	3\n072	ë‹´ë°°	0000088017655	ë§ë³´ë¡œí•˜ì´ë¸Œë¦¬ë“œ5mg	1	0	0	0	23\n072	ë‹´ë°°	8801116005314	ì—ì„ì²´ì¸ì§€1mg	1	0	0	0	17
[__main__][browser_log][INFO] 073	ì „ìë‹´ë°°	0000088024189	í…Œë¦¬ì•„ë¸”ë™ë£¨ë¹„	2	0	0	0	19
[__main__][browser_log][INFO] 900	ì†Œëª¨í’ˆ	2201148653150	ì¹œí™˜ê²½ë´‰íˆ¬íŒë§¤ìš©	1	0	0	0	-1,691
[__main__][main][INFO] Closing Chrome driver.
[__main__][main][INFO] _run_collection_cycle finished.
[__main__][main][INFO] Data collection cycle finished. Waiting for 30 minutes...
[__main__][main][INFO] 30 minutes wait completed. Starting next cycle.
[__main__][main][INFO] Starting new data collection cycle...
[__main__][main][INFO] _run_collection_cycle started.
[__main__][init][INFO] Initializing Chrome driver...
[login.login_bgf][login][INFO] Login script executed
[login.login_bgf][login][DEBUG] [ê²€ì¦] ë¹„ë°€ë²ˆí˜¸ í•„ë“œ ê°’: 1113
[login.login_bgf][login][INFO] Login succeeded
[utils.popup_util][modal_closer][INFO] Attempt 1/5 to find and close popups.
[utils.popup_util][modal_closer][INFO] Successfully simulated click on a popup close element.
[utils.popup_util][modal_closer][INFO] Attempt 2/5 to find and close popups.
[utils.popup_util][modal_closer][INFO] Successfully simulated click on a popup close element.
[utils.popup_util][modal_closer][INFO] Attempt 3/5 to find and close popups.
[utils.popup_util][modal_closer][INFO] Successfully simulated click on a popup close element.
[utils.popup_util][modal_closer][INFO] Attempt 4/5 to find and close popups.
[utils.popup_util][modal_closer][INFO] Successfully simulated click on a popup close element.
[utils.popup_util][modal_closer][INFO] Attempt 5/5 to find and close popups.
[utils.popup_util][modal_closer][INFO] Successfully simulated click on a popup close element.
[utils.popup_util][modal_closer][INFO] Finished popup closing process. Total closed: 5
[login.login_bgf][login][INFO] Closed 5 popups after login.
[__main__][login][INFO] Login successful.
[__main__][navigation][INFO] Navigating to sales page...
[__main__][navigation][DEBUG] Waiting for mix ratio page grid with selector: div[id*='gdList.body'][id*='cell_'][id$='_0:text']
[__main__][navigation][DEBUG] Mix ratio page grid found.
[__main__][navigation][INFO] Successfully navigated to sales page.
[__main__][collect][INFO] Starting data collection scripts.
[__main__][mid_category][INFO] mid_category logs: ['ğŸš€ collectMidCodes ì‹œì‘', 'ğŸ”„ ì¤‘ë¶„ë¥˜ ëª©ë¡ ìŠ¤ìº” ì‹œì‘', 'Found 16 mid-category cells.', 'Attempting to click mid-category: 001 with ID: mainframe.HFrameSet00.VFrameSet00.FrameSet.STMB011_M0.form.div_workForm.form.div2.form.gdList.body.gridrow_0.cell_0_0', '*********** íŠ¸ëœì­ì…˜ í˜¸ì¶œ ì „ svcID : searchDetail (strServiceUrl :svc::stmb011/selDetailSearch) (20250720014441)', '*********** íŠ¸ëœì­ì…˜ í˜¸ì¶œ ì „ httptimeout : 60', 'âœ… ì¤‘ë¶„ë¥˜ í´ë¦­: 001 (ë„ì‹œë½)']
[__main__][collect][INFO] Data collection complete.
[__main__][db][INFO] DB saved to c:\Users\kanur\OneDrive\ë¬¸ì„œ\GitHub\aaa\code_outputs\all_sales_data.db, inserted 3 rows
[__main__][browser_log][INFO] Extracted log data:
[__main__][browser_log][INFO] 001	ë„ì‹œë½	8809655891665	ë„)ë„˜ë²„ì›ì–‘ë…ìŒ€ì¹˜í‚¨1	1	0	0	0	0\n001	ë„ì‹œë½	8801771031802	ë„)í•œë¼ë§Œì¡±í•¨ë°•ì•¤ì¹˜í‚¨1	1	0	0	0	0
[__main__][browser_log][INFO] 015	ë¹„ìŠ¤ì¼“/ì¿ í‚¤	8809655891665	ë„)ë„˜ë²„ì›ì–‘ë…ìŒ€ì¹˜í‚¨1	1	0	0	0	0\n015	ë¹„ìŠ¤ì¼“/ì¿ í‚¤	8801771031802	ë„)í•œë¼ë§Œì¡±í•¨ë°•ì•¤ì¹˜í‚¨1	1	0	0	0	0
[__main__][browser_log][INFO] 016	ìŠ¤ë‚µë¥˜	8801043036337	ë†ì‹¬)ì˜¤ì§•ì–´ì§‘78g	1	0	0	0	14\n016	ìŠ¤ë‚µë¥˜	8801043031431	ë†ì‹¬)ì«„ë³‘ë§¤ì½¤í•œë§›	1	0	0	0	4\n016	ìŠ¤ë‚µë¥˜	8801117760908	ì˜¤ë¦¬ì˜¨)ì˜¤ì§•ì–´ë•…ì½©98g	1	0	0	0	15\n016	ìŠ¤ë‚µë¥˜	8886467100055	í”„ë§ê¸€ìŠ¤)í•«ìŠ¤íŒŒì´ì‹œ110g	1	0	0	0	2
[__main__][browser_log][INFO] 020	ìº”ë””	8801117339302	ì˜¤ë¦¬ì˜¨)ì™•ê¿ˆí‹€ì´ì ¤ë¦¬67g	1	0	0	0	3
[__main__][browser_log][INFO] 035	ëƒ‰ì¥ì¦‰ì„ì‹	8809265025214	ê³ ë˜ì‚¬)ì–´ë¬µíƒ•ì‹œì›í•œë§›	1	0	0	0	2\n035	ëƒ‰ì¥ì¦‰ì„ì‹	8809948344021	íŒ”ë„í•œë¼)ì§¬ë½•ìˆœë‘ë¶€êµ­ë°¥	1	0	0	0	0
[__main__][browser_log][INFO] 040	ê¸°ëŠ¥ê±´ê°•ìŒë£Œ	4897036691007	ì½”ì¹´)ëª¬ìŠ¤í„°ì—ë„ˆì§€ìº”355ml	4	0	0	0	7\n040	ê¸°ëŠ¥ê±´ê°•ìŒë£Œ	4897036694534	ì½”ì¹´)ëª¬ìŠ¤í„°íŒŒí”¼ìš©ìº”355	1	0	0	0	5
[__main__][browser_log][INFO] 041	ìƒìˆ˜	8801056055189	ë¡¯ë°)íŠ¸ë ˆë¹„ë¼ì„P500ml	2	0	0	0	3
[__main__][browser_log][INFO] 042	ì»¤í”¼ìŒë£Œ	8801037020519	ìŠ¤ë²…)ì‹œê·¸ë‹ˆì²˜ì´ˆì½œë¦¿200ml	1	0	0	0	7
[__main__][browser_log][INFO] 044	íƒ„ì‚°ìŒë£Œ	8801094017606	ì½”ì¹´)ì½”ì¹´ì½œë¼P500ml	1	0	0	0	9\n044	íƒ„ì‚°ìŒë£Œ	8809495077793	í´ë£¹)ì œë¡œì†Œë‹¤ë ˆëª¬ìº”500ml	1	0	0	0	6\n044	íƒ„ì‚°ìŒë£Œ	8809495075478	í´ë£¹)ì œë¡œì†Œë‹¤í¬ë„ìº”500ml	2	0	0	0	3\n044	íƒ„ì‚°ìŒë£Œ	8806004000945	í˜„ëŒ€)ë¯¸ì—ë¡œí™”ì´ìŠ¤íŒŒí´500	2	0	0	0	3
[__main__][browser_log][INFO] 049	ë§¥ì£¼	8801119241511	í•„ë¼ì´íŠ¸í›„ë ˆì‰¬ìº”500ml	1	0	0	0	8
[__main__][browser_log][INFO] 050	ì†Œì£¼	8801048951017	ì‹ ì°¸ì´ìŠ¬ë³‘360mlì§€í•¨	1	0	0	0	24
[__main__][browser_log][INFO] 051	ì „í†µì£¼	8802521122221	êµ­ìˆœë‹¹)ìŒ€ë§‰ê±¸ë¦¬750ml	1	0	0	0	8
[__main__][browser_log][INFO] 060	í™ˆ/ì£¼ë°©ìš©í’ˆ	2200000079947	ì¢…ëŸ‰(ê°€ì •)20L	1	0	0	0	-43
[__main__][browser_log][INFO] 072	ë‹´ë°°	0000088006604	ë””ìŠ¤í”ŒëŸ¬ìŠ¤5mg	1	0	0	0	19\n072	ë‹´ë°°	8801116019397	ë ˆì¢…í”„ë Œì¹˜ì•„ì´ìŠ¤ë¸”ë‘2mg	1	0	0	0	3\n072	ë‹´ë°°	8801116007172	ë ˆì¢…í”„ë Œì¹˜ìš”ê³ 1ã	1	0	0	0	9\n072	ë‹´ë°°	0000088017655	ë§ë³´ë¡œí•˜ì´ë¸Œë¦¬ë“œ5mg	1	0	0	0	23\n072	ë‹´ë°°	8801116005314	ì—ì„ì²´ì¸ì§€1mg	1	0	0	0	17
[__main__][browser_log][INFO] 073	ì „ìë‹´ë°°	0000088024189	í…Œë¦¬ì•„ë¸”ë™ë£¨ë¹„	2	0	0	0	19\n073	ì „ìë‹´ë°°	0000088023014	í…Œë¦¬ì•„ë¸”ë£¨	1	0	0	0	21\n073	ì „ìë‹´ë°°	0000088024134	í…Œë¦¬ì•„ì˜¤ì•„ì‹œìŠ¤í„	2	0	0	0	18
[__main__][browser_log][INFO] 900	ì†Œëª¨í’ˆ	2201148653150	ì¹œí™˜ê²½ë´‰íˆ¬íŒë§¤ìš©	1	0	0	0	-1,691
[__main__][main][INFO] Closing Chrome driver.
[__main__][main][INFO] _run_collection_cycle finished.
[__main__][main][INFO] Data collection cycle finished. Waiting for 30 minutes...
[__main__][main][INFO] 30 minutes wait completed. Starting next cycle.
[__main__][main][INFO] Starting new data collection cycle...
[__main__][main][INFO] _run_collection_cycle started.
[__main__][init][INFO] Initializing Chrome driver...
[login.login_bgf][login][INFO] Login script executed
[login.login_bgf][login][DEBUG] [ê²€ì¦] ë¹„ë°€ë²ˆí˜¸ í•„ë“œ ê°’: 1113
[login.login_bgf][login][INFO] Login succeeded
[utils.popup_util][modal_closer][INFO] Attempt 1/5 to find and close popups.
[utils.popup_util][modal_closer][INFO] Successfully simulated click on a popup close element.
[utils.popup_util][modal_closer][INFO] Attempt 2/5 to find and close popups.
[utils.popup_util][modal_closer][INFO] Successfully simulated click on a popup close element.
[utils.popup_util][modal_closer][INFO] Attempt 3/5 to find and close popups.
[utils.popup_util][modal_closer][INFO] Successfully simulated click on a popup close element.
[utils.popup_util][modal_closer][INFO] Attempt 4/5 to find and close popups.
[utils.popup_util][modal_closer][INFO] Successfully simulated click on a popup close element.
[utils.popup_util][modal_closer][INFO] Attempt 5/5 to find and close popups.
[utils.popup_util][modal_closer][INFO] Successfully simulated click on a popup close element.
[utils.popup_util][modal_closer][INFO] Finished popup closing process. Total closed: 5
[login.login_bgf][login][INFO] Closed 5 popups after login.
[__main__][login][INFO] Login successful.
[__main__][navigation][INFO] Navigating to sales page...
[__main__][navigation][DEBUG] Waiting for mix ratio page grid with selector: div[id*='gdList.body'][id*='cell_'][id$='_0:text']
[__main__][navigation][DEBUG] Mix ratio page grid found.
[__main__][navigation][INFO] Successfully navigated to sales page.
[__main__][collect][INFO] Starting data collection scripts.
[__main__][mid_category][INFO] mid_category logs: ['ğŸš€ collectMidCodes ì‹œì‘', 'ğŸ”„ ì¤‘ë¶„ë¥˜ ëª©ë¡ ìŠ¤ìº” ì‹œì‘', 'Found 18 mid-category cells.', 'Attempting to click mid-category: 001 with ID: mainframe.HFrameSet00.VFrameSet00.FrameSet.STMB011_M0.form.div_workForm.form.div2.form.gdList.body.gridrow_0.cell_0_0', '*********** íŠ¸ëœì­ì…˜ í˜¸ì¶œ ì „ svcID : searchDetail (strServiceUrl :svc::stmb011/selDetailSearch) (20250720021534)', '*********** íŠ¸ëœì­ì…˜ í˜¸ì¶œ ì „ httptimeout : 60', 'âœ… ì¤‘ë¶„ë¥˜ í´ë¦­: 001 (ë„ì‹œë½)']
[__main__][collect][INFO] Data collection complete.
[__main__][db][INFO] DB saved to c:\Users\kanur\OneDrive\ë¬¸ì„œ\GitHub\aaa\code_outputs\all_sales_data.db, inserted 3 rows
[__main__][browser_log][INFO] Extracted log data:
[__main__][browser_log][INFO] 001	ë„ì‹œë½	8809655891665	ë„)ë„˜ë²„ì›ì–‘ë…ìŒ€ì¹˜í‚¨1	1	0	0	0	0\n001	ë„ì‹œë½	8801771031802	ë„)í•œë¼ë§Œì¡±í•¨ë°•ì•¤ì¹˜í‚¨1	1	0	0	0	0
[__main__][browser_log][INFO] 015	ë¹„ìŠ¤ì¼“/ì¿ í‚¤	8809655891665	ë„)ë„˜ë²„ì›ì–‘ë…ìŒ€ì¹˜í‚¨1	1	0	0	0	0\n015	ë¹„ìŠ¤ì¼“/ì¿ í‚¤	8801771031802	ë„)í•œë¼ë§Œì¡±í•¨ë°•ì•¤ì¹˜í‚¨1	1	0	0	0	0
[__main__][browser_log][INFO] 016	ìŠ¤ë‚µë¥˜	8801043036337	ë†ì‹¬)ì˜¤ì§•ì–´ì§‘78g	1	0	0	0	14\n016	ìŠ¤ë‚µë¥˜	8801043031431	ë†ì‹¬)ì«„ë³‘ë§¤ì½¤í•œë§›	1	0	0	0	4\n016	ìŠ¤ë‚µë¥˜	8801117760908	ì˜¤ë¦¬ì˜¨)ì˜¤ì§•ì–´ë•…ì½©98g	1	0	0	0	15\n016	ìŠ¤ë‚µë¥˜	8886467100055	í”„ë§ê¸€ìŠ¤)í•«ìŠ¤íŒŒì´ì‹œ110g	1	0	0	0	2
[__main__][browser_log][INFO] 020	ìº”ë””	8801117339302	ì˜¤ë¦¬ì˜¨)ì™•ê¿ˆí‹€ì´ì ¤ë¦¬67g	1	0	0	0	3
[__main__][browser_log][INFO] 023	ìœ¡ê°€ê³µë¥˜	8801898163844	í‹°ë‹ˆí•‘)ë½€ë½€í•‘ë©”ì¶”ë¦¬ì•Œ5ì…	1	0	0	0	2\n023	ìœ¡ê°€ê³µë¥˜	8801898162847	í–‰ë³µ)ë©”ì¶”ë¦¬ì•Œì™ì™5ì…	1	0	0	0	2
[__main__][browser_log][INFO] 035	ëƒ‰ì¥ì¦‰ì„ì‹	8809265025214	ê³ ë˜ì‚¬)ì–´ë¬µíƒ•ì‹œì›í•œë§›	1	0	0	0	2\n035	ëƒ‰ì¥ì¦‰ì„ì‹	8809948344021	íŒ”ë„í•œë¼)ì§¬ë½•ìˆœë‘ë¶€êµ­ë°¥	1	0	0	0	0
[__main__][browser_log][INFO] 040	ê¸°ëŠ¥ê±´ê°•ìŒë£Œ	4897036691007	ì½”ì¹´)ëª¬ìŠ¤í„°ì—ë„ˆì§€ìº”355ml	4	0	0	0	7\n040	ê¸°ëŠ¥ê±´ê°•ìŒë£Œ	4897036694534	ì½”ì¹´)ëª¬ìŠ¤í„°íŒŒí”¼ìš©ìº”355	1	0	0	0	5
[__main__][browser_log][INFO] 041	ìƒìˆ˜	8801056055189	ë¡¯ë°)íŠ¸ë ˆë¹„ë¼ì„P500ml	2	0	0	0	3
[__main__][browser_log][INFO] 042	ì»¤í”¼ìŒë£Œ	8801037020519	ìŠ¤ë²…)ì‹œê·¸ë‹ˆì²˜ì´ˆì½œë¦¿200ml	1	0	0	0	7
[__main__][browser_log][INFO] 043	ì°¨ìŒë£Œ	8806002009391	ê´‘ë™)ì§„í•œí—›ê°œì°¨P1.5L	1	0	0	0	2
[__main__][browser_log][INFO] 044	íƒ„ì‚°ìŒë£Œ	8801094017606	ì½”ì¹´)ì½”ì¹´ì½œë¼P500ml	1	0	0	0	9\n044	íƒ„ì‚°ìŒë£Œ	8809495077793	í´ë£¹)ì œë¡œì†Œë‹¤ë ˆëª¬ìº”500ml	1	0	0	0	6\n044	íƒ„ì‚°ìŒë£Œ	8809495075478	í´ë£¹)ì œë¡œì†Œë‹¤í¬ë„ìº”500ml	2	0	0	0	3\n044	íƒ„ì‚°ìŒë£Œ	8806004000945	í˜„ëŒ€)ë¯¸ì—ë¡œí™”ì´ìŠ¤íŒŒí´500	2	0	0	0	3
[__main__][browser_log][INFO] 049	ë§¥ì£¼	8801858042769	ì¹´ìŠ¤ë¼ì´íŠ¸ìº”500ml	1	0	0	0	16\n049	ë§¥ì£¼	8801119241511	í•„ë¼ì´íŠ¸í›„ë ˆì‰¬ìº”500ml	1	0	0	0	8
[__main__][browser_log][INFO] 050	ì†Œì£¼	8801048951017	ì‹ ì°¸ì´ìŠ¬ë³‘360mlì§€í•¨	1	0	0	0	24
[__main__][browser_log][INFO] 051	ì „í†µì£¼	8802521122221	êµ­ìˆœë‹¹)ìŒ€ë§‰ê±¸ë¦¬750ml	1	0	0	0	8
[__main__][browser_log][INFO] 060	í™ˆ/ì£¼ë°©ìš©í’ˆ	2200000079947	ì¢…ëŸ‰(ê°€ì •)20L	1	0	0	0	-43
[__main__][browser_log][INFO] 072	ë‹´ë°°	0000088006604	ë””ìŠ¤í”ŒëŸ¬ìŠ¤5mg	1	0	0	0	19\n072	ë‹´ë°°	8801116019397	ë ˆì¢…í”„ë Œì¹˜ì•„ì´ìŠ¤ë¸”ë‘2mg	1	0	0	0	3\n072	ë‹´ë°°	8801116007172	ë ˆì¢…í”„ë Œì¹˜ìš”ê³ 1ã	1	0	0	0	9\n072	ë‹´ë°°	0000088017655	ë§ë³´ë¡œí•˜ì´ë¸Œë¦¬ë“œ5mg	1	0	0	0	23\n072	ë‹´ë°°	8801116005314	ì—ì„ì²´ì¸ì§€1mg	1	0	0	0	17
[__main__][browser_log][INFO] 073	ì „ìë‹´ë°°	0000088024189	í…Œë¦¬ì•„ë¸”ë™ë£¨ë¹„	2	0	0	0	19\n073	ì „ìë‹´ë°°	0000088023014	í…Œë¦¬ì•„ë¸”ë£¨	1	0	0	0	21\n073	ì „ìë‹´ë°°	0000088024134	í…Œë¦¬ì•„ì˜¤ì•„ì‹œìŠ¤í„	2	0	0	0	18
[__main__][browser_log][INFO] 900	ì†Œëª¨í’ˆ	2201148653150	ì¹œí™˜ê²½ë´‰íˆ¬íŒë§¤ìš©	2	0	0	0	-1,692
[__main__][main][INFO] Closing Chrome driver.
[__main__][main][INFO] _run_collection_cycle finished.
[__main__][main][INFO] Data collection cycle finished. Waiting for 30 minutes...
[__main__][main][INFO] 30 minutes wait completed. Starting next cycle.
[__main__][main][INFO] Starting new data collection cycle...
[__main__][main][INFO] _run_collection_cycle started.
[__main__][init][INFO] Initializing Chrome driver...
[login.login_bgf][login][INFO] Login script executed
[login.login_bgf][login][DEBUG] [ê²€ì¦] ë¹„ë°€ë²ˆí˜¸ í•„ë“œ ê°’: 1113
[login.login_bgf][login][INFO] Login succeeded
[utils.popup_util][modal_closer][INFO] Attempt 1/5 to find and close popups.
[utils.popup_util][modal_closer][INFO] Successfully simulated click on a popup close element.
[utils.popup_util][modal_closer][INFO] Attempt 2/5 to find and close popups.
[utils.popup_util][modal_closer][INFO] Successfully simulated click on a popup close element.
[utils.popup_util][modal_closer][INFO] Attempt 3/5 to find and close popups.
[utils.popup_util][modal_closer][INFO] Successfully simulated click on a popup close element.
[utils.popup_util][modal_closer][INFO] Attempt 4/5 to find and close popups.
[utils.popup_util][modal_closer][INFO] Successfully simulated click on a popup close element.
[utils.popup_util][modal_closer][INFO] Attempt 5/5 to find and close popups.
[utils.popup_util][modal_closer][INFO] Successfully simulated click on a popup close element.
[utils.popup_util][modal_closer][INFO] Finished popup closing process. Total closed: 5
[login.login_bgf][login][INFO] Closed 5 popups after login.
[__main__][login][INFO] Login successful.
[__main__][navigation][INFO] Navigating to sales page...
[__main__][navigation][DEBUG] Waiting for mix ratio page grid with selector: div[id*='gdList.body'][id*='cell_'][id$='_0:text']
[__main__][navigation][DEBUG] Mix ratio page grid found.
[__main__][navigation][INFO] Successfully navigated to sales page.
[__main__][collect][INFO] Starting data collection scripts.
[__main__][mid_category][INFO] mid_category logs: ['ğŸš€ collectMidCodes ì‹œì‘', 'ğŸ”„ ì¤‘ë¶„ë¥˜ ëª©ë¡ ìŠ¤ìº” ì‹œì‘', 'Found 18 mid-category cells.', 'Attempting to click mid-category: 001 with ID: mainframe.HFrameSet00.VFrameSet00.FrameSet.STMB011_M0.form.div_workForm.form.div2.form.gdList.body.gridrow_0.cell_0_0', '*********** íŠ¸ëœì­ì…˜ í˜¸ì¶œ ì „ svcID : searchDetail (strServiceUrl :svc::stmb011/selDetailSearch) (20250720024632)', '*********** íŠ¸ëœì­ì…˜ í˜¸ì¶œ ì „ httptimeout : 60', 'âœ… ì¤‘ë¶„ë¥˜ í´ë¦­: 001 (ë„ì‹œë½)']
[__main__][collect][INFO] Data collection complete.
[__main__][db][INFO] DB saved to c:\Users\kanur\OneDrive\ë¬¸ì„œ\GitHub\aaa\code_outputs\all_sales_data.db, inserted 1 rows
[__main__][browser_log][INFO] Extracted log data:
[__main__][browser_log][INFO] 001	ë„ì‹œë½	8809655891665	ë„)ë„˜ë²„ì›ì–‘ë…ìŒ€ì¹˜í‚¨1	1	0	0	0	0\n001	ë„ì‹œë½	8801771031802	ë„)í•œë¼ë§Œì¡±í•¨ë°•ì•¤ì¹˜í‚¨1	1	0	0	0	0
[__main__][browser_log][INFO] 015	ë¹„ìŠ¤ì¼“/ì¿ í‚¤	8801019306495	í•´íƒœ)ì´ˆì½”í™ˆëŸ°ë³¼46g	1	0	0	0	3
[__main__][browser_log][INFO] 016	ìŠ¤ë‚µë¥˜	8801043036337	ë†ì‹¬)ì˜¤ì§•ì–´ì§‘78g	1	0	0	0	14\n016	ìŠ¤ë‚µë¥˜	8801043031431	ë†ì‹¬)ì«„ë³‘ë§¤ì½¤í•œë§›	1	0	0	0	4\n016	ìŠ¤ë‚µë¥˜	8801117760908	ì˜¤ë¦¬ì˜¨)ì˜¤ì§•ì–´ë•…ì½©98g	1	0	0	0	15\n016	ìŠ¤ë‚µë¥˜	8886467100055	í”„ë§ê¸€ìŠ¤)í•«ìŠ¤íŒŒì´ì‹œ110g	1	0	0	0	2
[__main__][browser_log][INFO] 020	ìº”ë””	8801117339302	ì˜¤ë¦¬ì˜¨)ì™•ê¿ˆí‹€ì´ì ¤ë¦¬67g	1	0	0	0	3
[__main__][browser_log][INFO] 023	ìœ¡ê°€ê³µë¥˜	8801898163844	í‹°ë‹ˆí•‘)ë½€ë½€í•‘ë©”ì¶”ë¦¬ì•Œ5ì…	1	0	0	0	2\n023	ìœ¡ê°€ê³µë¥˜	8801898162847	í–‰ë³µ)ë©”ì¶”ë¦¬ì•Œì™ì™5ì…	1	0	0	0	2
[__main__][browser_log][INFO] 035	ëƒ‰ì¥ì¦‰ì„ì‹	8809265025214	ê³ ë˜ì‚¬)ì–´ë¬µíƒ•ì‹œì›í•œë§›	1	0	0	0	2\n035	ëƒ‰ì¥ì¦‰ì„ì‹	8809948344021	íŒ”ë„í•œë¼)ì§¬ë½•ìˆœë‘ë¶€êµ­ë°¥	1	0	0	0	0
[__main__][browser_log][INFO] 040	ê¸°ëŠ¥ê±´ê°•ìŒë£Œ	4897036691007	ì½”ì¹´)ëª¬ìŠ¤í„°ì—ë„ˆì§€ìº”355ml	4	0	0	0	7\n040	ê¸°ëŠ¥ê±´ê°•ìŒë£Œ	4897036694534	ì½”ì¹´)ëª¬ìŠ¤í„°íŒŒí”¼ìš©ìº”355	1	0	0	0	5
[__main__][browser_log][INFO] 041	ìƒìˆ˜	8801056055189	ë¡¯ë°)íŠ¸ë ˆë¹„ë¼ì„P500ml	2	0	0	0	3
[__main__][browser_log][INFO] 042	ì»¤í”¼ìŒë£Œ	8801037020519	ìŠ¤ë²…)ì‹œê·¸ë‹ˆì²˜ì´ˆì½œë¦¿200ml	1	0	0	0	7
[__main__][browser_log][INFO] 043	ì°¨ìŒë£Œ	8806002009391	ê´‘ë™)ì§„í•œí—›ê°œì°¨P1.5L	1	0	0	0	2
[__main__][browser_log][INFO] 044	íƒ„ì‚°ìŒë£Œ	8801094017606	ì½”ì¹´)ì½”ì¹´ì½œë¼P500ml	1	0	0	0	9\n044	íƒ„ì‚°ìŒë£Œ	8809495077793	í´ë£¹)ì œë¡œì†Œë‹¤ë ˆëª¬ìº”500ml	1	0	0	0	6\n044	íƒ„ì‚°ìŒë£Œ	8809495075478	í´ë£¹)ì œë¡œì†Œë‹¤í¬ë„ìº”500ml	2	0	0	0	3\n044	íƒ„ì‚°ìŒë£Œ	8806004000945	í˜„ëŒ€)ë¯¸ì—ë¡œí™”ì´ìŠ¤íŒŒí´500	2	0	0	0	3
[__main__][browser_log][INFO] 049	ë§¥ì£¼	8801858042769	ì¹´ìŠ¤ë¼ì´íŠ¸ìº”500ml	1	0	0	0	16\n049	ë§¥ì£¼	8801858048167	ì¹´ìŠ¤ë ˆëª¬ìŠ¤í€´ì¦ˆ7.0ìº”500ml	1	0	0	0	8\n049	ë§¥ì£¼	8801119241511	í•„ë¼ì´íŠ¸í›„ë ˆì‰¬ìº”500ml	1	0	0	0	8
[__main__][browser_log][INFO] 050	ì†Œì£¼	8801048951017	ì‹ ì°¸ì´ìŠ¬ë³‘360mlì§€í•¨	1	0	0	0	24
[__main__][browser_log][INFO] 051	ì „í†µì£¼	8802521122221	êµ­ìˆœë‹¹)ìŒ€ë§‰ê±¸ë¦¬750ml	1	0	0	0	8
[__main__][browser_log][INFO] 060	í™ˆ/ì£¼ë°©ìš©í’ˆ	2200000079947	ì¢…ëŸ‰(ê°€ì •)20L	1	0	0	0	-43
[__main__][browser_log][INFO] 072	ë‹´ë°°	0000088006604	ë””ìŠ¤í”ŒëŸ¬ìŠ¤5mg	1	0	0	0	19\n072	ë‹´ë°°	8801116019397	ë ˆì¢…í”„ë Œì¹˜ì•„ì´ìŠ¤ë¸”ë‘2mg	1	0	0	0	3\n072	ë‹´ë°°	8801116007172	ë ˆì¢…í”„ë Œì¹˜ìš”ê³ 1ã	1	0	0	0	9\n072	ë‹´ë°°	0000088017655	ë§ë³´ë¡œí•˜ì´ë¸Œë¦¬ë“œ5mg	1	0	0	0	23\n072	ë‹´ë°°	8801116005314	ì—ì„ì²´ì¸ì§€1mg	1	0	0	0	17
[__main__][browser_log][INFO] 073	ì „ìë‹´ë°°	0000088024189	í…Œë¦¬ì•„ë¸”ë™ë£¨ë¹„	2	0	0	0	19\n073	ì „ìë‹´ë°°	0000088023014	í…Œë¦¬ì•„ë¸”ë£¨	1	0	0	0	21\n073	ì „ìë‹´ë°°	0000088024134	í…Œë¦¬ì•„ì˜¤ì•„ì‹œìŠ¤í„	2	0	0	0	18
[__main__][browser_log][INFO] 900	ì†Œëª¨í’ˆ	2201148653150	ì¹œí™˜ê²½ë´‰íˆ¬íŒë§¤ìš©	2	0	0	0	-1,692
[__main__][main][INFO] Closing Chrome driver.
[__main__][main][INFO] _run_collection_cycle finished.
[__main__][main][INFO] Data collection cycle finished. Waiting for 30 minutes...
[__main__][main][INFO] 30 minutes wait completed. Starting next cycle.
[__main__][main][INFO] Starting new data collection cycle...
[__main__][main][INFO] _run_collection_cycle started.
[__main__][init][INFO] Initializing Chrome driver...
[login.login_bgf][login][INFO] Login script executed
[login.login_bgf][login][DEBUG] [ê²€ì¦] ë¹„ë°€ë²ˆí˜¸ í•„ë“œ ê°’: 1113
[login.login_bgf][login][INFO] Login succeeded
[utils.popup_util][modal_closer][INFO] Attempt 1/5 to find and close popups.
[utils.popup_util][modal_closer][INFO] Successfully simulated click on a popup close element.
[utils.popup_util][modal_closer][INFO] Attempt 2/5 to find and close popups.
[utils.popup_util][modal_closer][INFO] Successfully simulated click on a popup close element.
[utils.popup_util][modal_closer][INFO] Attempt 3/5 to find and close popups.
[utils.popup_util][modal_closer][INFO] Successfully simulated click on a popup close element.
[utils.popup_util][modal_closer][INFO] Attempt 4/5 to find and close popups.
[utils.popup_util][modal_closer][INFO] Successfully simulated click on a popup close element.
[utils.popup_util][modal_closer][INFO] Attempt 5/5 to find and close popups.
[utils.popup_util][modal_closer][INFO] Successfully simulated click on a popup close element.
[utils.popup_util][modal_closer][INFO] Finished popup closing process. Total closed: 5
[login.login_bgf][login][INFO] Closed 5 popups after login.
[__main__][login][INFO] Login successful.
[__main__][navigation][INFO] Navigating to sales page...
[__main__][navigation][DEBUG] Waiting for mix ratio page grid with selector: div[id*='gdList.body'][id*='cell_'][id$='_0:text']
[__main__][navigation][DEBUG] Mix ratio page grid found.
[__main__][navigation][INFO] Successfully navigated to sales page.
[__main__][collect][INFO] Starting data collection scripts.
[__main__][mid_category][INFO] mid_category logs: ['ğŸš€ collectMidCodes ì‹œì‘', 'ğŸ”„ ì¤‘ë¶„ë¥˜ ëª©ë¡ ìŠ¤ìº” ì‹œì‘', 'Found 21 mid-category cells.', 'Attempting to click mid-category: 001 with ID: mainframe.HFrameSet00.VFrameSet00.FrameSet.STMB011_M0.form.div_workForm.form.div2.form.gdList.body.gridrow_0.cell_0_0', '*********** íŠ¸ëœì­ì…˜ í˜¸ì¶œ ì „ svcID : searchDetail (strServiceUrl :svc::stmb011/selDetailSearch) (20250720031730)', '*********** íŠ¸ëœì­ì…˜ í˜¸ì¶œ ì „ httptimeout : 60', 'âœ… ì¤‘ë¶„ë¥˜ í´ë¦­: 001 (ë„ì‹œë½)']
[__main__][collect][INFO] Data collection complete.
[__main__][db][INFO] DB saved to c:\Users\kanur\OneDrive\ë¬¸ì„œ\GitHub\aaa\code_outputs\all_sales_data.db, inserted 2 rows
[__main__][browser_log][INFO] Extracted log data:
[__main__][browser_log][INFO] 001	ë„ì‹œë½	8809655891665	ë„)ë„˜ë²„ì›ì–‘ë…ìŒ€ì¹˜í‚¨1	1	0	0	0	0\n001	ë„ì‹œë½	8801771031802	ë„)í•œë¼ë§Œì¡±í•¨ë°•ì•¤ì¹˜í‚¨1	1	0	0	0	0
[__main__][browser_log][INFO] 002	ì£¼ë¨¹ë°¥	8809655891665	ë„)ë„˜ë²„ì›ì–‘ë…ìŒ€ì¹˜í‚¨1	1	0	0	0	0\n002	ì£¼ë¨¹ë°¥	8801771031802	ë„)í•œë¼ë§Œì¡±í•¨ë°•ì•¤ì¹˜í‚¨1	1	0	0	0	0
[__main__][browser_log][INFO] 015	ë¹„ìŠ¤ì¼“/ì¿ í‚¤	8801019306495	í•´íƒœ)ì´ˆì½”í™ˆëŸ°ë³¼46g	1	0	0	0	3
[__main__][browser_log][INFO] 016	ìŠ¤ë‚µë¥˜	8801043036337	ë†ì‹¬)ì˜¤ì§•ì–´ì§‘78g	1	0	0	0	14\n016	ìŠ¤ë‚µë¥˜	8801043031431	ë†ì‹¬)ì«„ë³‘ë§¤ì½¤í•œë§›	1	0	0	0	4\n016	ìŠ¤ë‚µë¥˜	8801117760908	ì˜¤ë¦¬ì˜¨)ì˜¤ì§•ì–´ë•…ì½©98g	1	0	0	0	15\n016	ìŠ¤ë‚µë¥˜	8886467100055	í”„ë§ê¸€ìŠ¤)í•«ìŠ¤íŒŒì´ì‹œ110g	1	0	0	0	2
[__main__][browser_log][INFO] 020	ìº”ë””	8801117339302	ì˜¤ë¦¬ì˜¨)ì™•ê¿ˆí‹€ì´ì ¤ë¦¬67g	1	0	0	0	3
[__main__][browser_log][INFO] 023	ìœ¡ê°€ê³µë¥˜	8801898163844	í‹°ë‹ˆí•‘)ë½€ë½€í•‘ë©”ì¶”ë¦¬ì•Œ5ì…	1	0	0	0	2\n023	ìœ¡ê°€ê³µë¥˜	8801898162847	í–‰ë³µ)ë©”ì¶”ë¦¬ì•Œì™ì™5ì…	1	0	0	0	2
[__main__][browser_log][INFO] 035	ëƒ‰ì¥ì¦‰ì„ì‹	8809265025214	ê³ ë˜ì‚¬)ì–´ë¬µíƒ•ì‹œì›í•œë§›	1	0	0	0	2\n035	ëƒ‰ì¥ì¦‰ì„ì‹	8809948344021	íŒ”ë„í•œë¼)ì§¬ë½•ìˆœë‘ë¶€êµ­ë°¥	1	0	0	0	0
[__main__][browser_log][INFO] 040	ê¸°ëŠ¥ê±´ê°•ìŒë£Œ	4897036691007	ì½”ì¹´)ëª¬ìŠ¤í„°ì—ë„ˆì§€ìº”355ml	4	0	0	0	7\n040	ê¸°ëŠ¥ê±´ê°•ìŒë£Œ	4897036694534	ì½”ì¹´)ëª¬ìŠ¤í„°íŒŒí”¼ìš©ìº”355	1	0	0	0	5
[__main__][browser_log][INFO] 041	ìƒìˆ˜	8801056055189	ë¡¯ë°)íŠ¸ë ˆë¹„ë¼ì„P500ml	2	0	0	0	3
[__main__][browser_log][INFO] 042	ì»¤í”¼ìŒë£Œ	8801037020519	ìŠ¤ë²…)ì‹œê·¸ë‹ˆì²˜ì´ˆì½œë¦¿200ml	1	0	0	0	7
[__main__][browser_log][INFO] 043	ì°¨ìŒë£Œ	8806002009391	ê´‘ë™)ì§„í•œí—›ê°œì°¨P1.5L	1	0	0	0	2
[__main__][browser_log][INFO] 044	íƒ„ì‚°ìŒë£Œ	8801094017606	ì½”ì¹´)ì½”ì¹´ì½œë¼P500ml	1	0	0	0	9\n044	íƒ„ì‚°ìŒë£Œ	8809495077793	í´ë£¹)ì œë¡œì†Œë‹¤ë ˆëª¬ìº”500ml	1	0	0	0	6\n044	íƒ„ì‚°ìŒë£Œ	8809495075478	í´ë£¹)ì œë¡œì†Œë‹¤í¬ë„ìº”500ml	2	0	0	0	3\n044	íƒ„ì‚°ìŒë£Œ	8806004000945	í˜„ëŒ€)ë¯¸ì—ë¡œí™”ì´ìŠ¤íŒŒí´500	2	0	0	0	3
[__main__][browser_log][INFO] 047	ìš°ìœ 	8801155745394	ë™ì›)ê°€ë‚˜ë””ë”¸ê¸°ìš°ìœ 500ml	1	0	0	0	2
[__main__][browser_log][INFO] 049	ë§¥ì£¼	8801858042769	ì¹´ìŠ¤ë¼ì´íŠ¸ìº”500ml	1	0	0	0	16\n049	ë§¥ì£¼	8801858048167	ì¹´ìŠ¤ë ˆëª¬ìŠ¤í€´ì¦ˆ7.0ìº”500ml	1	0	0	0	8\n049	ë§¥ì£¼	8801119241511	í•„ë¼ì´íŠ¸í›„ë ˆì‰¬ìº”500ml	1	0	0	0	8
[__main__][browser_log][INFO] 050	ì†Œì£¼	8801048951017	ì‹ ì°¸ì´ìŠ¬ë³‘360mlì§€í•¨	1	0	0	0	24\n050	ì†Œì£¼	8801152136676	ì²˜ìŒì²˜ëŸ¼ìƒˆë¡œë³‘360ml	1	0	0	0	21
[__main__][browser_log][INFO] 051	ì „í†µì£¼	8802521122221	êµ­ìˆœë‹¹)ìŒ€ë§‰ê±¸ë¦¬750ml	1	0	0	0	8
[__main__][browser_log][INFO] 058	ì˜ë¥˜ìš©í’ˆ	8806366723414	ì—¬ì„±ë°œëª©ì–‘ë§	1	0	0	0	26
[__main__][browser_log][INFO] 060	í™ˆ/ì£¼ë°©ìš©í’ˆ	2200000079947	ì¢…ëŸ‰(ê°€ì •)20L	1	0	0	0	-43
[__main__][browser_log][INFO] 072	ë‹´ë°°	0000088006604	ë””ìŠ¤í”ŒëŸ¬ìŠ¤5mg	1	0	0	0	19\n072	ë‹´ë°°	8801116019397	ë ˆì¢…í”„ë Œì¹˜ì•„ì´ìŠ¤ë¸”ë‘2mg	1	0	0	0	3\n072	ë‹´ë°°	8801116007172	ë ˆì¢…í”„ë Œì¹˜ìš”ê³ 1ã	1	0	0	0	9\n072	ë‹´ë°°	0000088017655	ë§ë³´ë¡œí•˜ì´ë¸Œë¦¬ë“œ5mg	1	0	0	0	23\n072	ë‹´ë°°	8801116005314	ì—ì„ì²´ì¸ì§€1mg	1	0	0	0	17
[__main__][browser_log][INFO] 073	ì „ìë‹´ë°°	0000088024189	í…Œë¦¬ì•„ë¸”ë™ë£¨ë¹„	2	0	0	0	19\n073	ì „ìë‹´ë°°	0000088023014	í…Œë¦¬ì•„ë¸”ë£¨	1	0	0	0	21\n073	ì „ìë‹´ë°°	0000088024134	í…Œë¦¬ì•„ì˜¤ì•„ì‹œìŠ¤í„	2	0	0	0	18
[__main__][browser_log][INFO] 900	ì†Œëª¨í’ˆ	2201148653150	ì¹œí™˜ê²½ë´‰íˆ¬íŒë§¤ìš©	2	0	0	0	-1,692
[__main__][main][INFO] Closing Chrome driver.
[__main__][main][INFO] _run_collection_cycle finished.
[__main__][main][INFO] Data collection cycle finished. Waiting for 30 minutes...
[__main__][main][INFO] 30 minutes wait completed. Starting next cycle.
[__main__][main][INFO] Starting new data collection cycle...
[__main__][main][INFO] _run_collection_cycle started.
[__main__][init][INFO] Initializing Chrome driver...
[login.login_bgf][login][INFO] Login script executed
[login.login_bgf][login][DEBUG] [ê²€ì¦] ë¹„ë°€ë²ˆí˜¸ í•„ë“œ ê°’: 1113
[login.login_bgf][login][INFO] Login succeeded
[utils.popup_util][modal_closer][INFO] Attempt 1/5 to find and close popups.
[utils.popup_util][modal_closer][INFO] Successfully simulated click on a popup close element.
[utils.popup_util][modal_closer][INFO] Attempt 2/5 to find and close popups.
[utils.popup_util][modal_closer][INFO] Successfully simulated click on a popup close element.
[utils.popup_util][modal_closer][INFO] Attempt 3/5 to find and close popups.
[utils.popup_util][modal_closer][INFO] Successfully simulated click on a popup close element.
[utils.popup_util][modal_closer][INFO] Attempt 4/5 to find and close popups.
[utils.popup_util][modal_closer][INFO] Successfully simulated click on a popup close element.
[utils.popup_util][modal_closer][INFO] Attempt 5/5 to find and close popups.
[utils.popup_util][modal_closer][INFO] Successfully simulated click on a popup close element.
[utils.popup_util][modal_closer][INFO] Finished popup closing process. Total closed: 5
[login.login_bgf][login][INFO] Closed 5 popups after login.
[__main__][login][INFO] Login successful.
[__main__][navigation][INFO] Navigating to sales page...
[__main__][navigation][DEBUG] Waiting for mix ratio page grid with selector: div[id*='gdList.body'][id*='cell_'][id$='_0:text']
[__main__][navigation][DEBUG] Mix ratio page grid found.
[__main__][navigation][INFO] Successfully navigated to sales page.
[__main__][collect][INFO] Starting data collection scripts.
[__main__][mid_category][INFO] mid_category logs: ['ğŸš€ collectMidCodes ì‹œì‘', 'ğŸ”„ ì¤‘ë¶„ë¥˜ ëª©ë¡ ìŠ¤ìº” ì‹œì‘', 'Found 21 mid-category cells.', 'Attempting to click mid-category: 001 with ID: mainframe.HFrameSet00.VFrameSet00.FrameSet.STMB011_M0.form.div_workForm.form.div2.form.gdList.body.gridrow_0.cell_0_0', '*********** íŠ¸ëœì­ì…˜ í˜¸ì¶œ ì „ svcID : searchDetail (strServiceUrl :svc::stmb011/selDetailSearch) (20250720034834)', '*********** íŠ¸ëœì­ì…˜ í˜¸ì¶œ ì „ httptimeout : 60', 'âœ… ì¤‘ë¶„ë¥˜ í´ë¦­: 001 (ë„ì‹œë½)']
[__main__][collect][INFO] Data collection complete.
[__main__][db][INFO] DB saved to c:\Users\kanur\OneDrive\ë¬¸ì„œ\GitHub\aaa\code_outputs\all_sales_data.db, inserted 0 rows
[__main__][browser_log][INFO] Extracted log data:
[__main__][browser_log][INFO] 001	ë„ì‹œë½	8809655891665	ë„)ë„˜ë²„ì›ì–‘ë…ìŒ€ì¹˜í‚¨1	1	0	0	0	0\n001	ë„ì‹œë½	8801771031802	ë„)í•œë¼ë§Œì¡±í•¨ë°•ì•¤ì¹˜í‚¨1	1	0	0	0	0
[__main__][browser_log][INFO] 002	ì£¼ë¨¹ë°¥	8809655891665	ë„)ë„˜ë²„ì›ì–‘ë…ìŒ€ì¹˜í‚¨1	1	0	0	0	0\n002	ì£¼ë¨¹ë°¥	8801771031802	ë„)í•œë¼ë§Œì¡±í•¨ë°•ì•¤ì¹˜í‚¨1	1	0	0	0	0
[__main__][browser_log][INFO] 015	ë¹„ìŠ¤ì¼“/ì¿ í‚¤	8801019306495	í•´íƒœ)ì´ˆì½”í™ˆëŸ°ë³¼46g	1	0	0	0	3
[__main__][browser_log][INFO] 016	ìŠ¤ë‚µë¥˜	8801043036337	ë†ì‹¬)ì˜¤ì§•ì–´ì§‘78g	1	0	0	0	14\n016	ìŠ¤ë‚µë¥˜	8801043031431	ë†ì‹¬)ì«„ë³‘ë§¤ì½¤í•œë§›	1	0	0	0	4\n016	ìŠ¤ë‚µë¥˜	8801117760908	ì˜¤ë¦¬ì˜¨)ì˜¤ì§•ì–´ë•…ì½©98g	1	0	0	0	15\n016	ìŠ¤ë‚µë¥˜	8886467100055	í”„ë§ê¸€ìŠ¤)í•«ìŠ¤íŒŒì´ì‹œ110g	1	0	0	0	2
[__main__][browser_log][INFO] 020	ìº”ë””	8801117339302	ì˜¤ë¦¬ì˜¨)ì™•ê¿ˆí‹€ì´ì ¤ë¦¬67g	1	0	0	0	3
[__main__][browser_log][INFO] 023	ìœ¡ê°€ê³µë¥˜	8801898163844	í‹°ë‹ˆí•‘)ë½€ë½€í•‘ë©”ì¶”ë¦¬ì•Œ5ì…	1	0	0	0	2\n023	ìœ¡ê°€ê³µë¥˜	8801898162847	í–‰ë³µ)ë©”ì¶”ë¦¬ì•Œì™ì™5ì…	1	0	0	0	2
[__main__][browser_log][INFO] 035	ëƒ‰ì¥ì¦‰ì„ì‹	8809265025214	ê³ ë˜ì‚¬)ì–´ë¬µíƒ•ì‹œì›í•œë§›	1	0	0	0	2\n035	ëƒ‰ì¥ì¦‰ì„ì‹	8809948344021	íŒ”ë„í•œë¼)ì§¬ë½•ìˆœë‘ë¶€êµ­ë°¥	1	0	0	0	0
[__main__][browser_log][INFO] 040	ê¸°ëŠ¥ê±´ê°•ìŒë£Œ	4897036691007	ì½”ì¹´)ëª¬ìŠ¤í„°ì—ë„ˆì§€ìº”355ml	4	0	0	0	7\n040	ê¸°ëŠ¥ê±´ê°•ìŒë£Œ	4897036694534	ì½”ì¹´)ëª¬ìŠ¤í„°íŒŒí”¼ìš©ìº”355	1	0	0	0	5
[__main__][browser_log][INFO] 041	ìƒìˆ˜	8801056055189	ë¡¯ë°)íŠ¸ë ˆë¹„ë¼ì„P500ml	2	0	0	0	3
[__main__][browser_log][INFO] 042	ì»¤í”¼ìŒë£Œ	8801037020519	ìŠ¤ë²…)ì‹œê·¸ë‹ˆì²˜ì´ˆì½œë¦¿200ml	1	0	0	0	7
[__main__][browser_log][INFO] 043	ì°¨ìŒë£Œ	8806002009391	ê´‘ë™)ì§„í•œí—›ê°œì°¨P1.5L	1	0	0	0	2
[__main__][browser_log][INFO] 044	íƒ„ì‚°ìŒë£Œ	8801094017606	ì½”ì¹´)ì½”ì¹´ì½œë¼P500ml	1	0	0	0	9\n044	íƒ„ì‚°ìŒë£Œ	8809495077793	í´ë£¹)ì œë¡œì†Œë‹¤ë ˆëª¬ìº”500ml	1	0	0	0	6\n044	íƒ„ì‚°ìŒë£Œ	8809495075478	í´ë£¹)ì œë¡œì†Œë‹¤í¬ë„ìº”500ml	2	0	0	0	3\n044	íƒ„ì‚°ìŒë£Œ	8806004000945	í˜„ëŒ€)ë¯¸ì—ë¡œí™”ì´ìŠ¤íŒŒí´500	2	0	0	0	3
[__main__][browser_log][INFO] 047	ìš°ìœ 	8801155745394	ë™ì›)ê°€ë‚˜ë””ë”¸ê¸°ìš°ìœ 500ml	1	0	0	0	2
[__main__][browser_log][INFO] 049	ë§¥ì£¼	4901004006813	ì•„ì‚¬íˆìº”500ml	1	0	0	0	11\n049	ë§¥ì£¼	8801858042769	ì¹´ìŠ¤ë¼ì´íŠ¸ìº”500ml	1	0	0	0	16\n049	ë§¥ì£¼	8801858048167	ì¹´ìŠ¤ë ˆëª¬ìŠ¤í€´ì¦ˆ7.0ìº”500ml	1	0	0	0	8\n049	ë§¥ì£¼	8801119241511	í•„ë¼ì´íŠ¸í›„ë ˆì‰¬ìº”500ml	1	0	0	0	8
[__main__][browser_log][INFO] 050	ì†Œì£¼	8801048951017	ì‹ ì°¸ì´ìŠ¬ë³‘360mlì§€í•¨	1	0	0	0	24\n050	ì†Œì£¼	8801152136676	ì²˜ìŒì²˜ëŸ¼ìƒˆë¡œë³‘360ml	1	0	0	0	21
[__main__][browser_log][INFO] 051	ì „í†µì£¼	8802521122221	êµ­ìˆœë‹¹)ìŒ€ë§‰ê±¸ë¦¬750ml	1	0	0	0	8
[__main__][browser_log][INFO] 058	ì˜ë¥˜ìš©í’ˆ	8806366723414	ì—¬ì„±ë°œëª©ì–‘ë§	1	0	0	0	26
[__main__][browser_log][INFO] 060	í™ˆ/ì£¼ë°©ìš©í’ˆ	2200000079947	ì¢…ëŸ‰(ê°€ì •)20L	1	0	0	0	-43
[__main__][browser_log][INFO] 072	ë‹´ë°°	0000088006604	ë””ìŠ¤í”ŒëŸ¬ìŠ¤5mg	1	0	0	0	19\n072	ë‹´ë°°	8801116019397	ë ˆì¢…í”„ë Œì¹˜ì•„ì´ìŠ¤ë¸”ë‘2mg	1	0	0	0	3\n072	ë‹´ë°°	8801116007172	ë ˆì¢…í”„ë Œì¹˜ìš”ê³ 1ã	1	0	0	0	9\n072	ë‹´ë°°	0000088017655	ë§ë³´ë¡œí•˜ì´ë¸Œë¦¬ë“œ5mg	1	0	0	0	23\n072	ë‹´ë°°	8801116005314	ì—ì„ì²´ì¸ì§€1mg	1	0	0	0	17
[__main__][browser_log][INFO] 073	ì „ìë‹´ë°°	0000088024189	í…Œë¦¬ì•„ë¸”ë™ë£¨ë¹„	2	0	0	0	19\n073	ì „ìë‹´ë°°	0000088023014	í…Œë¦¬ì•„ë¸”ë£¨	1	0	0	0	21\n073	ì „ìë‹´ë°°	0000088024134	í…Œë¦¬ì•„ì˜¤ì•„ì‹œìŠ¤í„	2	0	0	0	18
[__main__][browser_log][INFO] 900	ì†Œëª¨í’ˆ	2201148653150	ì¹œí™˜ê²½ë´‰íˆ¬íŒë§¤ìš©	2	0	0	0	-1,692
[__main__][main][INFO] Closing Chrome driver.
[__main__][main][INFO] _run_collection_cycle finished.
[__main__][main][INFO] Data collection cycle finished. Waiting for 30 minutes...
[__main__][main][INFO] 30 minutes wait completed. Starting next cycle.
[__main__][main][INFO] Starting new data collection cycle...
[__main__][main][INFO] _run_collection_cycle started.
[__main__][init][INFO] Initializing Chrome driver...
[login.login_bgf][login][INFO] Login script executed
[login.login_bgf][login][DEBUG] [ê²€ì¦] ë¹„ë°€ë²ˆí˜¸ í•„ë“œ ê°’: 1113
[login.login_bgf][login][INFO] Login succeeded
[utils.popup_util][modal_closer][INFO] Attempt 1/5 to find and close popups.
[utils.popup_util][modal_closer][INFO] Successfully simulated click on a popup close element.
[utils.popup_util][modal_closer][INFO] Attempt 2/5 to find and close popups.
[utils.popup_util][modal_closer][INFO] Successfully simulated click on a popup close element.
[utils.popup_util][modal_closer][INFO] Attempt 3/5 to find and close popups.
[utils.popup_util][modal_closer][INFO] Successfully simulated click on a popup close element.
[utils.popup_util][modal_closer][INFO] Attempt 4/5 to find and close popups.
[utils.popup_util][modal_closer][INFO] Successfully simulated click on a popup close element.
[utils.popup_util][modal_closer][INFO] Attempt 5/5 to find and close popups.
[utils.popup_util][modal_closer][INFO] Successfully simulated click on a popup close element.
[utils.popup_util][modal_closer][INFO] Finished popup closing process. Total closed: 5
[login.login_bgf][login][INFO] Closed 5 popups after login.
[__main__][login][INFO] Login successful.
[__main__][navigation][INFO] Navigating to sales page...
[__main__][navigation][DEBUG] Waiting for mix ratio page grid with selector: div[id*='gdList.body'][id*='cell_'][id$='_0:text']
[__main__][navigation][DEBUG] Mix ratio page grid found.
[__main__][navigation][INFO] Successfully navigated to sales page.
[__main__][collect][INFO] Starting data collection scripts.
[__main__][mid_category][INFO] mid_category logs: ['ğŸš€ collectMidCodes ì‹œì‘', 'ğŸ”„ ì¤‘ë¶„ë¥˜ ëª©ë¡ ìŠ¤ìº” ì‹œì‘', 'Found 22 mid-category cells.', 'Attempting to click mid-category: 001 with ID: mainframe.HFrameSet00.VFrameSet00.FrameSet.STMB011_M0.form.div_workForm.form.div2.form.gdList.body.gridrow_0.cell_0_0', '*********** íŠ¸ëœì­ì…˜ í˜¸ì¶œ ì „ svcID : searchDetail (strServiceUrl :svc::stmb011/selDetailSearch) (20250720041938)', '*********** íŠ¸ëœì­ì…˜ í˜¸ì¶œ ì „ httptimeout : 60', 'âœ… ì¤‘ë¶„ë¥˜ í´ë¦­: 001 (ë„ì‹œë½)']
[__main__][collect][INFO] Data collection complete.
[__main__][db][INFO] DB saved to c:\Users\kanur\OneDrive\ë¬¸ì„œ\GitHub\aaa\code_outputs\all_sales_data.db, inserted 2 rows
[__main__][browser_log][INFO] Extracted log data:
[__main__][browser_log][INFO] 001	ë„ì‹œë½	8809655891665	ë„)ë„˜ë²„ì›ì–‘ë…ìŒ€ì¹˜í‚¨1	1	0	0	0	0\n001	ë„ì‹œë½	8801771031802	ë„)í•œë¼ë§Œì¡±í•¨ë°•ì•¤ì¹˜í‚¨1	1	0	0	0	0
[__main__][browser_log][INFO] 002	ì£¼ë¨¹ë°¥	8809655891665	ë„)ë„˜ë²„ì›ì–‘ë…ìŒ€ì¹˜í‚¨1	1	0	0	0	0\n002	ì£¼ë¨¹ë°¥	8801771031802	ë„)í•œë¼ë§Œì¡±í•¨ë°•ì•¤ì¹˜í‚¨1	1	0	0	0	0
[__main__][browser_log][INFO] 005	í–„ë²„ê±°ë¥˜	8801068933475	í–„)3ë‹¨ë§¥ìŠ¤ìˆ¯ë¶ˆë°”ë² í1	1	0	0	0	0
[__main__][browser_log][INFO] 015	ë¹„ìŠ¤ì¼“/ì¿ í‚¤	8801019306495	í•´íƒœ)ì´ˆì½”í™ˆëŸ°ë³¼46g	1	0	0	0	3
[__main__][browser_log][INFO] 016	ìŠ¤ë‚µë¥˜	8801043036337	ë†ì‹¬)ì˜¤ì§•ì–´ì§‘78g	1	0	0	0	14\n016	ìŠ¤ë‚µë¥˜	8801043031431	ë†ì‹¬)ì«„ë³‘ë§¤ì½¤í•œë§›	1	0	0	0	4\n016	ìŠ¤ë‚µë¥˜	8801117760908	ì˜¤ë¦¬ì˜¨)ì˜¤ì§•ì–´ë•…ì½©98g	1	0	0	0	15\n016	ìŠ¤ë‚µë¥˜	8886467100055	í”„ë§ê¸€ìŠ¤)í•«ìŠ¤íŒŒì´ì‹œ110g	1	0	0	0	2
[__main__][browser_log][INFO] 020	ìº”ë””	8801117339302	ì˜¤ë¦¬ì˜¨)ì™•ê¿ˆí‹€ì´ì ¤ë¦¬67g	1	0	0	0	3
[__main__][browser_log][INFO] 023	ìœ¡ê°€ê³µë¥˜	8801898163844	í‹°ë‹ˆí•‘)ë½€ë½€í•‘ë©”ì¶”ë¦¬ì•Œ5ì…	1	0	0	0	2\n023	ìœ¡ê°€ê³µë¥˜	8801898162847	í–‰ë³µ)ë©”ì¶”ë¦¬ì•Œì™ì™5ì…	1	0	0	0	2
[__main__][browser_log][INFO] 035	ëƒ‰ì¥ì¦‰ì„ì‹	8809265025214	ê³ ë˜ì‚¬)ì–´ë¬µíƒ•ì‹œì›í•œë§›	1	0	0	0	2\n035	ëƒ‰ì¥ì¦‰ì„ì‹	8809948344021	íŒ”ë„í•œë¼)ì§¬ë½•ìˆœë‘ë¶€êµ­ë°¥	1	0	0	0	0
[__main__][browser_log][INFO] 040	ê¸°ëŠ¥ê±´ê°•ìŒë£Œ	4897036691007	ì½”ì¹´)ëª¬ìŠ¤í„°ì—ë„ˆì§€ìº”355ml	4	0	0	0	7\n040	ê¸°ëŠ¥ê±´ê°•ìŒë£Œ	4897036694534	ì½”ì¹´)ëª¬ìŠ¤í„°íŒŒí”¼ìš©ìº”355	1	0	0	0	5
[__main__][browser_log][INFO] 041	ìƒìˆ˜	8801056055189	ë¡¯ë°)íŠ¸ë ˆë¹„ë¼ì„P500ml	2	0	0	0	3
[__main__][browser_log][INFO] 042	ì»¤í”¼ìŒë£Œ	8801037020519	ìŠ¤ë²…)ì‹œê·¸ë‹ˆì²˜ì´ˆì½œë¦¿200ml	1	0	0	0	7
[__main__][browser_log][INFO] 043	ì°¨ìŒë£Œ	8806002009391	ê´‘ë™)ì§„í•œí—›ê°œì°¨P1.5L	1	0	0	0	2
[__main__][browser_log][INFO] 044	íƒ„ì‚°ìŒë£Œ	8801094017606	ì½”ì¹´)ì½”ì¹´ì½œë¼P500ml	1	0	0	0	9\n044	íƒ„ì‚°ìŒë£Œ	8809495077793	í´ë£¹)ì œë¡œì†Œë‹¤ë ˆëª¬ìº”500ml	1	0	0	0	6\n044	íƒ„ì‚°ìŒë£Œ	8809495075478	í´ë£¹)ì œë¡œì†Œë‹¤í¬ë„ìº”500ml	2	0	0	0	3\n044	íƒ„ì‚°ìŒë£Œ	8806004000945	í˜„ëŒ€)ë¯¸ì—ë¡œí™”ì´ìŠ¤íŒŒí´500	2	0	0	0	3
[__main__][browser_log][INFO] 047	ìš°ìœ 	8801155745394	ë™ì›)ê°€ë‚˜ë””ë”¸ê¸°ìš°ìœ 500ml	1	0	0	0	2
[__main__][browser_log][INFO] 049	ë§¥ì£¼	4901004006813	ì•„ì‚¬íˆìº”500ml	1	0	0	0	11\n049	ë§¥ì£¼	8801858042769	ì¹´ìŠ¤ë¼ì´íŠ¸ìº”500ml	1	0	0	0	16\n049	ë§¥ì£¼	8801858048167	ì¹´ìŠ¤ë ˆëª¬ìŠ¤í€´ì¦ˆ7.0ìº”500ml	1	0	0	0	8\n049	ë§¥ì£¼	8801119241511	í•„ë¼ì´íŠ¸í›„ë ˆì‰¬ìº”500ml	1	0	0	0	8
[__main__][browser_log][INFO] 050	ì†Œì£¼	8801048951017	ì‹ ì°¸ì´ìŠ¬ë³‘360mlì§€í•¨	1	0	0	0	24\n050	ì†Œì£¼	8801152136676	ì²˜ìŒì²˜ëŸ¼ìƒˆë¡œë³‘360ml	1	0	0	0	21
[__main__][browser_log][INFO] 051	ì „í†µì£¼	8802521122221	êµ­ìˆœë‹¹)ìŒ€ë§‰ê±¸ë¦¬750ml	1	0	0	0	8
[__main__][browser_log][INFO] 058	ì˜ë¥˜ìš©í’ˆ	8806366723414	ì—¬ì„±ë°œëª©ì–‘ë§	1	0	0	0	26
[__main__][browser_log][INFO] 060	í™ˆ/ì£¼ë°©ìš©í’ˆ	2200000079947	ì¢…ëŸ‰(ê°€ì •)20L	1	0	0	0	-43
[__main__][browser_log][INFO] 072	ë‹´ë°°	0000088006604	ë””ìŠ¤í”ŒëŸ¬ìŠ¤5mg	1	0	0	0	19\n072	ë‹´ë°°	8801116019397	ë ˆì¢…í”„ë Œì¹˜ì•„ì´ìŠ¤ë¸”ë‘2mg	1	0	0	0	3\n072	ë‹´ë°°	8801116007172	ë ˆì¢…í”„ë Œì¹˜ìš”ê³ 1ã	1	0	0	0	9\n072	ë‹´ë°°	0000088017655	ë§ë³´ë¡œí•˜ì´ë¸Œë¦¬ë“œ5mg	1	0	0	0	23\n072	ë‹´ë°°	0000088011158	ì‹œì¦Œ2mg	2	0	0	0	13\n072	ë‹´ë°°	8801116005314	ì—ì„ì²´ì¸ì§€1mg	1	0	0	0	17
[__main__][browser_log][INFO] 073	ì „ìë‹´ë°°	0000088024189	í…Œë¦¬ì•„ë¸”ë™ë£¨ë¹„	2	0	0	0	19\n073	ì „ìë‹´ë°°	0000088023014	í…Œë¦¬ì•„ë¸”ë£¨	1	0	0	0	21\n073	ì „ìë‹´ë°°	0000088024134	í…Œë¦¬ì•„ì˜¤ì•„ì‹œìŠ¤í„	2	0	0	0	18
[__main__][browser_log][INFO] 900	ì†Œëª¨í’ˆ	2201148653150	ì¹œí™˜ê²½ë´‰íˆ¬íŒë§¤ìš©	2	0	0	0	-1,692
[__main__][main][INFO] Closing Chrome driver.
[__main__][main][INFO] _run_collection_cycle finished.
[__main__][main][INFO] Data collection cycle finished. Waiting for 30 minutes...
[__main__][main][INFO] 30 minutes wait completed. Starting next cycle.
[__main__][main][INFO] Starting new data collection cycle...
[__main__][main][INFO] _run_collection_cycle started.
[__main__][init][INFO] Initializing Chrome driver...
[login.login_bgf][login][INFO] Login script executed
[login.login_bgf][login][DEBUG] [ê²€ì¦] ë¹„ë°€ë²ˆí˜¸ í•„ë“œ ê°’: 1113
[login.login_bgf][login][INFO] Login succeeded
[utils.popup_util][modal_closer][INFO] Attempt 1/5 to find and close popups.
[utils.popup_util][modal_closer][INFO] Successfully simulated click on a popup close element.
[utils.popup_util][modal_closer][INFO] Attempt 2/5 to find and close popups.
[utils.popup_util][modal_closer][INFO] Successfully simulated click on a popup close element.
[utils.popup_util][modal_closer][INFO] Attempt 3/5 to find and close popups.
[utils.popup_util][modal_closer][INFO] Successfully simulated click on a popup close element.
[utils.popup_util][modal_closer][INFO] Attempt 4/5 to find and close popups.
[utils.popup_util][modal_closer][INFO] Successfully simulated click on a popup close element.
[utils.popup_util][modal_closer][INFO] Attempt 5/5 to find and close popups.
[utils.popup_util][modal_closer][INFO] Successfully simulated click on a popup close element.
[utils.popup_util][modal_closer][INFO] Finished popup closing process. Total closed: 5
[login.login_bgf][login][INFO] Closed 5 popups after login.
[__main__][login][INFO] Login successful.
[__main__][navigation][INFO] Navigating to sales page...
[__main__][navigation][DEBUG] Waiting for mix ratio page grid with selector: div[id*='gdList.body'][id*='cell_'][id$='_0:text']
[__main__][navigation][DEBUG] Mix ratio page grid found.
[__main__][navigation][INFO] Successfully navigated to sales page.
[__main__][collect][INFO] Starting data collection scripts.
[__main__][mid_category][INFO] mid_category logs: ['ğŸš€ collectMidCodes ì‹œì‘', 'ğŸ”„ ì¤‘ë¶„ë¥˜ ëª©ë¡ ìŠ¤ìº” ì‹œì‘', 'Found 22 mid-category cells.', 'Attempting to click mid-category: 001 with ID: mainframe.HFrameSet00.VFrameSet00.FrameSet.STMB011_M0.form.div_workForm.form.div2.form.gdList.body.gridrow_0.cell_0_0', '*********** íŠ¸ëœì­ì…˜ í˜¸ì¶œ ì „ svcID : searchDetail (strServiceUrl :svc::stmb011/selDetailSearch) (20250720045045)', '*********** íŠ¸ëœì­ì…˜ í˜¸ì¶œ ì „ httptimeout : 60', 'âœ… ì¤‘ë¶„ë¥˜ í´ë¦­: 001 (ë„ì‹œë½)']
[__main__][collect][INFO] Data collection complete.
[__main__][db][INFO] DB saved to c:\Users\kanur\OneDrive\ë¬¸ì„œ\GitHub\aaa\code_outputs\all_sales_data.db, inserted 0 rows
[__main__][browser_log][INFO] Extracted log data:
[__main__][browser_log][INFO] 001	ë„ì‹œë½	8809655891665	ë„)ë„˜ë²„ì›ì–‘ë…ìŒ€ì¹˜í‚¨1	1	0	0	0	0\n001	ë„ì‹œë½	8801771031802	ë„)í•œë¼ë§Œì¡±í•¨ë°•ì•¤ì¹˜í‚¨1	1	0	0	0	0
[__main__][browser_log][INFO] 002	ì£¼ë¨¹ë°¥	8809655891665	ë„)ë„˜ë²„ì›ì–‘ë…ìŒ€ì¹˜í‚¨1	1	0	0	0	0\n002	ì£¼ë¨¹ë°¥	8801771031802	ë„)í•œë¼ë§Œì¡±í•¨ë°•ì•¤ì¹˜í‚¨1	1	0	0	0	0
[__main__][browser_log][INFO] 005	í–„ë²„ê±°ë¥˜	8801068933475	í–„)3ë‹¨ë§¥ìŠ¤ìˆ¯ë¶ˆë°”ë² í1	1	0	0	0	0
[__main__][browser_log][INFO] 015	ë¹„ìŠ¤ì¼“/ì¿ í‚¤	8801019306495	í•´íƒœ)ì´ˆì½”í™ˆëŸ°ë³¼46g	1	0	0	0	3
[__main__][browser_log][INFO] 016	ìŠ¤ë‚µë¥˜	8801043036337	ë†ì‹¬)ì˜¤ì§•ì–´ì§‘78g	1	0	0	0	14\n016	ìŠ¤ë‚µë¥˜	8801043031431	ë†ì‹¬)ì«„ë³‘ë§¤ì½¤í•œë§›	1	0	0	0	4\n016	ìŠ¤ë‚µë¥˜	8801117760908	ì˜¤ë¦¬ì˜¨)ì˜¤ì§•ì–´ë•…ì½©98g	1	0	0	0	15\n016	ìŠ¤ë‚µë¥˜	8886467100055	í”„ë§ê¸€ìŠ¤)í•«ìŠ¤íŒŒì´ì‹œ110g	1	0	0	0	2
[__main__][browser_log][INFO] 020	ìº”ë””	8801117339302	ì˜¤ë¦¬ì˜¨)ì™•ê¿ˆí‹€ì´ì ¤ë¦¬67g	1	0	0	0	3
[__main__][browser_log][INFO] 023	ìœ¡ê°€ê³µë¥˜	8801898163844	í‹°ë‹ˆí•‘)ë½€ë½€í•‘ë©”ì¶”ë¦¬ì•Œ5ì…	1	0	0	0	2\n023	ìœ¡ê°€ê³µë¥˜	8801898162847	í–‰ë³µ)ë©”ì¶”ë¦¬ì•Œì™ì™5ì…	1	0	0	0	2
[__main__][browser_log][INFO] 032	ë©´ë¥˜	8801043015639	ë†ì‹¬)ê¹€ì¹˜ì‚¬ë°œë©´	1	0	0	0	7
[__main__][browser_log][INFO] 035	ëƒ‰ì¥ì¦‰ì„ì‹	8809265025214	ê³ ë˜ì‚¬)ì–´ë¬µíƒ•ì‹œì›í•œë§›	1	0	0	0	2\n035	ëƒ‰ì¥ì¦‰ì„ì‹	8809948344021	íŒ”ë„í•œë¼)ì§¬ë½•ìˆœë‘ë¶€êµ­ë°¥	1	0	0	0	0
[__main__][browser_log][INFO] 040	ê¸°ëŠ¥ê±´ê°•ìŒë£Œ	4897036691007	ì½”ì¹´)ëª¬ìŠ¤í„°ì—ë„ˆì§€ìº”355ml	4	0	0	0	7\n040	ê¸°ëŠ¥ê±´ê°•ìŒë£Œ	4897036694534	ì½”ì¹´)ëª¬ìŠ¤í„°íŒŒí”¼ìš©ìº”355	1	0	0	0	5
[__main__][browser_log][INFO] 041	ìƒìˆ˜	8801056055189	ë¡¯ë°)íŠ¸ë ˆë¹„ë¼ì„P500ml	2	0	0	0	3
[__main__][browser_log][INFO] 042	ì»¤í”¼ìŒë£Œ	8801037020519	ìŠ¤ë²…)ì‹œê·¸ë‹ˆì²˜ì´ˆì½œë¦¿200ml	1	0	0	0	7
[__main__][browser_log][INFO] 043	ì°¨ìŒë£Œ	8806002009391	ê´‘ë™)ì§„í•œí—›ê°œì°¨P1.5L	1	0	0	0	2
[__main__][browser_log][INFO] 044	íƒ„ì‚°ìŒë£Œ	8801094017606	ì½”ì¹´)ì½”ì¹´ì½œë¼P500ml	1	0	0	0	9\n044	íƒ„ì‚°ìŒë£Œ	8809495077793	í´ë£¹)ì œë¡œì†Œë‹¤ë ˆëª¬ìº”500ml	1	0	0	0	6\n044	íƒ„ì‚°ìŒë£Œ	8809495075478	í´ë£¹)ì œë¡œì†Œë‹¤í¬ë„ìº”500ml	2	0	0	0	3\n044	íƒ„ì‚°ìŒë£Œ	8806004000945	í˜„ëŒ€)ë¯¸ì—ë¡œí™”ì´ìŠ¤íŒŒí´500	2	0	0	0	3
[__main__][browser_log][INFO] 047	ìš°ìœ 	8801155745394	ë™ì›)ê°€ë‚˜ë””ë”¸ê¸°ìš°ìœ 500ml	1	0	0	0	2
[__main__][browser_log][INFO] 049	ë§¥ì£¼	4901004006813	ì•„ì‚¬íˆìº”500ml	1	0	0	0	11\n049	ë§¥ì£¼	8801858042769	ì¹´ìŠ¤ë¼ì´íŠ¸ìº”500ml	1	0	0	0	16\n049	ë§¥ì£¼	8801858048167	ì¹´ìŠ¤ë ˆëª¬ìŠ¤í€´ì¦ˆ7.0ìº”500ml	1	0	0	0	8\n049	ë§¥ì£¼	8801119241511	í•„ë¼ì´íŠ¸í›„ë ˆì‰¬ìº”500ml	1	0	0	0	8
[__main__][browser_log][INFO] 050	ì†Œì£¼	8801048951017	ì‹ ì°¸ì´ìŠ¬ë³‘360mlì§€í•¨	2	0	0	0	23\n050	ì†Œì£¼	8801152136676	ì²˜ìŒì²˜ëŸ¼ìƒˆë¡œë³‘360ml	1	0	0	0	21
[__main__][browser_log][INFO] 051	ì „í†µì£¼	8802521122221	êµ­ìˆœë‹¹)ìŒ€ë§‰ê±¸ë¦¬750ml	1	0	0	0	8
[__main__][browser_log][INFO] 058	ì˜ë¥˜ìš©í’ˆ	8806366723414	ì—¬ì„±ë°œëª©ì–‘ë§	1	0	0	0	26
[__main__][browser_log][INFO] 060	í™ˆ/ì£¼ë°©ìš©í’ˆ	2200000079947	ì¢…ëŸ‰(ê°€ì •)20L	1	0	0	0	-43
[__main__][browser_log][INFO] 072	ë‹´ë°°	0000088006604	ë””ìŠ¤í”ŒëŸ¬ìŠ¤5mg	1	0	0	0	19\n072	ë‹´ë°°	8801116019397	ë ˆì¢…í”„ë Œì¹˜ì•„ì´ìŠ¤ë¸”ë‘2mg	1	0	0	0	3\n072	ë‹´ë°°	8801116007172	ë ˆì¢…í”„ë Œì¹˜ìš”ê³ 1ã	1	0	0	0	9\n072	ë‹´ë°°	0000088017655	ë§ë³´ë¡œí•˜ì´ë¸Œë¦¬ë“œ5mg	1	0	0	0	23\n072	ë‹´ë°°	0000088011158	ì‹œì¦Œ2mg	2	0	0	0	13\n072	ë‹´ë°°	8801116005314	ì—ì„ì²´ì¸ì§€1mg	1	0	0	0	17
[__main__][browser_log][INFO] 073	ì „ìë‹´ë°°	0000088024189	í…Œë¦¬ì•„ë¸”ë™ë£¨ë¹„	2	0	0	0	19\n073	ì „ìë‹´ë°°	0000088023014	í…Œë¦¬ì•„ë¸”ë£¨	1	0	0	0	21\n073	ì „ìë‹´ë°°	0000088024134	í…Œë¦¬ì•„ì˜¤ì•„ì‹œìŠ¤í„	2	0	0	0	18
[__main__][browser_log][INFO] 900	ì†Œëª¨í’ˆ	2201148653150	ì¹œí™˜ê²½ë´‰íˆ¬íŒë§¤ìš©	2	0	0	0	-1,692
[__main__][main][INFO] Closing Chrome driver.
[__main__][main][INFO] _run_collection_cycle finished.
[__main__][main][INFO] Data collection cycle finished. Waiting for 30 minutes...
[__main__][main][INFO] 30 minutes wait completed. Starting next cycle.
[__main__][main][INFO] Starting new data collection cycle...
[__main__][main][INFO] _run_collection_cycle started.
[__main__][init][INFO] Initializing Chrome driver...
[login.login_bgf][login][INFO] Login script executed
[login.login_bgf][login][DEBUG] [ê²€ì¦] ë¹„ë°€ë²ˆí˜¸ í•„ë“œ ê°’: 1113
[login.login_bgf][login][INFO] Login succeeded
[utils.popup_util][modal_closer][INFO] Attempt 1/5 to find and close popups.
[utils.popup_util][modal_closer][INFO] Successfully simulated click on a popup close element.
[utils.popup_util][modal_closer][INFO] Attempt 2/5 to find and close popups.
[utils.popup_util][modal_closer][INFO] Successfully simulated click on a popup close element.
[utils.popup_util][modal_closer][INFO] Attempt 3/5 to find and close popups.
[utils.popup_util][modal_closer][INFO] Successfully simulated click on a popup close element.
[utils.popup_util][modal_closer][INFO] Attempt 4/5 to find and close popups.
[utils.popup_util][modal_closer][INFO] Successfully simulated click on a popup close element.
[utils.popup_util][modal_closer][INFO] Attempt 5/5 to find and close popups.
[utils.popup_util][modal_closer][INFO] Successfully simulated click on a popup close element.
[utils.popup_util][modal_closer][INFO] Finished popup closing process. Total closed: 5
[login.login_bgf][login][INFO] Closed 5 popups after login.
[__main__][login][INFO] Login successful.
[__main__][navigation][INFO] Navigating to sales page...
[__main__][navigation][DEBUG] Waiting for mix ratio page grid with selector: div[id*='gdList.body'][id*='cell_'][id$='_0:text']
[__main__][navigation][DEBUG] Mix ratio page grid found.
[__main__][navigation][INFO] Successfully navigated to sales page.
[__main__][collect][INFO] Starting data collection scripts.
[__main__][mid_category][INFO] mid_category logs: ['ğŸš€ collectMidCodes ì‹œì‘', 'ğŸ”„ ì¤‘ë¶„ë¥˜ ëª©ë¡ ìŠ¤ìº” ì‹œì‘', 'Found 22 mid-category cells.', 'Attempting to click mid-category: 001 with ID: mainframe.HFrameSet00.VFrameSet00.FrameSet.STMB011_M0.form.div_workForm.form.div2.form.gdList.body.gridrow_0.cell_0_0', '*********** íŠ¸ëœì­ì…˜ í˜¸ì¶œ ì „ svcID : searchDetail (strServiceUrl :svc::stmb011/selDetailSearch) (20250720052156)', '*********** íŠ¸ëœì­ì…˜ í˜¸ì¶œ ì „ httptimeout : 60', 'âœ… ì¤‘ë¶„ë¥˜ í´ë¦­: 001 (ë„ì‹œë½)']
[__main__][collect][INFO] Data collection complete.
[__main__][db][INFO] DB saved to c:\Users\kanur\OneDrive\ë¬¸ì„œ\GitHub\aaa\code_outputs\all_sales_data.db, inserted 2 rows
[__main__][browser_log][INFO] Extracted log data:
[__main__][browser_log][INFO] 001	ë„ì‹œë½	8809655891665	ë„)ë„˜ë²„ì›ì–‘ë…ìŒ€ì¹˜í‚¨1	1	0	0	0	0\n001	ë„ì‹œë½	8801771031802	ë„)í•œë¼ë§Œì¡±í•¨ë°•ì•¤ì¹˜í‚¨1	1	0	0	0	0
[__main__][browser_log][INFO] 002	ì£¼ë¨¹ë°¥	8801771033981	ì£¼)ë¦¬ì¹˜ì¹˜í‚¨ë§ˆìš”ì‚¼ê°1	1	0	0	0	0\n002	ì£¼ë¨¹ë°¥	8809948346629	ì£¼)ì°¸ì¹˜ë§ˆìš”ê¹€ì¹˜ì œìœ¡ë”ë¸”1	1	0	0	0	-1
[__main__][browser_log][INFO] 005	í–„ë²„ê±°ë¥˜	8801068933475	í–„)3ë‹¨ë§¥ìŠ¤ìˆ¯ë¶ˆë°”ë² í1	1	0	0	0	0
[__main__][browser_log][INFO] 015	ë¹„ìŠ¤ì¼“/ì¿ í‚¤	8801019306495	í•´íƒœ)ì´ˆì½”í™ˆëŸ°ë³¼46g	1	0	0	0	3
[__main__][browser_log][INFO] 016	ìŠ¤ë‚µë¥˜	8801043036337	ë†ì‹¬)ì˜¤ì§•ì–´ì§‘78g	1	0	0	0	14\n016	ìŠ¤ë‚µë¥˜	8801043031431	ë†ì‹¬)ì«„ë³‘ë§¤ì½¤í•œë§›	1	0	0	0	4\n016	ìŠ¤ë‚µë¥˜	8801117760908	ì˜¤ë¦¬ì˜¨)ì˜¤ì§•ì–´ë•…ì½©98g	1	0	0	0	15\n016	ìŠ¤ë‚µë¥˜	8886467100055	í”„ë§ê¸€ìŠ¤)í•«ìŠ¤íŒŒì´ì‹œ110g	1	0	0	0	2
[__main__][browser_log][INFO] 020	ìº”ë””	8801117339302	ì˜¤ë¦¬ì˜¨)ì™•ê¿ˆí‹€ì´ì ¤ë¦¬67g	1	0	0	0	3
[__main__][browser_log][INFO] 023	ìœ¡ê°€ê³µë¥˜	8801898163844	í‹°ë‹ˆí•‘)ë½€ë½€í•‘ë©”ì¶”ë¦¬ì•Œ5ì…	1	0	0	0	2\n023	ìœ¡ê°€ê³µë¥˜	8801898162847	í–‰ë³µ)ë©”ì¶”ë¦¬ì•Œì™ì™5ì…	1	0	0	0	2
[__main__][browser_log][INFO] 032	ë©´ë¥˜	8801043015639	ë†ì‹¬)ê¹€ì¹˜ì‚¬ë°œë©´	1	0	0	0	7
[__main__][browser_log][INFO] 035	ëƒ‰ì¥ì¦‰ì„ì‹	8809265025214	ê³ ë˜ì‚¬)ì–´ë¬µíƒ•ì‹œì›í•œë§›	1	0	0	0	2\n035	ëƒ‰ì¥ì¦‰ì„ì‹	8809948344021	íŒ”ë„í•œë¼)ì§¬ë½•ìˆœë‘ë¶€êµ­ë°¥	1	0	0	0	0
[__main__][browser_log][INFO] 040	ê¸°ëŠ¥ê±´ê°•ìŒë£Œ	4897036691007	ì½”ì¹´)ëª¬ìŠ¤í„°ì—ë„ˆì§€ìº”355ml	4	0	0	0	7\n040	ê¸°ëŠ¥ê±´ê°•ìŒë£Œ	4897036694534	ì½”ì¹´)ëª¬ìŠ¤í„°íŒŒí”¼ìš©ìº”355	1	0	0	0	5
[__main__][browser_log][INFO] 041	ìƒìˆ˜	8801056055189	ë¡¯ë°)íŠ¸ë ˆë¹„ë¼ì„P500ml	2	0	0	0	3
[__main__][browser_log][INFO] 042	ì»¤í”¼ìŒë£Œ	8801037020519	ìŠ¤ë²…)ì‹œê·¸ë‹ˆì²˜ì´ˆì½œë¦¿200ml	1	0	0	0	7
[__main__][browser_log][INFO] 043	ì°¨ìŒë£Œ	8806002009391	ê´‘ë™)ì§„í•œí—›ê°œì°¨P1.5L	1	0	0	0	2
[__main__][browser_log][INFO] 044	íƒ„ì‚°ìŒë£Œ	8801094017606	ì½”ì¹´)ì½”ì¹´ì½œë¼P500ml	1	0	0	0	9\n044	íƒ„ì‚°ìŒë£Œ	8809495077793	í´ë£¹)ì œë¡œì†Œë‹¤ë ˆëª¬ìº”500ml	1	0	0	0	6\n044	íƒ„ì‚°ìŒë£Œ	8809495075478	í´ë£¹)ì œë¡œì†Œë‹¤í¬ë„ìº”500ml	2	0	0	0	3\n044	íƒ„ì‚°ìŒë£Œ	8806004000945	í˜„ëŒ€)ë¯¸ì—ë¡œí™”ì´ìŠ¤íŒŒí´500	2	0	0	0	3
[__main__][browser_log][INFO] 047	ìš°ìœ 	8801155745394	ë™ì›)ê°€ë‚˜ë””ë”¸ê¸°ìš°ìœ 500ml	1	0	0	0	2
[__main__][browser_log][INFO] 049	ë§¥ì£¼	4901004006813	ì•„ì‚¬íˆìº”500ml	1	0	0	0	11\n049	ë§¥ì£¼	8801858042769	ì¹´ìŠ¤ë¼ì´íŠ¸ìº”500ml	1	0	0	0	16\n049	ë§¥ì£¼	8801858048167	ì¹´ìŠ¤ë ˆëª¬ìŠ¤í€´ì¦ˆ7.0ìº”500ml	1	0	0	0	8\n049	ë§¥ì£¼	8801119241511	í•„ë¼ì´íŠ¸í›„ë ˆì‰¬ìº”500ml	1	0	0	0	8
[__main__][browser_log][INFO] 050	ì†Œì£¼	8801048951017	ì‹ ì°¸ì´ìŠ¬ë³‘360mlì§€í•¨	2	0	0	0	23\n050	ì†Œì£¼	8801152136676	ì²˜ìŒì²˜ëŸ¼ìƒˆë¡œë³‘360ml	1	0	0	0	21
[__main__][browser_log][INFO] 051	ì „í†µì£¼	8802521122221	êµ­ìˆœë‹¹)ìŒ€ë§‰ê±¸ë¦¬750ml	1	0	0	0	8
[__main__][browser_log][INFO] 058	ì˜ë¥˜ìš©í’ˆ	8806366723414	ì—¬ì„±ë°œëª©ì–‘ë§	1	0	0	0	26
[__main__][browser_log][INFO] 060	í™ˆ/ì£¼ë°©ìš©í’ˆ	2200000079947	ì¢…ëŸ‰(ê°€ì •)20L	1	0	0	0	-43
[__main__][browser_log][INFO] 072	ë‹´ë°°	0000088006604	ë””ìŠ¤í”ŒëŸ¬ìŠ¤5mg	1	0	0	0	19\n072	ë‹´ë°°	8801116019397	ë ˆì¢…í”„ë Œì¹˜ì•„ì´ìŠ¤ë¸”ë‘2mg	1	0	0	0	3\n072	ë‹´ë°°	8801116007172	ë ˆì¢…í”„ë Œì¹˜ìš”ê³ 1ã	1	0	0	0	9\n072	ë‹´ë°°	0000088017655	ë§ë³´ë¡œí•˜ì´ë¸Œë¦¬ë“œ5mg	1	0	0	0	23\n072	ë‹´ë°°	0000088011158	ì‹œì¦Œ2mg	2	0	0	0	13\n072	ë‹´ë°°	8801116001194	ì—ì„ìˆ˜0.5mg	1	0	0	0	9\n072	ë‹´ë°°	8801116005314	ì—ì„ì²´ì¸ì§€1mg	1	0	0	0	17
[__main__][browser_log][INFO] 073	ì „ìë‹´ë°°	0000088024189	í…Œë¦¬ì•„ë¸”ë™ë£¨ë¹„	2	0	0	0	19\n073	ì „ìë‹´ë°°	0000088023014	í…Œë¦¬ì•„ë¸”ë£¨	1	0	0	0	21\n073	ì „ìë‹´ë°°	0000088024134	í…Œë¦¬ì•„ì˜¤ì•„ì‹œìŠ¤í„	2	0	0	0	18
[__main__][browser_log][INFO] 900	ì†Œëª¨í’ˆ	2201148653150	ì¹œí™˜ê²½ë´‰íˆ¬íŒë§¤ìš©	2	0	0	0	-1,692
[__main__][main][INFO] Closing Chrome driver.
[__main__][main][INFO] _run_collection_cycle finished.
[__main__][main][INFO] Data collection cycle finished. Waiting for 30 minutes...
[__main__][main][INFO] 30 minutes wait completed. Starting next cycle.
[__main__][main][INFO] Starting new data collection cycle...
[__main__][main][INFO] _run_collection_cycle started.
[__main__][init][INFO] Initializing Chrome driver...
[login.login_bgf][login][INFO] Login script executed
[login.login_bgf][login][DEBUG] [ê²€ì¦] ë¹„ë°€ë²ˆí˜¸ í•„ë“œ ê°’: 1113
[login.login_bgf][login][INFO] Login succeeded
[utils.popup_util][modal_closer][INFO] Attempt 1/5 to find and close popups.
[utils.popup_util][modal_closer][INFO] Successfully simulated click on a popup close element.
[utils.popup_util][modal_closer][INFO] Attempt 2/5 to find and close popups.
[utils.popup_util][modal_closer][INFO] Successfully simulated click on a popup close element.
[utils.popup_util][modal_closer][INFO] Attempt 3/5 to find and close popups.
[utils.popup_util][modal_closer][INFO] Successfully simulated click on a popup close element.
[utils.popup_util][modal_closer][INFO] Attempt 4/5 to find and close popups.
[utils.popup_util][modal_closer][INFO] Successfully simulated click on a popup close element.
[utils.popup_util][modal_closer][INFO] Attempt 5/5 to find and close popups.
[utils.popup_util][modal_closer][INFO] Successfully simulated click on a popup close element.
[utils.popup_util][modal_closer][INFO] Finished popup closing process. Total closed: 5
[login.login_bgf][login][INFO] Closed 5 popups after login.
[__main__][login][INFO] Login successful.
[__main__][navigation][INFO] Navigating to sales page...
[__main__][navigation][DEBUG] Waiting for mix ratio page grid with selector: div[id*='gdList.body'][id*='cell_'][id$='_0:text']
[__main__][navigation][DEBUG] Mix ratio page grid found.
[__main__][navigation][INFO] Successfully navigated to sales page.
[__main__][collect][INFO] Starting data collection scripts.
[__main__][mid_category][INFO] mid_category logs: ['ğŸš€ collectMidCodes ì‹œì‘', 'ğŸ”„ ì¤‘ë¶„ë¥˜ ëª©ë¡ ìŠ¤ìº” ì‹œì‘', 'Found 22 mid-category cells.', 'Attempting to click mid-category: 001 with ID: mainframe.HFrameSet00.VFrameSet00.FrameSet.STMB011_M0.form.div_workForm.form.div2.form.gdList.body.gridrow_0.cell_0_0', '*********** íŠ¸ëœì­ì…˜ í˜¸ì¶œ ì „ svcID : searchDetail (strServiceUrl :svc::stmb011/selDetailSearch) (20250720055305)', '*********** íŠ¸ëœì­ì…˜ í˜¸ì¶œ ì „ httptimeout : 60', 'âœ… ì¤‘ë¶„ë¥˜ í´ë¦­: 001 (ë„ì‹œë½)']
[__main__][collect][INFO] Data collection complete.
[__main__][db][INFO] DB saved to c:\Users\kanur\OneDrive\ë¬¸ì„œ\GitHub\aaa\code_outputs\all_sales_data.db, inserted 2 rows
[__main__][browser_log][INFO] Extracted log data:
[__main__][browser_log][INFO] 001	ë„ì‹œë½	8809655891665	ë„)ë„˜ë²„ì›ì–‘ë…ìŒ€ì¹˜í‚¨1	1	0	0	0	0\n001	ë„ì‹œë½	8801771031802	ë„)í•œë¼ë§Œì¡±í•¨ë°•ì•¤ì¹˜í‚¨1	1	0	0	0	0
[__main__][browser_log][INFO] 002	ì£¼ë¨¹ë°¥	8809655891665	ë„)ë„˜ë²„ì›ì–‘ë…ìŒ€ì¹˜í‚¨1	1	0	0	0	0\n002	ì£¼ë¨¹ë°¥	8801771031802	ë„)í•œë¼ë§Œì¡±í•¨ë°•ì•¤ì¹˜í‚¨1	1	0	0	0	0
[__main__][browser_log][INFO] 005	í–„ë²„ê±°ë¥˜	8801068933475	í–„)3ë‹¨ë§¥ìŠ¤ìˆ¯ë¶ˆë°”ë² í1	1	0	0	0	0
[__main__][browser_log][INFO] 015	ë¹„ìŠ¤ì¼“/ì¿ í‚¤	8801019306495	í•´íƒœ)ì´ˆì½”í™ˆëŸ°ë³¼46g	1	0	0	0	3
[__main__][browser_log][INFO] 016	ìŠ¤ë‚µë¥˜	8801043036337	ë†ì‹¬)ì˜¤ì§•ì–´ì§‘78g	1	0	0	0	14\n016	ìŠ¤ë‚µë¥˜	8801043031431	ë†ì‹¬)ì«„ë³‘ë§¤ì½¤í•œë§›	1	0	0	0	4\n016	ìŠ¤ë‚µë¥˜	8801117760908	ì˜¤ë¦¬ì˜¨)ì˜¤ì§•ì–´ë•…ì½©98g	1	0	0	0	15\n016	ìŠ¤ë‚µë¥˜	8886467100055	í”„ë§ê¸€ìŠ¤)í•«ìŠ¤íŒŒì´ì‹œ110g	1	0	0	0	2
[__main__][browser_log][INFO] 020	ìº”ë””	8801117339302	ì˜¤ë¦¬ì˜¨)ì™•ê¿ˆí‹€ì´ì ¤ë¦¬67g	1	0	0	0	3
[__main__][browser_log][INFO] 023	ìœ¡ê°€ê³µë¥˜	8801898163844	í‹°ë‹ˆí•‘)ë½€ë½€í•‘ë©”ì¶”ë¦¬ì•Œ5ì…	1	0	0	0	2\n023	ìœ¡ê°€ê³µë¥˜	8801898162847	í–‰ë³µ)ë©”ì¶”ë¦¬ì•Œì™ì™5ì…	1	0	0	0	2
[__main__][browser_log][INFO] 032	ë©´ë¥˜	8801043015639	ë†ì‹¬)ê¹€ì¹˜ì‚¬ë°œë©´	1	0	0	0	7
[__main__][browser_log][INFO] 035	ëƒ‰ì¥ì¦‰ì„ì‹	8809265025214	ê³ ë˜ì‚¬)ì–´ë¬µíƒ•ì‹œì›í•œë§›	1	0	0	0	2\n035	ëƒ‰ì¥ì¦‰ì„ì‹	8809948344021	íŒ”ë„í•œë¼)ì§¬ë½•ìˆœë‘ë¶€êµ­ë°¥	1	0	0	0	0
[__main__][browser_log][INFO] 040	ê¸°ëŠ¥ê±´ê°•ìŒë£Œ	4897036691007	ì½”ì¹´)ëª¬ìŠ¤í„°ì—ë„ˆì§€ìº”355ml	4	0	0	0	7\n040	ê¸°ëŠ¥ê±´ê°•ìŒë£Œ	4897036694534	ì½”ì¹´)ëª¬ìŠ¤í„°íŒŒí”¼ìš©ìº”355	1	0	0	0	5
[__main__][browser_log][INFO] 041	ìƒìˆ˜	8801056055189	ë¡¯ë°)íŠ¸ë ˆë¹„ë¼ì„P500ml	2	0	0	0	3
[__main__][browser_log][INFO] 042	ì»¤í”¼ìŒë£Œ	8801037020519	ìŠ¤ë²…)ì‹œê·¸ë‹ˆì²˜ì´ˆì½œë¦¿200ml	1	0	0	0	7\n042	ì»¤í”¼ìŒë£Œ	8809388464471	ì´ë””ì•¼)ì‡¼ì½œë¼ëª¨ì¹´300ml	1	0	0	0	2
[__main__][browser_log][INFO] 043	ì°¨ìŒë£Œ	8806002009391	ê´‘ë™)ì§„í•œí—›ê°œì°¨P1.5L	1	0	0	0	2
[__main__][browser_log][INFO] 044	íƒ„ì‚°ìŒë£Œ	8801094017606	ì½”ì¹´)ì½”ì¹´ì½œë¼P500ml	1	0	0	0	9\n044	íƒ„ì‚°ìŒë£Œ	8801094013004	ì½”ì¹´)ì½”ì¹´ì½œë¼ìº”250ml	1	0	0	0	7\n044	íƒ„ì‚°ìŒë£Œ	8809495077793	í´ë£¹)ì œë¡œì†Œë‹¤ë ˆëª¬ìº”500ml	1	0	0	0	6\n044	íƒ„ì‚°ìŒë£Œ	8809495075478	í´ë£¹)ì œë¡œì†Œë‹¤í¬ë„ìº”500ml	2	0	0	0	3\n044	íƒ„ì‚°ìŒë£Œ	8806004000945	í˜„ëŒ€)ë¯¸ì—ë¡œí™”ì´ìŠ¤íŒŒí´500	2	0	0	0	3
[__main__][browser_log][INFO] 047	ìš°ìœ 	8801155745394	ë™ì›)ê°€ë‚˜ë””ë”¸ê¸°ìš°ìœ 500ml	1	0	0	0	2\n047	ìš°ìœ 	8801155745387	ë™ì›)ê°€ë‚˜ë””ì´ˆì½”ìš°ìœ 500ml	1	0	0	0	1\n047	ìš°ìœ 	0000088002798	ë¹™ê·¸ë ˆ)ë°”ë‚˜ë‚˜ìš°ìœ 240ml	1	0	0	0	11
[__main__][browser_log][INFO] 049	ë§¥ì£¼	4901004006813	ì•„ì‚¬íˆìº”500ml	1	0	0	0	11\n049	ë§¥ì£¼	8801858042769	ì¹´ìŠ¤ë¼ì´íŠ¸ìº”500ml	1	0	0	0	16\n049	ë§¥ì£¼	8801858048167	ì¹´ìŠ¤ë ˆëª¬ìŠ¤í€´ì¦ˆ7.0ìº”500ml	1	0	0	0	8\n049	ë§¥ì£¼	8801119241511	í•„ë¼ì´íŠ¸í›„ë ˆì‰¬ìº”500ml	1	0	0	0	8
[__main__][browser_log][INFO] 050	ì†Œì£¼	8801048951017	ì‹ ì°¸ì´ìŠ¬ë³‘360mlì§€í•¨	2	0	0	0	23\n050	ì†Œì£¼	8801152136676	ì²˜ìŒì²˜ëŸ¼ìƒˆë¡œë³‘360ml	1	0	0	0	21
[__main__][browser_log][INFO] 051	ì „í†µì£¼	8802521122221	êµ­ìˆœë‹¹)ìŒ€ë§‰ê±¸ë¦¬750ml	1	0	0	0	8
[__main__][browser_log][INFO] 058	ì˜ë¥˜ìš©í’ˆ	8806366723414	ì—¬ì„±ë°œëª©ì–‘ë§	1	0	0	0	26
[__main__][browser_log][INFO] 060	í™ˆ/ì£¼ë°©ìš©í’ˆ	2200000079947	ì¢…ëŸ‰(ê°€ì •)20L	1	0	0	0	-43
[__main__][browser_log][INFO] 072	ë‹´ë°°	0000088022680	ë˜í1mg	1	0	0	0	19\n072	ë‹´ë°°	0000088022666	ë˜í6mg	1	0	0	0	33\n072	ë‹´ë°°	0000088006604	ë””ìŠ¤í”ŒëŸ¬ìŠ¤5mg	1	0	0	0	19\n072	ë‹´ë°°	8801116019397	ë ˆì¢…í”„ë Œì¹˜ì•„ì´ìŠ¤ë¸”ë‘2mg	1	0	0	0	3\n072	ë‹´ë°°	8801116007172	ë ˆì¢…í”„ë Œì¹˜ìš”ê³ 1ã	1	0	0	0	9\n072	ë‹´ë°°	0000088017655	ë§ë³´ë¡œí•˜ì´ë¸Œë¦¬ë“œ5mg	1	0	0	0	23\n072	ë‹´ë°°	0000088011158	ì‹œì¦Œ2mg	2	0	0	0	13\n072	ë‹´ë°°	8801116001194	ì—ì„ìˆ˜0.5mg	1	0	0	0	9\n072	ë‹´ë°°	8801116005314	ì—ì„ì²´ì¸ì§€1mg	1	0	0	0	17
[__main__][browser_log][INFO] 073	ì „ìë‹´ë°°	0000088024189	í…Œë¦¬ì•„ë¸”ë™ë£¨ë¹„	2	0	0	0	19\n073	ì „ìë‹´ë°°	0000088023014	í…Œë¦¬ì•„ë¸”ë£¨	1	0	0	0	21\n073	ì „ìë‹´ë°°	0000088024134	í…Œë¦¬ì•„ì˜¤ì•„ì‹œìŠ¤í„	2	0	0	0	18
[__main__][browser_log][INFO] 900	ì†Œëª¨í’ˆ	2201148653150	ì¹œí™˜ê²½ë´‰íˆ¬íŒë§¤ìš©	2	0	0	0	-1,692
[__main__][main][INFO] Closing Chrome driver.
[__main__][main][INFO] _run_collection_cycle finished.
[__main__][main][INFO] Data collection cycle finished. Waiting for 30 minutes...
[__main__][main][INFO] 30 minutes wait completed. Starting next cycle.
[__main__][main][INFO] Starting new data collection cycle...
[__main__][main][INFO] _run_collection_cycle started.
[__main__][init][INFO] Initializing Chrome driver...
[login.login_bgf][login][INFO] Login script executed
[login.login_bgf][login][DEBUG] [ê²€ì¦] ë¹„ë°€ë²ˆí˜¸ í•„ë“œ ê°’: 1113
[login.login_bgf][login][INFO] Login succeeded
[utils.popup_util][modal_closer][INFO] Attempt 1/5 to find and close popups.
[utils.popup_util][modal_closer][INFO] Successfully simulated click on a popup close element.
[utils.popup_util][modal_closer][INFO] Attempt 2/5 to find and close popups.
[utils.popup_util][modal_closer][INFO] Successfully simulated click on a popup close element.
[utils.popup_util][modal_closer][INFO] Attempt 3/5 to find and close popups.
[utils.popup_util][modal_closer][INFO] Successfully simulated click on a popup close element.
[utils.popup_util][modal_closer][INFO] Attempt 4/5 to find and close popups.
[utils.popup_util][modal_closer][INFO] Successfully simulated click on a popup close element.
[utils.popup_util][modal_closer][INFO] Attempt 5/5 to find and close popups.
[utils.popup_util][modal_closer][INFO] Successfully simulated click on a popup close element.
[utils.popup_util][modal_closer][INFO] Finished popup closing process. Total closed: 5
[login.login_bgf][login][INFO] Closed 5 popups after login.
[__main__][login][INFO] Login successful.
[__main__][navigation][INFO] Navigating to sales page...
[__main__][navigation][DEBUG] Waiting for mix ratio page grid with selector: div[id*='gdList.body'][id*='cell_'][id$='_0:text']
[__main__][navigation][DEBUG] Mix ratio page grid found.
[__main__][navigation][INFO] Successfully navigated to sales page.
[__main__][collect][INFO] Starting data collection scripts.
[__main__][mid_category][INFO] mid_category logs: ['ğŸš€ collectMidCodes ì‹œì‘', 'ğŸ”„ ì¤‘ë¶„ë¥˜ ëª©ë¡ ìŠ¤ìº” ì‹œì‘', 'Found 22 mid-category cells.', 'Attempting to click mid-category: 001 with ID: mainframe.HFrameSet00.VFrameSet00.FrameSet.STMB011_M0.form.div_workForm.form.div2.form.gdList.body.gridrow_0.cell_0_0', '*********** íŠ¸ëœì­ì…˜ í˜¸ì¶œ ì „ svcID : searchDetail (strServiceUrl :svc::stmb011/selDetailSearch) (20250720062414)', '*********** íŠ¸ëœì­ì…˜ í˜¸ì¶œ ì „ httptimeout : 60', 'âœ… ì¤‘ë¶„ë¥˜ í´ë¦­: 001 (ë„ì‹œë½)']
[__main__][collect][INFO] Data collection complete.
[__main__][db][INFO] DB saved to c:\Users\kanur\OneDrive\ë¬¸ì„œ\GitHub\aaa\code_outputs\all_sales_data.db, inserted 3 rows
[__main__][browser_log][INFO] Extracted log data:
[__main__][browser_log][INFO] 001	ë„ì‹œë½	8809655891665	ë„)ë„˜ë²„ì›ì–‘ë…ìŒ€ì¹˜í‚¨1	1	0	0	0	0\n001	ë„ì‹œë½	8801771031802	ë„)í•œë¼ë§Œì¡±í•¨ë°•ì•¤ì¹˜í‚¨1	1	0	0	0	0
[__main__][browser_log][INFO] 002	ì£¼ë¨¹ë°¥	8809655891665	ë„)ë„˜ë²„ì›ì–‘ë…ìŒ€ì¹˜í‚¨1	1	0	0	0	0\n002	ì£¼ë¨¹ë°¥	8801771031802	ë„)í•œë¼ë§Œì¡±í•¨ë°•ì•¤ì¹˜í‚¨1	1	0	0	0	0
[__main__][browser_log][INFO] 005	í–„ë²„ê±°ë¥˜	8801068933475	í–„)3ë‹¨ë§¥ìŠ¤ìˆ¯ë¶ˆë°”ë² í1	1	0	0	0	0
[__main__][browser_log][INFO] 015	ë¹„ìŠ¤ì¼“/ì¿ í‚¤	8801019306495	í•´íƒœ)ì´ˆì½”í™ˆëŸ°ë³¼46g	1	0	0	0	3
[__main__][browser_log][INFO] 016	ìŠ¤ë‚µë¥˜	8801043036337	ë†ì‹¬)ì˜¤ì§•ì–´ì§‘78g	1	0	0	0	14\n016	ìŠ¤ë‚µë¥˜	8801043031431	ë†ì‹¬)ì«„ë³‘ë§¤ì½¤í•œë§›	1	0	0	0	4\n016	ìŠ¤ë‚µë¥˜	8801117760908	ì˜¤ë¦¬ì˜¨)ì˜¤ì§•ì–´ë•…ì½©98g	1	0	0	0	15\n016	ìŠ¤ë‚µë¥˜	8886467100055	í”„ë§ê¸€ìŠ¤)í•«ìŠ¤íŒŒì´ì‹œ110g	1	0	0	0	2
[__main__][browser_log][INFO] 020	ìº”ë””	8801117339302	ì˜¤ë¦¬ì˜¨)ì™•ê¿ˆí‹€ì´ì ¤ë¦¬67g	1	0	0	0	3
[__main__][browser_log][INFO] 022	ë§ˆë¥¸ì•ˆì£¼ë¥˜	8809081260073	ê²½ì§„)ê¾¸ì´ë§¨ë§¤ì½¤30g	2	0	0	0	2
[__main__][browser_log][INFO] 023	ìœ¡ê°€ê³µë¥˜	8801898163844	í‹°ë‹ˆí•‘)ë½€ë½€í•‘ë©”ì¶”ë¦¬ì•Œ5ì…	1	0	0	0	2\n023	ìœ¡ê°€ê³µë¥˜	8801898162847	í–‰ë³µ)ë©”ì¶”ë¦¬ì•Œì™ì™5ì…	1	0	0	0	2
[__main__][browser_log][INFO] 032	ë©´ë¥˜	8801043015639	ë†ì‹¬)ê¹€ì¹˜ì‚¬ë°œë©´	1	0	0	0	7
[__main__][browser_log][INFO] 035	ëƒ‰ì¥ì¦‰ì„ì‹	8809265025214	ê³ ë˜ì‚¬)ì–´ë¬µíƒ•ì‹œì›í•œë§›	1	0	0	0	2\n035	ëƒ‰ì¥ì¦‰ì„ì‹	8809948344021	íŒ”ë„í•œë¼)ì§¬ë½•ìˆœë‘ë¶€êµ­ë°¥	1	0	0	0	0
[__main__][browser_log][INFO] 040	ê¸°ëŠ¥ê±´ê°•ìŒë£Œ	4897036691007	ì½”ì¹´)ëª¬ìŠ¤í„°ì—ë„ˆì§€ìº”355ml	4	0	0	0	7\n040	ê¸°ëŠ¥ê±´ê°•ìŒë£Œ	4897036694534	ì½”ì¹´)ëª¬ìŠ¤í„°íŒŒí”¼ìš©ìº”355	1	0	0	0	5
[__main__][browser_log][INFO] 041	ìƒìˆ˜	8801056055189	ë¡¯ë°)íŠ¸ë ˆë¹„ë¼ì„P500ml	2	0	0	0	3
[__main__][browser_log][INFO] 042	ì»¤í”¼ìŒë£Œ	8801037020519	ìŠ¤ë²…)ì‹œê·¸ë‹ˆì²˜ì´ˆì½œë¦¿200ml	1	0	0	0	7\n042	ì»¤í”¼ìŒë£Œ	8809388464471	ì´ë””ì•¼)ì‡¼ì½œë¼ëª¨ì¹´300ml	1	0	0	0	2
[__main__][browser_log][INFO] 043	ì°¨ìŒë£Œ	8806002009391	ê´‘ë™)ì§„í•œí—›ê°œì°¨P1.5L	1	0	0	0	2
[__main__][browser_log][INFO] 044	íƒ„ì‚°ìŒë£Œ	8801094017606	ì½”ì¹´)ì½”ì¹´ì½œë¼P500ml	1	0	0	0	9\n044	íƒ„ì‚°ìŒë£Œ	8801094013004	ì½”ì¹´)ì½”ì¹´ì½œë¼ìº”250ml	1	0	0	0	7\n044	íƒ„ì‚°ìŒë£Œ	8809495077793	í´ë£¹)ì œë¡œì†Œë‹¤ë ˆëª¬ìº”500ml	1	0	0	0	6\n044	íƒ„ì‚°ìŒë£Œ	8809495075478	í´ë£¹)ì œë¡œì†Œë‹¤í¬ë„ìº”500ml	2	0	0	0	3\n044	íƒ„ì‚°ìŒë£Œ	8806004000945	í˜„ëŒ€)ë¯¸ì—ë¡œí™”ì´ìŠ¤íŒŒí´500	2	0	0	0	3
[__main__][browser_log][INFO] 047	ìš°ìœ 	8801155745394	ë™ì›)ê°€ë‚˜ë””ë”¸ê¸°ìš°ìœ 500ml	1	0	0	0	2\n047	ìš°ìœ 	8801155745387	ë™ì›)ê°€ë‚˜ë””ì´ˆì½”ìš°ìœ 500ml	1	0	0	0	1\n047	ìš°ìœ 	0000088002798	ë¹™ê·¸ë ˆ)ë°”ë‚˜ë‚˜ìš°ìœ 240ml	1	0	0	0	11
[__main__][browser_log][INFO] 049	ë§¥ì£¼	4901004006813	ì•„ì‚¬íˆìº”500ml	1	0	0	0	11\n049	ë§¥ì£¼	8801858042769	ì¹´ìŠ¤ë¼ì´íŠ¸ìº”500ml	1	0	0	0	16\n049	ë§¥ì£¼	8801858048167	ì¹´ìŠ¤ë ˆëª¬ìŠ¤í€´ì¦ˆ7.0ìº”500ml	1	0	0	0	8\n049	ë§¥ì£¼	8801119241511	í•„ë¼ì´íŠ¸í›„ë ˆì‰¬ìº”500ml	1	0	0	0	8
[__main__][browser_log][INFO] 050	ì†Œì£¼	8801048951017	ì‹ ì°¸ì´ìŠ¬ë³‘360mlì§€í•¨	2	0	0	0	23\n050	ì†Œì£¼	8801152136676	ì²˜ìŒì²˜ëŸ¼ìƒˆë¡œë³‘360ml	1	0	0	0	21
[__main__][browser_log][INFO] 051	ì „í†µì£¼	8802521122221	êµ­ìˆœë‹¹)ìŒ€ë§‰ê±¸ë¦¬750ml	1	0	0	0	8
[__main__][browser_log][INFO] 058	ì˜ë¥˜ìš©í’ˆ	8806366723414	ì—¬ì„±ë°œëª©ì–‘ë§	1	0	0	0	26
[__main__][browser_log][INFO] 060	í™ˆ/ì£¼ë°©ìš©í’ˆ	2200000079947	ì¢…ëŸ‰(ê°€ì •)20L	1	0	0	0	-43
[__main__][browser_log][INFO] 072	ë‹´ë°°	0000088022680	ë˜í1mg	1	0	0	0	19\n072	ë‹´ë°°	0000088022666	ë˜í6mg	1	0	0	0	33\n072	ë‹´ë°°	0000088006604	ë””ìŠ¤í”ŒëŸ¬ìŠ¤5mg	1	0	0	0	19\n072	ë‹´ë°°	8801116019397	ë ˆì¢…í”„ë Œì¹˜ì•„ì´ìŠ¤ë¸”ë‘2mg	1	0	0	0	3\n072	ë‹´ë°°	8801116007172	ë ˆì¢…í”„ë Œì¹˜ìš”ê³ 1ã	1	0	0	0	9\n072	ë‹´ë°°	0000088017655	ë§ë³´ë¡œí•˜ì´ë¸Œë¦¬ë“œ5mg	1	0	0	0	23\n072	ë‹´ë°°	8809741171619	ëª½ìŠ¤ë²„ë¸”ëª¬ë¹…ë°°ëª½4.8ml	1	0	0	0	4\n072	ë‹´ë°°	0000088011158	ì‹œì¦Œ2mg	2	0	0	0	13\n072	ë‹´ë°°	8801116001194	ì—ì„ìˆ˜0.5mg	1	0	0	0	9\n072	ë‹´ë°°	8801116005314	ì—ì„ì²´ì¸ì§€1mg	1	0	0	0	17
[__main__][browser_log][INFO] 073	ì „ìë‹´ë°°	8801116012176	LILì•¡ìƒì¹´íŠ¸ë¦¬ì§€	10	0	0	0	107\n073	ì „ìë‹´ë°°	8801116013234	MIIXì•„ì´ìŠ¤ë”ë¸”	3	0	0	0	25\n073	ì „ìë‹´ë°°	0000088024189	í…Œë¦¬ì•„ë¸”ë™ë£¨ë¹„	2	0	0	0	19\n073	ì „ìë‹´ë°°	0000088023014	í…Œë¦¬ì•„ë¸”ë£¨	1	0	0	0	21\n073	ì „ìë‹´ë°°	0000088024134	í…Œë¦¬ì•„ì˜¤ì•„ì‹œìŠ¤í„	2	0	0	0	18
[__main__][browser_log][INFO] 900	ì†Œëª¨í’ˆ	2201148653150	ì¹œí™˜ê²½ë´‰íˆ¬íŒë§¤ìš©	2	0	0	0	-1,692
[__main__][main][INFO] Closing Chrome driver.
[__main__][main][INFO] _run_collection_cycle finished.
[__main__][main][INFO] Data collection cycle finished. Waiting for 30 minutes...
[__main__][main][INFO] 30 minutes wait completed. Starting next cycle.
[__main__][main][INFO] Starting new data collection cycle...
[__main__][main][INFO] _run_collection_cycle started.
[__main__][init][INFO] Initializing Chrome driver...
[login.login_bgf][login][INFO] Login script executed
[login.login_bgf][login][DEBUG] [ê²€ì¦] ë¹„ë°€ë²ˆí˜¸ í•„ë“œ ê°’: 1113
[login.login_bgf][login][INFO] Login succeeded
[utils.popup_util][modal_closer][INFO] Attempt 1/5 to find and close popups.
[utils.popup_util][modal_closer][INFO] Successfully simulated click on a popup close element.
[utils.popup_util][modal_closer][INFO] Attempt 2/5 to find and close popups.
[utils.popup_util][modal_closer][INFO] Successfully simulated click on a popup close element.
[utils.popup_util][modal_closer][INFO] Attempt 3/5 to find and close popups.
[utils.popup_util][modal_closer][INFO] Successfully simulated click on a popup close element.
[utils.popup_util][modal_closer][INFO] Attempt 4/5 to find and close popups.
[utils.popup_util][modal_closer][INFO] Successfully simulated click on a popup close element.
[utils.popup_util][modal_closer][INFO] Attempt 5/5 to find and close popups.
[utils.popup_util][modal_closer][INFO] Successfully simulated click on a popup close element.
[utils.popup_util][modal_closer][INFO] Finished popup closing process. Total closed: 5
[login.login_bgf][login][INFO] Closed 5 popups after login.
[__main__][login][INFO] Login successful.
[__main__][navigation][INFO] Navigating to sales page...
[__main__][navigation][DEBUG] Waiting for mix ratio page grid with selector: div[id*='gdList.body'][id*='cell_'][id$='_0:text']
[__main__][navigation][DEBUG] Mix ratio page grid found.
[__main__][navigation][INFO] Successfully navigated to sales page.
[__main__][collect][INFO] Starting data collection scripts.
[__main__][mid_category][INFO] mid_category logs: ['ğŸš€ collectMidCodes ì‹œì‘', 'ğŸ”„ ì¤‘ë¶„ë¥˜ ëª©ë¡ ìŠ¤ìº” ì‹œì‘', 'Found 22 mid-category cells.', 'Attempting to click mid-category: 001 with ID: mainframe.HFrameSet00.VFrameSet00.FrameSet.STMB011_M0.form.div_workForm.form.div2.form.gdList.body.gridrow_0.cell_0_0', '*********** íŠ¸ëœì­ì…˜ í˜¸ì¶œ ì „ svcID : searchDetail (strServiceUrl :svc::stmb011/selDetailSearch) (20250720065527)', '*********** íŠ¸ëœì­ì…˜ í˜¸ì¶œ ì „ httptimeout : 60', 'âœ… ì¤‘ë¶„ë¥˜ í´ë¦­: 001 (ë„ì‹œë½)']
[__main__][collect][INFO] Data collection complete.
[__main__][db][INFO] DB saved to c:\Users\kanur\OneDrive\ë¬¸ì„œ\GitHub\aaa\code_outputs\all_sales_data.db, inserted 4 rows
[__main__][browser_log][INFO] Extracted log data:
[__main__][browser_log][INFO] 001	ë„ì‹œë½	8809655891665	ë„)ë„˜ë²„ì›ì–‘ë…ìŒ€ì¹˜í‚¨1	1	0	0	0	0\n001	ë„ì‹œë½	8801771031802	ë„)í•œë¼ë§Œì¡±í•¨ë°•ì•¤ì¹˜í‚¨1	1	0	0	0	0
[__main__][browser_log][INFO] 002	ì£¼ë¨¹ë°¥	8809655891665	ë„)ë„˜ë²„ì›ì–‘ë…ìŒ€ì¹˜í‚¨1	1	0	0	0	0\n002	ì£¼ë¨¹ë°¥	8801771031802	ë„)í•œë¼ë§Œì¡±í•¨ë°•ì•¤ì¹˜í‚¨1	1	0	0	0	0
[__main__][browser_log][INFO] 005	í–„ë²„ê±°ë¥˜	8801068933475	í–„)3ë‹¨ë§¥ìŠ¤ìˆ¯ë¶ˆë°”ë² í1	1	0	0	0	0
[__main__][browser_log][INFO] 015	ë¹„ìŠ¤ì¼“/ì¿ í‚¤	8801019306495	í•´íƒœ)ì´ˆì½”í™ˆëŸ°ë³¼46g	1	0	0	0	3
[__main__][browser_log][INFO] 016	ìŠ¤ë‚µë¥˜	8801043036337	ë†ì‹¬)ì˜¤ì§•ì–´ì§‘78g	1	0	0	0	14\n016	ìŠ¤ë‚µë¥˜	8801043031431	ë†ì‹¬)ì«„ë³‘ë§¤ì½¤í•œë§›	1	0	0	0	4\n016	ìŠ¤ë‚µë¥˜	8801117760908	ì˜¤ë¦¬ì˜¨)ì˜¤ì§•ì–´ë•…ì½©98g	1	0	0	0	15\n016	ìŠ¤ë‚µë¥˜	8886467100055	í”„ë§ê¸€ìŠ¤)í•«ìŠ¤íŒŒì´ì‹œ110g	1	0	0	0	2
[__main__][browser_log][INFO] 020	ìº”ë””	8801117339302	ì˜¤ë¦¬ì˜¨)ì™•ê¿ˆí‹€ì´ì ¤ë¦¬67g	1	0	0	0	3
[__main__][browser_log][INFO] 022	ë§ˆë¥¸ì•ˆì£¼ë¥˜	8809081260073	ê²½ì§„)ê¾¸ì´ë§¨ë§¤ì½¤30g	2	0	0	0	2
[__main__][browser_log][INFO] 023	ìœ¡ê°€ê³µë¥˜	8801898163844	í‹°ë‹ˆí•‘)ë½€ë½€í•‘ë©”ì¶”ë¦¬ì•Œ5ì…	1	0	0	0	2\n023	ìœ¡ê°€ê³µë¥˜	8801898162847	í–‰ë³µ)ë©”ì¶”ë¦¬ì•Œì™ì™5ì…	1	0	0	0	2
[__main__][browser_log][INFO] 032	ë©´ë¥˜	8801043015639	ë†ì‹¬)ê¹€ì¹˜ì‚¬ë°œë©´	1	0	0	0	7\n032	ë©´ë¥˜	8801043014984	ë†ì‹¬)ë„ˆêµ¬ë¦¬ì–¼í°	2	0	0	0	21\n032	ë©´ë¥˜	8801043015608	ë†ì‹¬)ì§œíŒŒê²Œí‹°ë²”ë²…ì†Œì»µ	1	0	0	0	7
[__main__][browser_log][INFO] 035	ëƒ‰ì¥ì¦‰ì„ì‹	8809265025214	ê³ ë˜ì‚¬)ì–´ë¬µíƒ•ì‹œì›í•œë§›	1	0	0	0	2\n035	ëƒ‰ì¥ì¦‰ì„ì‹	8809948344021	íŒ”ë„í•œë¼)ì§¬ë½•ìˆœë‘ë¶€êµ­ë°¥	1	0	0	0	0
[__main__][browser_log][INFO] 040	ê¸°ëŠ¥ê±´ê°•ìŒë£Œ	4897036691007	ì½”ì¹´)ëª¬ìŠ¤í„°ì—ë„ˆì§€ìº”355ml	4	0	0	0	7\n040	ê¸°ëŠ¥ê±´ê°•ìŒë£Œ	4897036694534	ì½”ì¹´)ëª¬ìŠ¤í„°íŒŒí”¼ìš©ìº”355	1	0	0	0	5
[__main__][browser_log][INFO] 041	ìƒìˆ˜	8801056055189	ë¡¯ë°)íŠ¸ë ˆë¹„ë¼ì„P500ml	2	0	0	0	3
[__main__][browser_log][INFO] 042	ì»¤í”¼ìŒë£Œ	8801037020519	ìŠ¤ë²…)ì‹œê·¸ë‹ˆì²˜ì´ˆì½œë¦¿200ml	1	0	0	0	7\n042	ì»¤í”¼ìŒë£Œ	8809388464471	ì´ë””ì•¼)ì‡¼ì½œë¼ëª¨ì¹´300ml	1	0	0	0	2
[__main__][browser_log][INFO] 043	ì°¨ìŒë£Œ	8806002009391	ê´‘ë™)ì§„í•œí—›ê°œì°¨P1.5L	1	0	0	0	2
[__main__][browser_log][INFO] 044	íƒ„ì‚°ìŒë£Œ	8801094017606	ì½”ì¹´)ì½”ì¹´ì½œë¼P500ml	1	0	0	0	9\n044	íƒ„ì‚°ìŒë£Œ	8801094013004	ì½”ì¹´)ì½”ì¹´ì½œë¼ìº”250ml	1	0	0	0	7\n044	íƒ„ì‚°ìŒë£Œ	8809495077793	í´ë£¹)ì œë¡œì†Œë‹¤ë ˆëª¬ìº”500ml	2	0	0	0	5\n044	íƒ„ì‚°ìŒë£Œ	8809495075478	í´ë£¹)ì œë¡œì†Œë‹¤í¬ë„ìº”500ml	2	0	0	0	3\n044	íƒ„ì‚°ìŒë£Œ	8806004000945	í˜„ëŒ€)ë¯¸ì—ë¡œí™”ì´ìŠ¤íŒŒí´500	2	0	0	0	3
[__main__][browser_log][INFO] 047	ìš°ìœ 	8801155745394	ë™ì›)ê°€ë‚˜ë””ë”¸ê¸°ìš°ìœ 500ml	1	0	0	0	2\n047	ìš°ìœ 	8801155745387	ë™ì›)ê°€ë‚˜ë””ì´ˆì½”ìš°ìœ 500ml	1	0	0	0	1\n047	ìš°ìœ 	0000088002798	ë¹™ê·¸ë ˆ)ë°”ë‚˜ë‚˜ìš°ìœ 240ml	1	0	0	0	11
[__main__][browser_log][INFO] 049	ë§¥ì£¼	4901004006813	ì•„ì‚¬íˆìº”500ml	1	0	0	0	11\n049	ë§¥ì£¼	8801858042769	ì¹´ìŠ¤ë¼ì´íŠ¸ìº”500ml	1	0	0	0	16\n049	ë§¥ì£¼	8801858048167	ì¹´ìŠ¤ë ˆëª¬ìŠ¤í€´ì¦ˆ7.0ìº”500ml	1	0	0	0	8\n049	ë§¥ì£¼	8801119241511	í•„ë¼ì´íŠ¸í›„ë ˆì‰¬ìº”500ml	1	0	0	0	8
[__main__][browser_log][INFO] 050	ì†Œì£¼	8801048951017	ì‹ ì°¸ì´ìŠ¬ë³‘360mlì§€í•¨	2	0	0	0	23\n050	ì†Œì£¼	8801152136676	ì²˜ìŒì²˜ëŸ¼ìƒˆë¡œë³‘360ml	1	0	0	0	21
[__main__][browser_log][INFO] 051	ì „í†µì£¼	8802521122221	êµ­ìˆœë‹¹)ìŒ€ë§‰ê±¸ë¦¬750ml	1	0	0	0	8
[__main__][browser_log][INFO] 058	ì˜ë¥˜ìš©í’ˆ	8806366723414	ì—¬ì„±ë°œëª©ì–‘ë§	1	0	0	0	26
[__main__][browser_log][INFO] 060	í™ˆ/ì£¼ë°©ìš©í’ˆ	2200000079947	ì¢…ëŸ‰(ê°€ì •)20L	1	0	0	0	-43
[__main__][browser_log][INFO] 072	ë‹´ë°°	0000088022680	ë˜í1mg	1	0	0	0	19\n072	ë‹´ë°°	0000088022666	ë˜í6mg	1	0	0	0	33\n072	ë‹´ë°°	0000088006604	ë””ìŠ¤í”ŒëŸ¬ìŠ¤5mg	1	0	0	0	19\n072	ë‹´ë°°	8801116006830	ë ˆì¢…í”„ë Œì¹˜ë¸”ë™3mg	1	0	0	0	29\n072	ë‹´ë°°	8801116019397	ë ˆì¢…í”„ë Œì¹˜ì•„ì´ìŠ¤ë¸”ë‘2mg	1	0	0	0	3\n072	ë‹´ë°°	8801116007172	ë ˆì¢…í”„ë Œì¹˜ìš”ê³ 1ã	1	0	0	0	9\n072	ë‹´ë°°	0000088011745	ë§ë³´ë¡œê³¨ë“œ6mg	1	0	0	0	13\n072	ë‹´ë°°	0000088017655	ë§ë³´ë¡œí•˜ì´ë¸Œë¦¬ë“œ5mg	1	0	0	0	23\n072	ë‹´ë°°	8809741171619	ëª½ìŠ¤ë²„ë¸”ëª¬ë¹…ë°°ëª½4.8ml	1	0	0	0	4\n072	ë‹´ë°°	0000088011158	ì‹œì¦Œ2mg	2	0	0	0	13\n072	ë‹´ë°°	8801116001194	ì—ì„ìˆ˜0.5mg	1	0	0	0	9\n072	ë‹´ë°°	8801116005314	ì—ì„ì²´ì¸ì§€1mg	1	0	0	0	17
[__main__][browser_log][INFO] 073	ì „ìë‹´ë°°	8801116012176	LILì•¡ìƒì¹´íŠ¸ë¦¬ì§€	10	0	0	0	107\n073	ì „ìë‹´ë°°	8801116013234	MIIXì•„ì´ìŠ¤ë”ë¸”	3	0	0	0	25\n073	ì „ìë‹´ë°°	0000088024189	í…Œë¦¬ì•„ë¸”ë™ë£¨ë¹„	2	0	0	0	19\n073	ì „ìë‹´ë°°	0000088023014	í…Œë¦¬ì•„ë¸”ë£¨	1	0	0	0	21\n073	ì „ìë‹´ë°°	0000088024134	í…Œë¦¬ì•„ì˜¤ì•„ì‹œìŠ¤í„	2	0	0	0	18
[__main__][browser_log][INFO] 900	ì†Œëª¨í’ˆ	2201148653150	ì¹œí™˜ê²½ë´‰íˆ¬íŒë§¤ìš©	2	0	0	0	-1,692
[__main__][main][INFO] Closing Chrome driver.
[__main__][main][INFO] _run_collection_cycle finished.
[__main__][main][INFO] Data collection cycle finished. Waiting for 30 minutes...
[__main__][main][INFO] 30 minutes wait completed. Starting next cycle.
[__main__][main][INFO] Starting new data collection cycle...
[__main__][main][INFO] _run_collection_cycle started.
[__main__][init][INFO] Initializing Chrome driver...
[login.login_bgf][login][INFO] Login script executed
[login.login_bgf][login][DEBUG] [ê²€ì¦] ë¹„ë°€ë²ˆí˜¸ í•„ë“œ ê°’: 1113
[login.login_bgf][login][INFO] Login succeeded
[utils.popup_util][modal_closer][INFO] Attempt 1/5 to find and close popups.
[utils.popup_util][modal_closer][INFO] Successfully simulated click on a popup close element.
[utils.popup_util][modal_closer][INFO] Attempt 2/5 to find and close popups.
[utils.popup_util][modal_closer][INFO] Successfully simulated click on a popup close element.
[utils.popup_util][modal_closer][INFO] Attempt 3/5 to find and close popups.
[utils.popup_util][modal_closer][INFO] Successfully simulated click on a popup close element.
[utils.popup_util][modal_closer][INFO] Attempt 4/5 to find and close popups.
[utils.popup_util][modal_closer][INFO] Successfully simulated click on a popup close element.
[utils.popup_util][modal_closer][INFO] Attempt 5/5 to find and close popups.
[utils.popup_util][modal_closer][INFO] Successfully simulated click on a popup close element.
[utils.popup_util][modal_closer][INFO] Finished popup closing process. Total closed: 5
[login.login_bgf][login][INFO] Closed 5 popups after login.
[__main__][login][INFO] Login successful.
[__main__][navigation][INFO] Navigating to sales page...
[__main__][navigation][DEBUG] Waiting for mix ratio page grid with selector: div[id*='gdList.body'][id*='cell_'][id$='_0:text']
[__main__][navigation][DEBUG] Mix ratio page grid found.
[__main__][navigation][INFO] Successfully navigated to sales page.
[__main__][collect][INFO] Starting data collection scripts.
[__main__][mid_category][INFO] mid_category logs: ['ğŸš€ collectMidCodes ì‹œì‘', 'ğŸ”„ ì¤‘ë¶„ë¥˜ ëª©ë¡ ìŠ¤ìº” ì‹œì‘', 'Found 22 mid-category cells.', 'Attempting to click mid-category: 001 with ID: mainframe.HFrameSet00.VFrameSet00.FrameSet.STMB011_M0.form.div_workForm.form.div2.form.gdList.body.gridrow_0.cell_0_0', '*********** íŠ¸ëœì­ì…˜ í˜¸ì¶œ ì „ svcID : searchDetail (strServiceUrl :svc::stmb011/selDetailSearch) (20250720072640)', '*********** íŠ¸ëœì­ì…˜ í˜¸ì¶œ ì „ httptimeout : 60', 'âœ… ì¤‘ë¶„ë¥˜ í´ë¦­: 001 (ë„ì‹œë½)']
[__main__][collect][INFO] Data collection complete.
[__main__][db][INFO] DB saved to c:\Users\kanur\OneDrive\ë¬¸ì„œ\GitHub\aaa\code_outputs\all_sales_data.db, inserted 8 rows
[__main__][browser_log][INFO] Extracted log data:
[__main__][browser_log][INFO] 001	ë„ì‹œë½	8809655891665	ë„)ë„˜ë²„ì›ì–‘ë…ìŒ€ì¹˜í‚¨1	1	0	0	0	0\n001	ë„ì‹œë½	8801771031802	ë„)í•œë¼ë§Œì¡±í•¨ë°•ì•¤ì¹˜í‚¨1	1	0	0	0	0
[__main__][browser_log][INFO] 002	ì£¼ë¨¹ë°¥	8809655891665	ë„)ë„˜ë²„ì›ì–‘ë…ìŒ€ì¹˜í‚¨1	1	0	0	0	0\n002	ì£¼ë¨¹ë°¥	8801771031802	ë„)í•œë¼ë§Œì¡±í•¨ë°•ì•¤ì¹˜í‚¨1	1	0	0	0	0
[__main__][browser_log][INFO] 005	í–„ë²„ê±°ë¥˜	8801068933475	í–„)3ë‹¨ë§¥ìŠ¤ìˆ¯ë¶ˆë°”ë² í1	1	0	0	0	0
[__main__][browser_log][INFO] 010	ì œì¡°ìŒë£Œ	2202000107644	25ë‰´getì•„ì´ìŠ¤ì•„ë©”XL	1	0	0	0	-115
[__main__][browser_log][INFO] 015	ë¹„ìŠ¤ì¼“/ì¿ í‚¤	8801019306495	í•´íƒœ)ì´ˆì½”í™ˆëŸ°ë³¼46g	1	0	0	0	3
[__main__][browser_log][INFO] 016	ìŠ¤ë‚µë¥˜	8801043036337	ë†ì‹¬)ì˜¤ì§•ì–´ì§‘78g	1	0	0	0	14\n016	ìŠ¤ë‚µë¥˜	8801043031431	ë†ì‹¬)ì«„ë³‘ë§¤ì½¤í•œë§›	1	0	0	0	4\n016	ìŠ¤ë‚µë¥˜	8801117760908	ì˜¤ë¦¬ì˜¨)ì˜¤ì§•ì–´ë•…ì½©98g	1	0	0	0	15\n016	ìŠ¤ë‚µë¥˜	8886467100055	í”„ë§ê¸€ìŠ¤)í•«ìŠ¤íŒŒì´ì‹œ110g	1	0	0	0	2
[__main__][browser_log][INFO] 020	ìº”ë””	8691216099074	ì‚¼ê²½)í•˜ë¦¬ë³´ë¯¹ìŠ¤ì‚¬ì›Œ	1	0	0	0	5\n020	ìº”ë””	8801117339302	ì˜¤ë¦¬ì˜¨)ì™•ê¿ˆí‹€ì´ì ¤ë¦¬67g	3	0	0	0	1
[__main__][browser_log][INFO] 022	ë§ˆë¥¸ì•ˆì£¼ë¥˜	8809081260073	ê²½ì§„)ê¾¸ì´ë§¨ë§¤ì½¤30g	2	0	0	0	2
[__main__][browser_log][INFO] 023	ìœ¡ê°€ê³µë¥˜	8801898163844	í‹°ë‹ˆí•‘)ë½€ë½€í•‘ë©”ì¶”ë¦¬ì•Œ5ì…	1	0	0	0	2\n023	ìœ¡ê°€ê³µë¥˜	8801898162847	í–‰ë³µ)ë©”ì¶”ë¦¬ì•Œì™ì™5ì…	1	0	0	0	2
[__main__][browser_log][INFO] 028	ì¶•ìˆ˜ì‚°ì‹ì¬ë£Œ	8801155834708	ë™ì›)ë´ë§ˆí¬ë¼ì´íŠ¸ìŠ¤íŠ¸ë§	5	0	0	0	2\n028	ì¶•ìˆ˜ì‚°ì‹ì¬ë£Œ	8801155834616	ë™ì›)ë´ë§ˆí¬ìŠ¤íŠ¸ë§ì¹˜ì¦ˆ	2	0	0	0	0
[__main__][browser_log][INFO] 032	ë©´ë¥˜	8801043015639	ë†ì‹¬)ê¹€ì¹˜ì‚¬ë°œë©´	3	0	0	0	5\n032	ë©´ë¥˜	8801043014984	ë†ì‹¬)ë„ˆêµ¬ë¦¬ì–¼í°	2	0	0	0	21\n032	ë©´ë¥˜	8801043015608	ë†ì‹¬)ì§œíŒŒê²Œí‹°ë²”ë²…ì†Œì»µ	1	0	0	0	7\n032	ë©´ë¥˜	8801128503235	íŒ”ë„)ê¹€ì¹˜ì™•ëšœê»‘ì™•ì»µ	1	0	0	0	8\n032	ë©´ë¥˜	8809695251412	íŒ”ë„)í‚¹ëšœê»‘	1	0	0	0	4
[__main__][browser_log][INFO] 035	ëƒ‰ì¥ì¦‰ì„ì‹	8809265025214	ê³ ë˜ì‚¬)ì–´ë¬µíƒ•ì‹œì›í•œë§›	1	0	0	0	2\n035	ëƒ‰ì¥ì¦‰ì„ì‹	8809948344021	íŒ”ë„í•œë¼)ì§¬ë½•ìˆœë‘ë¶€êµ­ë°¥	1	0	0	0	0
[__main__][browser_log][INFO] 040	ê¸°ëŠ¥ê±´ê°•ìŒë£Œ	8809626920295	ë§í‹°)ì œë¡œë³µìˆ­ì•„P500ml	1	0	0	0	4\n040	ê¸°ëŠ¥ê±´ê°•ìŒë£Œ	4897036691007	ì½”ì¹´)ëª¬ìŠ¤í„°ì—ë„ˆì§€ìº”355ml	4	0	0	0	7\n040	ê¸°ëŠ¥ê±´ê°•ìŒë£Œ	4897036694534	ì½”ì¹´)ëª¬ìŠ¤í„°íŒŒí”¼ìš©ìº”355	1	0	0	0	5
[__main__][browser_log][INFO] 041	ìƒìˆ˜	8801056055189	ë¡¯ë°)íŠ¸ë ˆë¹„ë¼ì„P500ml	2	0	0	0	3
[__main__][browser_log][INFO] 042	ì»¤í”¼ìŒë£Œ	8801037020519	ìŠ¤ë²…)ì‹œê·¸ë‹ˆì²˜ì´ˆì½œë¦¿200ml	1	0	0	0	7\n042	ì»¤í”¼ìŒë£Œ	8809388464471	ì´ë””ì•¼)ì‡¼ì½œë¼ëª¨ì¹´300ml	1	0	0	0	2
[__main__][browser_log][INFO] 043	ì°¨ìŒë£Œ	8806002009391	ê´‘ë™)ì§„í•œí—›ê°œì°¨P1.5L	1	0	0	0	2
[__main__][browser_log][INFO] 044	íƒ„ì‚°ìŒë£Œ	8801094017606	ì½”ì¹´)ì½”ì¹´ì½œë¼P500ml	1	0	0	0	9\n044	íƒ„ì‚°ìŒë£Œ	8801094013004	ì½”ì¹´)ì½”ì¹´ì½œë¼ìº”250ml	1	0	0	0	7\n044	íƒ„ì‚°ìŒë£Œ	8809495077793	í´ë£¹)ì œë¡œì†Œë‹¤ë ˆëª¬ìº”500ml	2	0	0	0	5\n044	íƒ„ì‚°ìŒë£Œ	8809495075478	í´ë£¹)ì œë¡œì†Œë‹¤í¬ë„ìº”500ml	2	0	0	0	3\n044	íƒ„ì‚°ìŒë£Œ	8806004000945	í˜„ëŒ€)ë¯¸ì—ë¡œí™”ì´ìŠ¤íŒŒí´500	2	0	0	0	3
[__main__][browser_log][INFO] 047	ìš°ìœ 	8801155745394	ë™ì›)ê°€ë‚˜ë””ë”¸ê¸°ìš°ìœ 500ml	1	0	0	0	2\n047	ìš°ìœ 	8801155745387	ë™ì›)ê°€ë‚˜ë””ì´ˆì½”ìš°ìœ 500ml	1	0	0	0	1\n047	ìš°ìœ 	0000088002798	ë¹™ê·¸ë ˆ)ë°”ë‚˜ë‚˜ìš°ìœ 240ml	1	0	0	0	11
[__main__][browser_log][INFO] 048	ì–¼ìŒ	8809197840107	del)ë¹…ì»µì–¼ìŒ230g	1	0	0	0	22
[__main__][browser_log][INFO] 049	ë§¥ì£¼	4901004006813	ì•„ì‚¬íˆìº”500ml	1	0	0	0	11\n049	ë§¥ì£¼	8801858042769	ì¹´ìŠ¤ë¼ì´íŠ¸ìº”500ml	1	0	0	0	16\n049	ë§¥ì£¼	8801858048167	ì¹´ìŠ¤ë ˆëª¬ìŠ¤í€´ì¦ˆ7.0ìº”500ml	1	0	0	0	8\n049	ë§¥ì£¼	8801119241511	í•„ë¼ì´íŠ¸í›„ë ˆì‰¬ìº”500ml	1	0	0	0	8
[__main__][browser_log][INFO] 050	ì†Œì£¼	8801048951017	ì‹ ì°¸ì´ìŠ¬ë³‘360mlì§€í•¨	2	0	0	0	23\n050	ì†Œì£¼	8801152136676	ì²˜ìŒì²˜ëŸ¼ìƒˆë¡œë³‘360ml	1	0	0	0	21
[__main__][browser_log][INFO] 051	ì „í†µì£¼	8802521122221	êµ­ìˆœë‹¹)ìŒ€ë§‰ê±¸ë¦¬750ml	1	0	0	0	8
[__main__][browser_log][INFO] 058	ì˜ë¥˜ìš©í’ˆ	8806366723414	ì—¬ì„±ë°œëª©ì–‘ë§	1	0	0	0	26
[__main__][browser_log][INFO] 060	í™ˆ/ì£¼ë°©ìš©í’ˆ	2200000079947	ì¢…ëŸ‰(ê°€ì •)20L	1	0	0	0	-43
[__main__][browser_log][INFO] 072	ë‹´ë°°	0000088022680	ë˜í1mg	1	0	0	0	19\n072	ë‹´ë°°	0000088022666	ë˜í6mg	1	0	0	0	33\n072	ë‹´ë°°	0000088006604	ë””ìŠ¤í”ŒëŸ¬ìŠ¤5mg	1	0	0	0	19\n072	ë‹´ë°°	8801116006830	ë ˆì¢…í”„ë Œì¹˜ë¸”ë™3mg	1	0	0	0	29\n072	ë‹´ë°°	8801116019397	ë ˆì¢…í”„ë Œì¹˜ì•„ì´ìŠ¤ë¸”ë‘2mg	1	0	0	0	3\n072	ë‹´ë°°	8801116007172	ë ˆì¢…í”„ë Œì¹˜ìš”ê³ 1ã	1	0	0	0	9\n072	ë‹´ë°°	0000088011745	ë§ë³´ë¡œê³¨ë“œ6mg	1	0	0	0	13\n072	ë‹´ë°°	0000088017655	ë§ë³´ë¡œí•˜ì´ë¸Œë¦¬ë“œ5mg	1	0	0	0	23\n072	ë‹´ë°°	8809741171619	ëª½ìŠ¤ë²„ë¸”ëª¬ë¹…ë°°ëª½4.8ml	1	0	0	0	4\n072	ë‹´ë°°	0000088011158	ì‹œì¦Œ2mg	2	0	0	0	13\n072	ë‹´ë°°	8801116001194	ì—ì„ìˆ˜0.5mg	1	0	0	0	9\n072	ë‹´ë°°	8801116005314	ì—ì„ì²´ì¸ì§€1mg	1	0	0	0	17\n072	ë‹´ë°°	8801116005574	ì—ì„ì²´ì¸ì§€4mg	1	0	0	0	10
[__main__][browser_log][INFO] 073	ì „ìë‹´ë°°	8801116012176	LILì•¡ìƒì¹´íŠ¸ë¦¬ì§€	10	0	0	0	107\n073	ì „ìë‹´ë°°	8801116013234	MIIXì•„ì´ìŠ¤ë”ë¸”	3	0	0	0	25\n073	ì „ìë‹´ë°°	0000088024189	í…Œë¦¬ì•„ë¸”ë™ë£¨ë¹„	2	0	0	0	19\n073	ì „ìë‹´ë°°	0000088023014	í…Œë¦¬ì•„ë¸”ë£¨	1	0	0	0	21\n073	ì „ìë‹´ë°°	0000088024134	í…Œë¦¬ì•„ì˜¤ì•„ì‹œìŠ¤í„	2	0	0	0	18
[__main__][browser_log][INFO] 900	ì†Œëª¨í’ˆ	2201148653150	ì¹œí™˜ê²½ë´‰íˆ¬íŒë§¤ìš©	3	0	0	0	-1,693
[__main__][main][INFO] Closing Chrome driver.
[__main__][main][INFO] _run_collection_cycle finished.
[__main__][main][INFO] Data collection cycle finished. Waiting for 30 minutes...
[__main__][main][INFO] 30 minutes wait completed. Starting next cycle.
[__main__][main][INFO] Starting new data collection cycle...
[__main__][main][INFO] _run_collection_cycle started.
[__main__][init][INFO] Initializing Chrome driver...
[login.login_bgf][login][INFO] Login script executed
[login.login_bgf][login][DEBUG] [ê²€ì¦] ë¹„ë°€ë²ˆí˜¸ í•„ë“œ ê°’: 1113
[login.login_bgf][login][INFO] Login succeeded
[utils.popup_util][modal_closer][INFO] Attempt 1/5 to find and close popups.
[utils.popup_util][modal_closer][INFO] Successfully simulated click on a popup close element.
[utils.popup_util][modal_closer][INFO] Attempt 2/5 to find and close popups.
[utils.popup_util][modal_closer][INFO] Successfully simulated click on a popup close element.
[utils.popup_util][modal_closer][INFO] Attempt 3/5 to find and close popups.
[utils.popup_util][modal_closer][INFO] Successfully simulated click on a popup close element.
[utils.popup_util][modal_closer][INFO] Attempt 4/5 to find and close popups.
[utils.popup_util][modal_closer][INFO] Successfully simulated click on a popup close element.
[utils.popup_util][modal_closer][INFO] Attempt 5/5 to find and close popups.
[utils.popup_util][modal_closer][INFO] Successfully simulated click on a popup close element.
[utils.popup_util][modal_closer][INFO] Finished popup closing process. Total closed: 5
[login.login_bgf][login][INFO] Closed 5 popups after login.
[__main__][login][INFO] Login successful.
[__main__][navigation][INFO] Navigating to sales page...
[__main__][navigation][DEBUG] Waiting for mix ratio page grid with selector: div[id*='gdList.body'][id*='cell_'][id$='_0:text']
[__main__][navigation][DEBUG] Mix ratio page grid found.
[__main__][navigation][INFO] Successfully navigated to sales page.
[__main__][collect][INFO] Starting data collection scripts.
[__main__][mid_category][INFO] mid_category logs: ['ğŸš€ collectMidCodes ì‹œì‘', 'ğŸ”„ ì¤‘ë¶„ë¥˜ ëª©ë¡ ìŠ¤ìº” ì‹œì‘', 'Found 22 mid-category cells.', 'Attempting to click mid-category: 001 with ID: mainframe.HFrameSet00.VFrameSet00.FrameSet.STMB011_M0.form.div_workForm.form.div2.form.gdList.body.gridrow_0.cell_0_0', '*********** íŠ¸ëœì­ì…˜ í˜¸ì¶œ ì „ svcID : searchDetail (strServiceUrl :svc::stmb011/selDetailSearch) (20250720075800)', '*********** íŠ¸ëœì­ì…˜ í˜¸ì¶œ ì „ httptimeout : 60', 'âœ… ì¤‘ë¶„ë¥˜ í´ë¦­: 001 (ë„ì‹œë½)']
[__main__][collect][INFO] Data collection complete.
[__main__][db][INFO] DB saved to c:\Users\kanur\OneDrive\ë¬¸ì„œ\GitHub\aaa\code_outputs\all_sales_data.db, inserted 8 rows
[__main__][browser_log][INFO] Extracted log data:
[__main__][browser_log][INFO] 001	ë„ì‹œë½	8809655891665	ë„)ë„˜ë²„ì›ì–‘ë…ìŒ€ì¹˜í‚¨1	1	0	0	0	0\n001	ë„ì‹œë½	8801771031802	ë„)í•œë¼ë§Œì¡±í•¨ë°•ì•¤ì¹˜í‚¨1	1	0	0	0	0
[__main__][browser_log][INFO] 002	ì£¼ë¨¹ë°¥	8800279670889	ì£¼)3XLë² ì´ì»¨í–„ë§ˆìš”ê¹€ì¹˜1	1	0	0	0	-1\n002	ì£¼ë¨¹ë°¥	8801771033981	ì£¼)ë¦¬ì¹˜ì¹˜í‚¨ë§ˆìš”ì‚¼ê°1	1	0	0	0	0\n002	ì£¼ë¨¹ë°¥	8800279675808	ì£¼)ì••ë„ì ë¦¬ì¹˜ìŠ¤íŒ¸ë§ˆìš”1	1	0	0	0	-1\n002	ì£¼ë¨¹ë°¥	8809948346629	ì£¼)ì°¸ì¹˜ë§ˆìš”ê¹€ì¹˜ì œìœ¡ë”ë¸”1	1	0	0	0	-1\n002	ì£¼ë¨¹ë°¥	8800279675105	ì£¼)ì²­ì–‘ì°¸ì¹˜ë§ˆìš”ì‚¼ê°1	1	0	0	0	0
[__main__][browser_log][INFO] 005	í–„ë²„ê±°ë¥˜	8801068933475	í–„)3ë‹¨ë§¥ìŠ¤ìˆ¯ë¶ˆë°”ë² í1	1	0	0	0	0
[__main__][browser_log][INFO] 010	ì œì¡°ìŒë£Œ	2202000107644	25ë‰´getì•„ì´ìŠ¤ì•„ë©”XL	1	0	0	0	-115
[__main__][browser_log][INFO] 015	ë¹„ìŠ¤ì¼“/ì¿ í‚¤	8801019306495	í•´íƒœ)ì´ˆì½”í™ˆëŸ°ë³¼46g	1	0	0	0	3
[__main__][browser_log][INFO] 016	ìŠ¤ë‚µë¥˜	8801043036337	ë†ì‹¬)ì˜¤ì§•ì–´ì§‘78g	1	0	0	0	14\n016	ìŠ¤ë‚µë¥˜	8801043031431	ë†ì‹¬)ì«„ë³‘ë§¤ì½¤í•œë§›	1	0	0	0	4\n016	ìŠ¤ë‚µë¥˜	8801117760908	ì˜¤ë¦¬ì˜¨)ì˜¤ì§•ì–´ë•…ì½©98g	1	0	0	0	15\n016	ìŠ¤ë‚µë¥˜	8886467100055	í”„ë§ê¸€ìŠ¤)í•«ìŠ¤íŒŒì´ì‹œ110g	1	0	0	0	2
[__main__][browser_log][INFO] 020	ìº”ë””	8691216099074	ì‚¼ê²½)í•˜ë¦¬ë³´ë¯¹ìŠ¤ì‚¬ì›Œ	1	0	0	0	5\n020	ìº”ë””	8801117339302	ì˜¤ë¦¬ì˜¨)ì™•ê¿ˆí‹€ì´ì ¤ë¦¬67g	3	0	0	0	1
[__main__][browser_log][INFO] 022	ë§ˆë¥¸ì•ˆì£¼ë¥˜	8809081260073	ê²½ì§„)ê¾¸ì´ë§¨ë§¤ì½¤30g	2	0	0	0	2
[__main__][browser_log][INFO] 023	ìœ¡ê°€ê³µë¥˜	8801898163844	í‹°ë‹ˆí•‘)ë½€ë½€í•‘ë©”ì¶”ë¦¬ì•Œ5ì…	1	0	0	0	2\n023	ìœ¡ê°€ê³µë¥˜	8801898162847	í–‰ë³µ)ë©”ì¶”ë¦¬ì•Œì™ì™5ì…	1	0	0	0	2
[__main__][browser_log][INFO] 028	ì¶•ìˆ˜ì‚°ì‹ì¬ë£Œ	8801155834708	ë™ì›)ë´ë§ˆí¬ë¼ì´íŠ¸ìŠ¤íŠ¸ë§	5	0	0	0	2\n028	ì¶•ìˆ˜ì‚°ì‹ì¬ë£Œ	8801155834616	ë™ì›)ë´ë§ˆí¬ìŠ¤íŠ¸ë§ì¹˜ì¦ˆ	2	0	0	0	0
[__main__][browser_log][INFO] 032	ë©´ë¥˜	8801043015639	ë†ì‹¬)ê¹€ì¹˜ì‚¬ë°œë©´	3	0	0	0	5\n032	ë©´ë¥˜	8801043014984	ë†ì‹¬)ë„ˆêµ¬ë¦¬ì–¼í°	2	0	0	0	21\n032	ë©´ë¥˜	8801043015653	ë†ì‹¬)ìœ¡ê°œì¥ì‚¬ë°œë©´	1	0	0	0	22\n032	ë©´ë¥˜	8801043015608	ë†ì‹¬)ì§œíŒŒê²Œí‹°ë²”ë²…ì†Œì»µ	1	0	0	0	7\n032	ë©´ë¥˜	8801045570068	ì˜¤ëšœê¸°)ì§„ë¼ë©´ìˆœí•œì†Œì»µ	1	0	0	0	2\n032	ë©´ë¥˜	8801128503235	íŒ”ë„)ê¹€ì¹˜ì™•ëšœê»‘ì™•ì»µ	1	0	0	0	8\n032	ë©´ë¥˜	8801128503211	íŒ”ë„)ì™•ëšœê»‘ì™•ì»µ	1	0	0	0	9\n032	ë©´ë¥˜	8809695251412	íŒ”ë„)í‚¹ëšœê»‘	1	0	0	0	4
[__main__][browser_log][INFO] 035	ëƒ‰ì¥ì¦‰ì„ì‹	8809265025214	ê³ ë˜ì‚¬)ì–´ë¬µíƒ•ì‹œì›í•œë§›	1	0	0	0	2\n035	ëƒ‰ì¥ì¦‰ì„ì‹	8809948344021	íŒ”ë„í•œë¼)ì§¬ë½•ìˆœë‘ë¶€êµ­ë°¥	1	0	0	0	0
[__main__][browser_log][INFO] 040	ê¸°ëŠ¥ê±´ê°•ìŒë£Œ	8809626920295	ë§í‹°)ì œë¡œë³µìˆ­ì•„P500ml	2	0	0	0	3\n040	ê¸°ëŠ¥ê±´ê°•ìŒë£Œ	4897036691007	ì½”ì¹´)ëª¬ìŠ¤í„°ì—ë„ˆì§€ìº”355ml	4	0	0	0	7\n040	ê¸°ëŠ¥ê±´ê°•ìŒë£Œ	4897036694534	ì½”ì¹´)ëª¬ìŠ¤í„°íŒŒí”¼ìš©ìº”355	1	0	0	0	5
[__main__][browser_log][INFO] 041	ìƒìˆ˜	8801056055189	ë¡¯ë°)íŠ¸ë ˆë¹„ë¼ì„P500ml	2	0	0	0	3
[__main__][browser_log][INFO] 042	ì»¤í”¼ìŒë£Œ	8801037020519	ìŠ¤ë²…)ì‹œê·¸ë‹ˆì²˜ì´ˆì½œë¦¿200ml	1	0	0	0	7\n042	ì»¤í”¼ìŒë£Œ	8809388464471	ì´ë””ì•¼)ì‡¼ì½œë¼ëª¨ì¹´300ml	1	0	0	0	2
[__main__][browser_log][INFO] 043	ì°¨ìŒë£Œ	8806002009391	ê´‘ë™)ì§„í•œí—›ê°œì°¨P1.5L	1	0	0	0	2
[__main__][browser_log][INFO] 044	íƒ„ì‚°ìŒë£Œ	8801094017606	ì½”ì¹´)ì½”ì¹´ì½œë¼P500ml	1	0	0	0	9\n044	íƒ„ì‚°ìŒë£Œ	8801094013004	ì½”ì¹´)ì½”ì¹´ì½œë¼ìº”250ml	1	0	0	0	7\n044	íƒ„ì‚°ìŒë£Œ	8809495077793	í´ë£¹)ì œë¡œì†Œë‹¤ë ˆëª¬ìº”500ml	2	0	0	0	5\n044	íƒ„ì‚°ìŒë£Œ	8809495075478	í´ë£¹)ì œë¡œì†Œë‹¤í¬ë„ìº”500ml	2	0	0	0	3\n044	íƒ„ì‚°ìŒë£Œ	8806004000945	í˜„ëŒ€)ë¯¸ì—ë¡œí™”ì´ìŠ¤íŒŒí´500	2	0	0	0	3
[__main__][browser_log][INFO] 047	ìš°ìœ 	8801155745394	ë™ì›)ê°€ë‚˜ë””ë”¸ê¸°ìš°ìœ 500ml	1	0	0	0	2\n047	ìš°ìœ 	8801155745387	ë™ì›)ê°€ë‚˜ë””ì´ˆì½”ìš°ìœ 500ml	1	0	0	0	1\n047	ìš°ìœ 	8801104942935	ë¹™ê·¸ë ˆ)ë”ë‹¨ë°±ë”¸ê¸°ë“œë§í¬	3	0	0	0	0\n047	ìš°ìœ 	0000088002798	ë¹™ê·¸ë ˆ)ë°”ë‚˜ë‚˜ìš°ìœ 240ml	2	0	0	0	10
[__main__][browser_log][INFO] 048	ì–¼ìŒ	8809197840107	del)ë¹…ì»µì–¼ìŒ230g	1	0	0	0	22
[__main__][browser_log][INFO] 049	ë§¥ì£¼	4901004006813	ì•„ì‚¬íˆìº”500ml	1	0	0	0	11\n049	ë§¥ì£¼	8801858042769	ì¹´ìŠ¤ë¼ì´íŠ¸ìº”500ml	1	0	0	0	16\n049	ë§¥ì£¼	8801858048167	ì¹´ìŠ¤ë ˆëª¬ìŠ¤í€´ì¦ˆ7.0ìº”500ml	1	0	0	0	8\n049	ë§¥ì£¼	8801119241511	í•„ë¼ì´íŠ¸í›„ë ˆì‰¬ìº”500ml	1	0	0	0	8
[__main__][browser_log][INFO] 050	ì†Œì£¼	8801048951017	ì‹ ì°¸ì´ìŠ¬ë³‘360mlì§€í•¨	2	0	0	0	23\n050	ì†Œì£¼	8801152136676	ì²˜ìŒì²˜ëŸ¼ìƒˆë¡œë³‘360ml	1	0	0	0	21
[__main__][browser_log][INFO] 051	ì „í†µì£¼	8802521122221	êµ­ìˆœë‹¹)ìŒ€ë§‰ê±¸ë¦¬750ml	1	0	0	0	8
[__main__][browser_log][INFO] 058	ì˜ë¥˜ìš©í’ˆ	8806366723414	ì—¬ì„±ë°œëª©ì–‘ë§	1	0	0	0	26
[__main__][browser_log][INFO] 060	í™ˆ/ì£¼ë°©ìš©í’ˆ	2200000079947	ì¢…ëŸ‰(ê°€ì •)20L	1	0	0	0	-43
[__main__][browser_log][INFO] 062	ì „ê¸°ì—°ë£Œ	8803651000045	ì—ì´ìŠ¤)ì¼íšŒìš©ëŒë¼ì´í„°	1	0	0	0	48
[__main__][browser_log][INFO] 072	ë‹´ë°°	0000088022680	ë˜í1mg	1	0	0	0	19\n072	ë‹´ë°°	0000088022666	ë˜í6mg	1	0	0	0	33\n072	ë‹´ë°°	0000088006604	ë””ìŠ¤í”ŒëŸ¬ìŠ¤5mg	1	0	0	0	19\n072	ë‹´ë°°	8801116006830	ë ˆì¢…í”„ë Œì¹˜ë¸”ë™3mg	1	0	0	0	29\n072	ë‹´ë°°	8801116019397	ë ˆì¢…í”„ë Œì¹˜ì•„ì´ìŠ¤ë¸”ë‘2mg	1	0	0	0	3\n072	ë‹´ë°°	8801116007172	ë ˆì¢…í”„ë Œì¹˜ìš”ê³ 1ã	3	0	0	0	7\n072	ë‹´ë°°	0000088011745	ë§ë³´ë¡œê³¨ë“œ6mg	1	0	0	0	13\n072	ë‹´ë°°	0000088017655	ë§ë³´ë¡œí•˜ì´ë¸Œë¦¬ë“œ5mg	1	0	0	0	23\n072	ë‹´ë°°	8809741171619	ëª½ìŠ¤ë²„ë¸”ëª¬ë¹…ë°°ëª½4.8ml	1	0	0	0	4\n072	ë‹´ë°°	0000088011158	ì‹œì¦Œ2mg	2	0	0	0	13\n072	ë‹´ë°°	8801116001194	ì—ì„ìˆ˜0.5mg	1	0	0	0	9\n072	ë‹´ë°°	8801116005314	ì—ì„ì²´ì¸ì§€1mg	1	0	0	0	17\n072	ë‹´ë°°	8801116005574	ì—ì„ì²´ì¸ì§€4mg	1	0	0	0	10
[__main__][browser_log][INFO] 073	ì „ìë‹´ë°°	8801116012176	LILì•¡ìƒì¹´íŠ¸ë¦¬ì§€	10	0	0	0	107\n073	ì „ìë‹´ë°°	8801116013234	MIIXì•„ì´ìŠ¤ë”ë¸”	3	0	0	0	25\n073	ì „ìë‹´ë°°	0000088024189	í…Œë¦¬ì•„ë¸”ë™ë£¨ë¹„	2	0	0	0	19\n073	ì „ìë‹´ë°°	0000088023014	í…Œë¦¬ì•„ë¸”ë£¨	1	0	0	0	21\n073	ì „ìë‹´ë°°	0000088024134	í…Œë¦¬ì•„ì˜¤ì•„ì‹œìŠ¤í„	2	0	0	0	18
[__main__][browser_log][INFO] 900	ì†Œëª¨í’ˆ	2201148653150	ì¹œí™˜ê²½ë´‰íˆ¬íŒë§¤ìš©	3	0	0	0	-1,693
[__main__][main][INFO] Closing Chrome driver.
[__main__][main][INFO] _run_collection_cycle finished.
[__main__][main][INFO] Data collection cycle finished. Waiting for 30 minutes...
[__main__][main][INFO] 30 minutes wait completed. Starting next cycle.
[__main__][main][INFO] Starting new data collection cycle...
[__main__][main][INFO] _run_collection_cycle started.
[__main__][init][INFO] Initializing Chrome driver...
[login.login_bgf][login][INFO] Login script executed
[login.login_bgf][login][DEBUG] [ê²€ì¦] ë¹„ë°€ë²ˆí˜¸ í•„ë“œ ê°’: 1113
[login.login_bgf][login][INFO] Login succeeded
[utils.popup_util][modal_closer][INFO] Attempt 1/5 to find and close popups.
[utils.popup_util][modal_closer][INFO] Successfully simulated click on a popup close element.
[utils.popup_util][modal_closer][INFO] Attempt 2/5 to find and close popups.
[utils.popup_util][modal_closer][INFO] Successfully simulated click on a popup close element.
[utils.popup_util][modal_closer][INFO] Attempt 3/5 to find and close popups.
[utils.popup_util][modal_closer][INFO] Successfully simulated click on a popup close element.
[utils.popup_util][modal_closer][INFO] Attempt 4/5 to find and close popups.
[utils.popup_util][modal_closer][INFO] Successfully simulated click on a popup close element.
[utils.popup_util][modal_closer][INFO] Attempt 5/5 to find and close popups.
[utils.popup_util][modal_closer][INFO] Successfully simulated click on a popup close element.
[utils.popup_util][modal_closer][INFO] Finished popup closing process. Total closed: 5
[login.login_bgf][login][INFO] Closed 5 popups after login.
[__main__][login][INFO] Login successful.
[__main__][navigation][INFO] Navigating to sales page...
[__main__][navigation][DEBUG] Waiting for mix ratio page grid with selector: div[id*='gdList.body'][id*='cell_'][id$='_0:text']
[__main__][navigation][DEBUG] Mix ratio page grid found.
[__main__][navigation][INFO] Successfully navigated to sales page.
[__main__][collect][INFO] Starting data collection scripts.
[__main__][mid_category][INFO] mid_category logs: ['ğŸš€ collectMidCodes ì‹œì‘', 'ğŸ”„ ì¤‘ë¶„ë¥˜ ëª©ë¡ ìŠ¤ìº” ì‹œì‘', 'Found 22 mid-category cells.', 'Attempting to click mid-category: 001 with ID: mainframe.HFrameSet00.VFrameSet00.FrameSet.STMB011_M0.form.div_workForm.form.div2.form.gdList.body.gridrow_0.cell_0_0', '*********** íŠ¸ëœì­ì…˜ í˜¸ì¶œ ì „ svcID : searchDetail (strServiceUrl :svc::stmb011/selDetailSearch) (20250720082922)', '*********** íŠ¸ëœì­ì…˜ í˜¸ì¶œ ì „ httptimeout : 60', 'âœ… ì¤‘ë¶„ë¥˜ í´ë¦­: 001 (ë„ì‹œë½)']
[__main__][collect][INFO] Data collection complete.
[__main__][db][INFO] DB saved to c:\Users\kanur\OneDrive\ë¬¸ì„œ\GitHub\aaa\code_outputs\all_sales_data.db, inserted 5 rows
[__main__][browser_log][INFO] Extracted log data:
[__main__][browser_log][INFO] 001	ë„ì‹œë½	8809655891665	ë„)ë„˜ë²„ì›ì–‘ë…ìŒ€ì¹˜í‚¨1	1	0	0	0	0\n001	ë„ì‹œë½	8801771031802	ë„)í•œë¼ë§Œì¡±í•¨ë°•ì•¤ì¹˜í‚¨1	1	0	0	0	0
[__main__][browser_log][INFO] 002	ì£¼ë¨¹ë°¥	8809655891665	ë„)ë„˜ë²„ì›ì–‘ë…ìŒ€ì¹˜í‚¨1	1	0	0	0	0\n002	ì£¼ë¨¹ë°¥	8801771031802	ë„)í•œë¼ë§Œì¡±í•¨ë°•ì•¤ì¹˜í‚¨1	1	0	0	0	0
[__main__][browser_log][INFO] 005	í–„ë²„ê±°ë¥˜	8801068933475	í–„)3ë‹¨ë§¥ìŠ¤ìˆ¯ë¶ˆë°”ë² í1	1	0	0	0	0
[__main__][browser_log][INFO] 010	ì œì¡°ìŒë£Œ	2202000107644	25ë‰´getì•„ì´ìŠ¤ì•„ë©”XL	1	0	0	0	-115
[__main__][browser_log][INFO] 015	ë¹„ìŠ¤ì¼“/ì¿ í‚¤	8801019306495	í•´íƒœ)ì´ˆì½”í™ˆëŸ°ë³¼46g	1	0	0	0	3
[__main__][browser_log][INFO] 016	ìŠ¤ë‚µë¥˜	8801043036337	ë†ì‹¬)ì˜¤ì§•ì–´ì§‘78g	1	0	0	0	14\n016	ìŠ¤ë‚µë¥˜	8801043031431	ë†ì‹¬)ì«„ë³‘ë§¤ì½¤í•œë§›	1	0	0	0	4\n016	ìŠ¤ë‚µë¥˜	8801117760908	ì˜¤ë¦¬ì˜¨)ì˜¤ì§•ì–´ë•…ì½©98g	1	0	0	0	15\n016	ìŠ¤ë‚µë¥˜	8886467100055	í”„ë§ê¸€ìŠ¤)í•«ìŠ¤íŒŒì´ì‹œ110g	1	0	0	0	2
[__main__][browser_log][INFO] 020	ìº”ë””	8691216099074	ì‚¼ê²½)í•˜ë¦¬ë³´ë¯¹ìŠ¤ì‚¬ì›Œ	1	0	0	0	5\n020	ìº”ë””	8801117339302	ì˜¤ë¦¬ì˜¨)ì™•ê¿ˆí‹€ì´ì ¤ë¦¬67g	3	0	0	0	1
[__main__][browser_log][INFO] 022	ë§ˆë¥¸ì•ˆì£¼ë¥˜	8809081260073	ê²½ì§„)ê¾¸ì´ë§¨ë§¤ì½¤30g	2	0	0	0	2
[__main__][browser_log][INFO] 023	ìœ¡ê°€ê³µë¥˜	8801898163844	í‹°ë‹ˆí•‘)ë½€ë½€í•‘ë©”ì¶”ë¦¬ì•Œ5ì…	1	0	0	0	2\n023	ìœ¡ê°€ê³µë¥˜	8801898162847	í–‰ë³µ)ë©”ì¶”ë¦¬ì•Œì™ì™5ì…	1	0	0	0	2
[__main__][browser_log][INFO] 028	ì¶•ìˆ˜ì‚°ì‹ì¬ë£Œ	8801155834708	ë™ì›)ë´ë§ˆí¬ë¼ì´íŠ¸ìŠ¤íŠ¸ë§	5	0	0	0	2\n028	ì¶•ìˆ˜ì‚°ì‹ì¬ë£Œ	8801155834616	ë™ì›)ë´ë§ˆí¬ìŠ¤íŠ¸ë§ì¹˜ì¦ˆ	2	0	0	0	0
[__main__][browser_log][INFO] 032	ë©´ë¥˜	8801043015639	ë†ì‹¬)ê¹€ì¹˜ì‚¬ë°œë©´	3	0	0	0	5\n032	ë©´ë¥˜	8801043014984	ë†ì‹¬)ë„ˆêµ¬ë¦¬ì–¼í°	2	0	0	0	21\n032	ë©´ë¥˜	8801043014731	ë†ì‹¬)ì•ˆì„±íƒ•ë©´	5	0	0	0	4\n032	ë©´ë¥˜	8801043015653	ë†ì‹¬)ìœ¡ê°œì¥ì‚¬ë°œë©´	1	0	0	0	22\n032	ë©´ë¥˜	8801043015226	ë†ì‹¬)ì§œíŒŒê²Œí‹°	5	0	0	0	11\n032	ë©´ë¥˜	8801043015608	ë†ì‹¬)ì§œíŒŒê²Œí‹°ë²”ë²…ì†Œì»µ	1	0	0	0	7\n032	ë©´ë¥˜	8801045570068	ì˜¤ëšœê¸°)ì§„ë¼ë©´ìˆœí•œì†Œì»µ	1	0	0	0	2\n032	ë©´ë¥˜	8801128503235	íŒ”ë„)ê¹€ì¹˜ì™•ëšœê»‘ì™•ì»µ	1	0	0	0	8\n032	ë©´ë¥˜	8801128503211	íŒ”ë„)ì™•ëšœê»‘ì™•ì»µ	1	0	0	0	9\n032	ë©´ë¥˜	8809695251412	íŒ”ë„)í‚¹ëšœê»‘	1	0	0	0	4
[__main__][browser_log][INFO] 035	ëƒ‰ì¥ì¦‰ì„ì‹	8809265025214	ê³ ë˜ì‚¬)ì–´ë¬µíƒ•ì‹œì›í•œë§›	1	0	0	0	2\n035	ëƒ‰ì¥ì¦‰ì„ì‹	8809948344021	íŒ”ë„í•œë¼)ì§¬ë½•ìˆœë‘ë¶€êµ­ë°¥	1	0	0	0	0
[__main__][browser_log][INFO] 040	ê¸°ëŠ¥ê±´ê°•ìŒë£Œ	8809626920295	ë§í‹°)ì œë¡œë³µìˆ­ì•„P500ml	2	0	0	0	3\n040	ê¸°ëŠ¥ê±´ê°•ìŒë£Œ	4897036691007	ì½”ì¹´)ëª¬ìŠ¤í„°ì—ë„ˆì§€ìº”355ml	4	0	0	0	7\n040	ê¸°ëŠ¥ê±´ê°•ìŒë£Œ	4897036694534	ì½”ì¹´)ëª¬ìŠ¤í„°íŒŒí”¼ìš©ìº”355	1	0	0	0	5
[__main__][browser_log][INFO] 041	ìƒìˆ˜	8801056055189	ë¡¯ë°)íŠ¸ë ˆë¹„ë¼ì„P500ml	2	0	0	0	3
[__main__][browser_log][INFO] 042	ì»¤í”¼ìŒë£Œ	8801037020519	ìŠ¤ë²…)ì‹œê·¸ë‹ˆì²˜ì´ˆì½œë¦¿200ml	1	0	0	0	7\n042	ì»¤í”¼ìŒë£Œ	8809388463931	ì´ë””ì•¼)ëŒì²´ì½œë“œë¸Œë£¨300ml	3	0	0	0	1\n042	ì»¤í”¼ìŒë£Œ	8809388464471	ì´ë””ì•¼)ì‡¼ì½œë¼ëª¨ì¹´300ml	1	0	0	0	2
[__main__][browser_log][INFO] 043	ì°¨ìŒë£Œ	8806002009391	ê´‘ë™)ì§„í•œí—›ê°œì°¨P1.5L	1	0	0	0	2\n043	ì°¨ìŒë£Œ	8801047284482	ë™ì›)ë³µìˆ­ì•„ì œë¡œì•„ì´ìŠ¤500	2	0	0	0	3
[__main__][browser_log][INFO] 044	íƒ„ì‚°ìŒë£Œ	8801094017606	ì½”ì¹´)ì½”ì¹´ì½œë¼P500ml	1	0	0	0	9\n044	íƒ„ì‚°ìŒë£Œ	8801094013004	ì½”ì¹´)ì½”ì¹´ì½œë¼ìº”250ml	1	0	0	0	7\n044	íƒ„ì‚°ìŒë£Œ	8809495077793	í´ë£¹)ì œë¡œì†Œë‹¤ë ˆëª¬ìº”500ml	2	0	0	0	5\n044	íƒ„ì‚°ìŒë£Œ	8809495075478	í´ë£¹)ì œë¡œì†Œë‹¤í¬ë„ìº”500ml	2	0	0	0	3\n044	íƒ„ì‚°ìŒë£Œ	8806004000945	í˜„ëŒ€)ë¯¸ì—ë¡œí™”ì´ìŠ¤íŒŒí´500	2	0	0	0	3
[__main__][browser_log][INFO] 047	ìš°ìœ 	8801155745394	ë™ì›)ê°€ë‚˜ë””ë”¸ê¸°ìš°ìœ 500ml	1	0	0	0	2\n047	ìš°ìœ 	8801155745387	ë™ì›)ê°€ë‚˜ë””ì´ˆì½”ìš°ìœ 500ml	1	0	0	0	1\n047	ìš°ìœ 	8801104942935	ë¹™ê·¸ë ˆ)ë”ë‹¨ë°±ë”¸ê¸°ë“œë§í¬	3	0	0	0	0\n047	ìš°ìœ 	0000088002798	ë¹™ê·¸ë ˆ)ë°”ë‚˜ë‚˜ìš°ìœ 240ml	2	0	0	0	10\n047	ìš°ìœ 	8801115118886	ì„œìš¸)ë‚´ì•ˆì˜ì§„ì§œì´ˆì½”280ml	2	0	0	0	2
[__main__][browser_log][INFO] 048	ì–¼ìŒ	8809197840107	del)ë¹…ì»µì–¼ìŒ230g	1	0	0	0	22\n048	ì–¼ìŒ	8809197840091	del)ì»µì–¼ìŒ180g	1	0	0	0	25
[__main__][browser_log][INFO] 049	ë§¥ì£¼	4901004006813	ì•„ì‚¬íˆìº”500ml	1	0	0	0	11\n049	ë§¥ì£¼	8801858042769	ì¹´ìŠ¤ë¼ì´íŠ¸ìº”500ml	1	0	0	0	16\n049	ë§¥ì£¼	8801858048167	ì¹´ìŠ¤ë ˆëª¬ìŠ¤í€´ì¦ˆ7.0ìº”500ml	1	0	0	0	8\n049	ë§¥ì£¼	8801119241511	í•„ë¼ì´íŠ¸í›„ë ˆì‰¬ìº”500ml	1	0	0	0	8
[__main__][browser_log][INFO] 050	ì†Œì£¼	8801048951017	ì‹ ì°¸ì´ìŠ¬ë³‘360mlì§€í•¨	2	0	0	0	23\n050	ì†Œì£¼	8801152136676	ì²˜ìŒì²˜ëŸ¼ìƒˆë¡œë³‘360ml	1	0	0	0	21
[__main__][browser_log][INFO] 051	ì „í†µì£¼	8802521122221	êµ­ìˆœë‹¹)ìŒ€ë§‰ê±¸ë¦¬750ml	1	0	0	0	8
[__main__][browser_log][INFO] 058	ì˜ë¥˜ìš©í’ˆ	8806366723414	ì—¬ì„±ë°œëª©ì–‘ë§	1	0	0	0	26
[__main__][browser_log][INFO] 060	í™ˆ/ì£¼ë°©ìš©í’ˆ	2200000079947	ì¢…ëŸ‰(ê°€ì •)20L	1	0	0	0	-43
[__main__][browser_log][INFO] 062	ì „ê¸°ì—°ë£Œ	8803651000045	ì—ì´ìŠ¤)ì¼íšŒìš©ëŒë¼ì´í„°	1	0	0	0	48
[__main__][browser_log][INFO] 072	ë‹´ë°°	0000088022680	ë˜í1mg	1	0	0	0	19\n072	ë‹´ë°°	0000088022666	ë˜í6mg	1	0	0	0	33\n072	ë‹´ë°°	0000088006604	ë””ìŠ¤í”ŒëŸ¬ìŠ¤5mg	1	0	0	0	19\n072	ë‹´ë°°	0000088011189	ë ˆì¢…ë¸”ë£¨3mg	2	0	0	0	13\n072	ë‹´ë°°	8801116006830	ë ˆì¢…í”„ë Œì¹˜ë¸”ë™3mg	1	0	0	0	29\n072	ë‹´ë°°	8801116019397	ë ˆì¢…í”„ë Œì¹˜ì•„ì´ìŠ¤ë¸”ë‘2mg	1	0	0	0	3\n072	ë‹´ë°°	8801116007172	ë ˆì¢…í”„ë Œì¹˜ìš”ê³ 1ã	3	0	0	0	7\n072	ë‹´ë°°	0000088011745	ë§ë³´ë¡œê³¨ë“œ6mg	1	0	0	0	13\n072	ë‹´ë°°	0000088017655	ë§ë³´ë¡œí•˜ì´ë¸Œë¦¬ë“œ5mg	1	0	0	0	23\n072	ë‹´ë°°	8809741171619	ëª½ìŠ¤ë²„ë¸”ëª¬ë¹…ë°°ëª½4.8ml	1	0	0	0	4\n072	ë‹´ë°°	0000088011158	ì‹œì¦Œ2mg	2	0	0	0	13\n072	ë‹´ë°°	8801116001194	ì—ì„ìˆ˜0.5mg	1	0	0	0	9\n072	ë‹´ë°°	8801116005314	ì—ì„ì²´ì¸ì§€1mg	1	0	0	0	17\n072	ë‹´ë°°	8801116005574	ì—ì„ì²´ì¸ì§€4mg	1	0	0	0	10
[__main__][browser_log][INFO] 073	ì „ìë‹´ë°°	8801116012176	LILì•¡ìƒì¹´íŠ¸ë¦¬ì§€	10	0	0	0	107\n073	ì „ìë‹´ë°°	8801116013234	MIIXì•„ì´ìŠ¤ë”ë¸”	3	0	0	0	25\n073	ì „ìë‹´ë°°	0000088024189	í…Œë¦¬ì•„ë¸”ë™ë£¨ë¹„	2	0	0	0	19\n073	ì „ìë‹´ë°°	0000088023014	í…Œë¦¬ì•„ë¸”ë£¨	1	0	0	0	21\n073	ì „ìë‹´ë°°	0000088024134	í…Œë¦¬ì•„ì˜¤ì•„ì‹œìŠ¤í„	2	0	0	0	18
[__main__][browser_log][INFO] 900	ì†Œëª¨í’ˆ	2201148653150	ì¹œí™˜ê²½ë´‰íˆ¬íŒë§¤ìš©	4	0	0	0	-1,694
[__main__][main][INFO] Closing Chrome driver.
[__main__][main][INFO] _run_collection_cycle finished.
[__main__][main][INFO] Data collection cycle finished. Waiting for 30 minutes...
[__main__][main][INFO] 30 minutes wait completed. Starting next cycle.
[__main__][main][INFO] Starting new data collection cycle...
[__main__][main][INFO] _run_collection_cycle started.
[__main__][init][INFO] Initializing Chrome driver...
[login.login_bgf][login][INFO] Login script executed
[login.login_bgf][login][DEBUG] [ê²€ì¦] ë¹„ë°€ë²ˆí˜¸ í•„ë“œ ê°’: 1113
[login.login_bgf][login][INFO] Login succeeded
[utils.popup_util][modal_closer][INFO] Attempt 1/5 to find and close popups.
[utils.popup_util][modal_closer][INFO] Successfully simulated click on a popup close element.
[utils.popup_util][modal_closer][INFO] Attempt 2/5 to find and close popups.
[utils.popup_util][modal_closer][INFO] Successfully simulated click on a popup close element.
[utils.popup_util][modal_closer][INFO] Attempt 3/5 to find and close popups.
[utils.popup_util][modal_closer][INFO] Successfully simulated click on a popup close element.
[utils.popup_util][modal_closer][INFO] Attempt 4/5 to find and close popups.
[utils.popup_util][modal_closer][INFO] Successfully simulated click on a popup close element.
[utils.popup_util][modal_closer][INFO] Attempt 5/5 to find and close popups.
[utils.popup_util][modal_closer][INFO] Successfully simulated click on a popup close element.
[utils.popup_util][modal_closer][INFO] Finished popup closing process. Total closed: 5
[login.login_bgf][login][INFO] Closed 5 popups after login.
[__main__][login][INFO] Login successful.
[__main__][navigation][INFO] Navigating to sales page...
[__main__][navigation][DEBUG] Waiting for mix ratio page grid with selector: div[id*='gdList.body'][id*='cell_'][id$='_0:text']
[__main__][navigation][DEBUG] Mix ratio page grid found.
[__main__][navigation][INFO] Successfully navigated to sales page.
[__main__][collect][INFO] Starting data collection scripts.
[__main__][mid_category][INFO] mid_category logs: ['ğŸš€ collectMidCodes ì‹œì‘', 'ğŸ”„ ì¤‘ë¶„ë¥˜ ëª©ë¡ ìŠ¤ìº” ì‹œì‘', 'Found 22 mid-category cells.', 'Attempting to click mid-category: 001 with ID: mainframe.HFrameSet00.VFrameSet00.FrameSet.STMB011_M0.form.div_workForm.form.div2.form.gdList.body.gridrow_0.cell_0_0', '*********** íŠ¸ëœì­ì…˜ í˜¸ì¶œ ì „ svcID : searchDetail (strServiceUrl :svc::stmb011/selDetailSearch) (20250720090046)', '*********** íŠ¸ëœì­ì…˜ í˜¸ì¶œ ì „ httptimeout : 60', 'âœ… ì¤‘ë¶„ë¥˜ í´ë¦­: 001 (ë„ì‹œë½)']
[__main__][collect][INFO] Data collection complete.
[__main__][db][INFO] DB saved to c:\Users\kanur\OneDrive\ë¬¸ì„œ\GitHub\aaa\code_outputs\all_sales_data.db, inserted 3 rows
[__main__][browser_log][INFO] Extracted log data:
[__main__][browser_log][INFO] 001	ë„ì‹œë½	8809655891665	ë„)ë„˜ë²„ì›ì–‘ë…ìŒ€ì¹˜í‚¨1	1	0	0	0	0\n001	ë„ì‹œë½	8801771031802	ë„)í•œë¼ë§Œì¡±í•¨ë°•ì•¤ì¹˜í‚¨1	1	0	0	0	0
[__main__][browser_log][INFO] 002	ì£¼ë¨¹ë°¥	8809655891665	ë„)ë„˜ë²„ì›ì–‘ë…ìŒ€ì¹˜í‚¨1	1	0	0	0	0\n002	ì£¼ë¨¹ë°¥	8801771031802	ë„)í•œë¼ë§Œì¡±í•¨ë°•ì•¤ì¹˜í‚¨1	1	0	0	0	0
[__main__][browser_log][INFO] 005	í–„ë²„ê±°ë¥˜	8801068933475	í–„)3ë‹¨ë§¥ìŠ¤ìˆ¯ë¶ˆë°”ë² í1	1	0	0	0	0
[__main__][browser_log][INFO] 010	ì œì¡°ìŒë£Œ	2202000107644	25ë‰´getì•„ì´ìŠ¤ì•„ë©”XL	1	0	0	0	-115
[__main__][browser_log][INFO] 015	ë¹„ìŠ¤ì¼“/ì¿ í‚¤	8801019306495	í•´íƒœ)ì´ˆì½”í™ˆëŸ°ë³¼46g	1	0	0	0	3
[__main__][browser_log][INFO] 016	ìŠ¤ë‚µë¥˜	8801043036337	ë†ì‹¬)ì˜¤ì§•ì–´ì§‘78g	1	0	0	0	14\n016	ìŠ¤ë‚µë¥˜	8801043031431	ë†ì‹¬)ì«„ë³‘ë§¤ì½¤í•œë§›	1	0	0	0	4\n016	ìŠ¤ë‚µë¥˜	8801117760908	ì˜¤ë¦¬ì˜¨)ì˜¤ì§•ì–´ë•…ì½©98g	1	0	0	0	15\n016	ìŠ¤ë‚µë¥˜	8886467100055	í”„ë§ê¸€ìŠ¤)í•«ìŠ¤íŒŒì´ì‹œ110g	1	0	0	0	2
[__main__][browser_log][INFO] 020	ìº”ë””	8691216099074	ì‚¼ê²½)í•˜ë¦¬ë³´ë¯¹ìŠ¤ì‚¬ì›Œ	1	0	0	0	5\n020	ìº”ë””	8801117339302	ì˜¤ë¦¬ì˜¨)ì™•ê¿ˆí‹€ì´ì ¤ë¦¬67g	3	0	0	0	1
[__main__][browser_log][INFO] 022	ë§ˆë¥¸ì•ˆì£¼ë¥˜	8809081260073	ê²½ì§„)ê¾¸ì´ë§¨ë§¤ì½¤30g	2	0	0	0	2
[__main__][browser_log][INFO] 023	ìœ¡ê°€ê³µë¥˜	8801898163844	í‹°ë‹ˆí•‘)ë½€ë½€í•‘ë©”ì¶”ë¦¬ì•Œ5ì…	1	0	0	0	2\n023	ìœ¡ê°€ê³µë¥˜	8801898162847	í–‰ë³µ)ë©”ì¶”ë¦¬ì•Œì™ì™5ì…	1	0	0	0	2
[__main__][browser_log][INFO] 028	ì¶•ìˆ˜ì‚°ì‹ì¬ë£Œ	8801155834708	ë™ì›)ë´ë§ˆí¬ë¼ì´íŠ¸ìŠ¤íŠ¸ë§	5	0	0	0	2\n028	ì¶•ìˆ˜ì‚°ì‹ì¬ë£Œ	8801155834616	ë™ì›)ë´ë§ˆí¬ìŠ¤íŠ¸ë§ì¹˜ì¦ˆ	2	0	0	0	0
[__main__][browser_log][INFO] 032	ë©´ë¥˜	8801043015639	ë†ì‹¬)ê¹€ì¹˜ì‚¬ë°œë©´	3	0	0	0	5\n032	ë©´ë¥˜	8801043014984	ë†ì‹¬)ë„ˆêµ¬ë¦¬ì–¼í°	2	0	0	0	21\n032	ë©´ë¥˜	8801043014731	ë†ì‹¬)ì•ˆì„±íƒ•ë©´	5	0	0	0	4\n032	ë©´ë¥˜	8801043015653	ë†ì‹¬)ìœ¡ê°œì¥ì‚¬ë°œë©´	1	0	0	0	22\n032	ë©´ë¥˜	8801043015226	ë†ì‹¬)ì§œíŒŒê²Œí‹°	5	0	0	0	11\n032	ë©´ë¥˜	8801043015608	ë†ì‹¬)ì§œíŒŒê²Œí‹°ë²”ë²…ì†Œì»µ	1	0	0	0	7\n032	ë©´ë¥˜	8801045570068	ì˜¤ëšœê¸°)ì§„ë¼ë©´ìˆœí•œì†Œì»µ	1	0	0	0	2\n032	ë©´ë¥˜	8801128503235	íŒ”ë„)ê¹€ì¹˜ì™•ëšœê»‘ì™•ì»µ	1	0	0	0	8\n032	ë©´ë¥˜	8801128503211	íŒ”ë„)ì™•ëšœê»‘ì™•ì»µ	1	0	0	0	9\n032	ë©´ë¥˜	8809695251412	íŒ”ë„)í‚¹ëšœê»‘	1	0	0	0	4
[__main__][browser_log][INFO] 035	ëƒ‰ì¥ì¦‰ì„ì‹	8809265025214	ê³ ë˜ì‚¬)ì–´ë¬µíƒ•ì‹œì›í•œë§›	1	0	0	0	2\n035	ëƒ‰ì¥ì¦‰ì„ì‹	8809948344021	íŒ”ë„í•œë¼)ì§¬ë½•ìˆœë‘ë¶€êµ­ë°¥	1	0	0	0	0
[__main__][browser_log][INFO] 039	ê³¼ì¼ì•¼ì±„ìŒë£Œ	8801121043561	ë§¤ì¼)í”¼í¬ë‹‰ì‚¬ê³¼240ml	1	0	0	0	4
[__main__][browser_log][INFO] 040	ê¸°ëŠ¥ê±´ê°•ìŒë£Œ	8809626920295	ë§í‹°)ì œë¡œë³µìˆ­ì•„P500ml	2	0	0	0	3\n040	ê¸°ëŠ¥ê±´ê°•ìŒë£Œ	4897036691007	ì½”ì¹´)ëª¬ìŠ¤í„°ì—ë„ˆì§€ìº”355ml	4	0	0	0	7\n040	ê¸°ëŠ¥ê±´ê°•ìŒë£Œ	4897036694534	ì½”ì¹´)ëª¬ìŠ¤í„°íŒŒí”¼ìš©ìº”355	1	0	0	0	5
[__main__][browser_log][INFO] 041	ìƒìˆ˜	8801056055189	ë¡¯ë°)íŠ¸ë ˆë¹„ë¼ì„P500ml	2	0	0	0	3
[__main__][browser_log][INFO] 042	ì»¤í”¼ìŒë£Œ	8801037020519	ìŠ¤ë²…)ì‹œê·¸ë‹ˆì²˜ì´ˆì½œë¦¿200ml	1	0	0	0	7\n042	ì»¤í”¼ìŒë£Œ	8809388463931	ì´ë””ì•¼)ëŒì²´ì½œë“œë¸Œë£¨300ml	3	0	0	0	1\n042	ì»¤í”¼ìŒë£Œ	8809388464471	ì´ë””ì•¼)ì‡¼ì½œë¼ëª¨ì¹´300ml	1	0	0	0	2\n042	ì»¤í”¼ìŒë£Œ	8801037001716	í‹°ì˜¤í”¼)ìŠ¤ëª¨í‚¤ë¼ë–¼ìº”275ml	1	0	0	0	8
[__main__][browser_log][INFO] 043	ì°¨ìŒë£Œ	8806002009391	ê´‘ë™)ì§„í•œí—›ê°œì°¨P1.5L	1	0	0	0	2\n043	ì°¨ìŒë£Œ	8801047284482	ë™ì›)ë³µìˆ­ì•„ì œë¡œì•„ì´ìŠ¤500	2	0	0	0	3
[__main__][browser_log][INFO] 044	íƒ„ì‚°ìŒë£Œ	8801094017606	ì½”ì¹´)ì½”ì¹´ì½œë¼P500ml	1	0	0	0	9\n044	íƒ„ì‚°ìŒë£Œ	8801094013004	ì½”ì¹´)ì½”ì¹´ì½œë¼ìº”250ml	1	0	0	0	7\n044	íƒ„ì‚°ìŒë£Œ	8809495077793	í´ë£¹)ì œë¡œì†Œë‹¤ë ˆëª¬ìº”500ml	2	0	0	0	5\n044	íƒ„ì‚°ìŒë£Œ	8809495075478	í´ë£¹)ì œë¡œì†Œë‹¤í¬ë„ìº”500ml	2	0	0	0	3\n044	íƒ„ì‚°ìŒë£Œ	8806004000945	í˜„ëŒ€)ë¯¸ì—ë¡œí™”ì´ìŠ¤íŒŒí´500	2	0	0	0	3
[__main__][browser_log][INFO] 047	ìš°ìœ 	8801155745394	ë™ì›)ê°€ë‚˜ë””ë”¸ê¸°ìš°ìœ 500ml	1	0	0	0	2\n047	ìš°ìœ 	8801155745387	ë™ì›)ê°€ë‚˜ë””ì´ˆì½”ìš°ìœ 500ml	1	0	0	0	1\n047	ìš°ìœ 	8801104942935	ë¹™ê·¸ë ˆ)ë”ë‹¨ë°±ë”¸ê¸°ë“œë§í¬	3	0	0	0	0\n047	ìš°ìœ 	0000088002798	ë¹™ê·¸ë ˆ)ë°”ë‚˜ë‚˜ìš°ìœ 240ml	2	0	0	0	10\n047	ìš°ìœ 	8801115118886	ì„œìš¸)ë‚´ì•ˆì˜ì§„ì§œì´ˆì½”280ml	2	0	0	0	2
[__main__][browser_log][INFO] 048	ì–¼ìŒ	8809197840107	del)ë¹…ì»µì–¼ìŒ230g	1	0	0	0	22\n048	ì–¼ìŒ	8809197840091	del)ì»µì–¼ìŒ180g	1	0	0	0	25
[__main__][browser_log][INFO] 049	ë§¥ì£¼	4901004006813	ì•„ì‚¬íˆìº”500ml	1	0	0	0	11\n049	ë§¥ì£¼	8801858042769	ì¹´ìŠ¤ë¼ì´íŠ¸ìº”500ml	1	0	0	0	16\n049	ë§¥ì£¼	8801858048167	ì¹´ìŠ¤ë ˆëª¬ìŠ¤í€´ì¦ˆ7.0ìº”500ml	1	0	0	0	8\n049	ë§¥ì£¼	8801119241511	í•„ë¼ì´íŠ¸í›„ë ˆì‰¬ìº”500ml	1	0	0	0	8
[__main__][browser_log][INFO] 050	ì†Œì£¼	8801048951017	ì‹ ì°¸ì´ìŠ¬ë³‘360mlì§€í•¨	2	0	0	0	23\n050	ì†Œì£¼	8801152136676	ì²˜ìŒì²˜ëŸ¼ìƒˆë¡œë³‘360ml	1	0	0	0	21
[__main__][browser_log][INFO] 051	ì „í†µì£¼	8802521122221	êµ­ìˆœë‹¹)ìŒ€ë§‰ê±¸ë¦¬750ml	1	0	0	0	8
[__main__][browser_log][INFO] 058	ì˜ë¥˜ìš©í’ˆ	8806366723414	ì—¬ì„±ë°œëª©ì–‘ë§	1	0	0	0	26
[__main__][browser_log][INFO] 060	í™ˆ/ì£¼ë°©ìš©í’ˆ	2200000079947	ì¢…ëŸ‰(ê°€ì •)20L	1	0	0	0	-43
[__main__][browser_log][INFO] 062	ì „ê¸°ì—°ë£Œ	8803651000045	ì—ì´ìŠ¤)ì¼íšŒìš©ëŒë¼ì´í„°	1	0	0	0	48
[__main__][browser_log][INFO] 072	ë‹´ë°°	0000088022680	ë˜í1mg	1	0	0	0	19\n072	ë‹´ë°°	0000088022666	ë˜í6mg	1	0	0	0	33\n072	ë‹´ë°°	0000088006604	ë””ìŠ¤í”ŒëŸ¬ìŠ¤5mg	1	0	0	0	19\n072	ë‹´ë°°	0000088011189	ë ˆì¢…ë¸”ë£¨3mg	2	0	0	0	13\n072	ë‹´ë°°	8801116006830	ë ˆì¢…í”„ë Œì¹˜ë¸”ë™3mg	1	0	0	0	29\n072	ë‹´ë°°	8801116019397	ë ˆì¢…í”„ë Œì¹˜ì•„ì´ìŠ¤ë¸”ë‘2mg	1	0	0	0	3\n072	ë‹´ë°°	8801116007172	ë ˆì¢…í”„ë Œì¹˜ìš”ê³ 1ã	3	0	0	0	7\n072	ë‹´ë°°	0000088011745	ë§ë³´ë¡œê³¨ë“œ6mg	1	0	0	0	13\n072	ë‹´ë°°	0000088017617	ë§ë³´ë¡œì•„ì´ìŠ¤ì›1mg	1	0	0	0	17\n072	ë‹´ë°°	0000088017655	ë§ë³´ë¡œí•˜ì´ë¸Œë¦¬ë“œ5mg	1	0	0	0	23\n072	ë‹´ë°°	8809741171619	ëª½ìŠ¤ë²„ë¸”ëª¬ë¹…ë°°ëª½4.8ml	1	0	0	0	4\n072	ë‹´ë°°	0000088011158	ì‹œì¦Œ2mg	2	0	0	0	13\n072	ë‹´ë°°	8801116001194	ì—ì„ìˆ˜0.5mg	1	0	0	0	9\n072	ë‹´ë°°	8801116005314	ì—ì„ì²´ì¸ì§€1mg	1	0	0	0	17\n072	ë‹´ë°°	8801116005574	ì—ì„ì²´ì¸ì§€4mg	1	0	0	0	10\n072	ë‹´ë°°	8801116006007	ì—ì„ì²´ì¸ì§€W1mg	1	0	0	0	12
[__main__][browser_log][INFO] 073	ì „ìë‹´ë°°	8801116012176	LILì•¡ìƒì¹´íŠ¸ë¦¬ì§€	10	0	0	0	107\n073	ì „ìë‹´ë°°	8801116013234	MIIXì•„ì´ìŠ¤ë”ë¸”	3	0	0	0	25\n073	ì „ìë‹´ë°°	0000088024189	í…Œë¦¬ì•„ë¸”ë™ë£¨ë¹„	2	0	0	0	19\n073	ì „ìë‹´ë°°	0000088023014	í…Œë¦¬ì•„ë¸”ë£¨	1	0	0	0	21\n073	ì „ìë‹´ë°°	0000088024134	í…Œë¦¬ì•„ì˜¤ì•„ì‹œìŠ¤í„	2	0	0	0	18
[__main__][browser_log][INFO] 900	ì†Œëª¨í’ˆ	2201148653150	ì¹œí™˜ê²½ë´‰íˆ¬íŒë§¤ìš©	4	0	0	0	-1,694
[__main__][main][INFO] Closing Chrome driver.
[__main__][main][INFO] _run_collection_cycle finished.
[__main__][main][INFO] Data collection cycle finished. Waiting for 30 minutes...
[__main__][main][INFO] 30 minutes wait completed. Starting next cycle.
[__main__][main][INFO] Starting new data collection cycle...
[__main__][main][INFO] _run_collection_cycle started.
[__main__][init][INFO] Initializing Chrome driver...
[login.login_bgf][login][ERROR] Nexacro application did not load: Message: javascript error: nexacro is not defined
  (Session info: chrome=138.0.7204.158)
Stacktrace:
	GetHandleVerifier [0x0x7ff6cb6de925+77845]
	GetHandleVerifier [0x0x7ff6cb6de980+77936]
	(No symbol) [0x0x7ff6cb499cda]
	(No symbol) [0x0x7ff6cb4a1679]
	(No symbol) [0x0x7ff6cb4a4a61]
	(No symbol) [0x0x7ff6cb541e4b]
	(No symbol) [0x0x7ff6cb5188ca]
	(No symbol) [0x0x7ff6cb540b07]
	(No symbol) [0x0x7ff6cb5186a3]
	(No symbol) [0x0x7ff6cb4e1791]
	(No symbol) [0x0x7ff6cb4e2523]
	GetHandleVerifier [0x0x7ff6cb9b683d+3059501]
	GetHandleVerifier [0x0x7ff6cb9b0bfd+3035885]
	GetHandleVerifier [0x0x7ff6cb9d03f0+3164896]
	GetHandleVerifier [0x0x7ff6cb6f8c2e+185118]
	GetHandleVerifier [0x0x7ff6cb70053f+216111]
	GetHandleVerifier [0x0x7ff6cb6e72d4+113092]
	GetHandleVerifier [0x0x7ff6cb6e7489+113529]
	GetHandleVerifier [0x0x7ff6cb6ce288+10616]
	BaseThreadInitThunk [0x0x7ff91c0de8d7+23]
	RtlUserThreadStart [0x0x7ff91d4bc34c+44]

[__main__][login][ERROR] Login failed.
[__main__][main][ERROR] Driver initialization or login failed. Skipping collection cycle.
[__main__][main][INFO] _run_collection_cycle finished.
[__main__][main][INFO] Data collection cycle finished. Waiting for 30 minutes...
[__main__][main][INFO] 30 minutes wait completed. Starting next cycle.
[__main__][main][INFO] Starting new data collection cycle...
[__main__][main][INFO] _run_collection_cycle started.
[__main__][init][INFO] Initializing Chrome driver...
[login.login_bgf][login][INFO] Login script executed
[login.login_bgf][login][DEBUG] [ê²€ì¦] ë¹„ë°€ë²ˆí˜¸ í•„ë“œ ê°’: 1113
[login.login_bgf][login][INFO] Login succeeded
[utils.popup_util][modal_closer][INFO] Attempt 1/5 to find and close popups.
[utils.popup_util][modal_closer][INFO] Successfully simulated click on a popup close element.
[utils.popup_util][modal_closer][INFO] Attempt 2/5 to find and close popups.
[utils.popup_util][modal_closer][INFO] Successfully simulated click on a popup close element.
[utils.popup_util][modal_closer][INFO] Attempt 3/5 to find and close popups.
[utils.popup_util][modal_closer][INFO] Successfully simulated click on a popup close element.
[utils.popup_util][modal_closer][INFO] Attempt 4/5 to find and close popups.
[utils.popup_util][modal_closer][INFO] Successfully simulated click on a popup close element.
[utils.popup_util][modal_closer][INFO] Attempt 5/5 to find and close popups.
[utils.popup_util][modal_closer][INFO] Successfully simulated click on a popup close element.
[utils.popup_util][modal_closer][INFO] Finished popup closing process. Total closed: 5
[login.login_bgf][login][INFO] Closed 5 popups after login.
[__main__][login][INFO] Login successful.
[__main__][navigation][INFO] Navigating to sales page...
[__main__][navigation][DEBUG] Waiting for mix ratio page grid with selector: div[id*='gdList.body'][id*='cell_'][id$='_0:text']
[__main__][navigation][DEBUG] Mix ratio page grid found.
[__main__][navigation][INFO] Successfully navigated to sales page.
[__main__][collect][INFO] Starting data collection scripts.
[__main__][mid_category][INFO] mid_category logs: ['ğŸš€ collectMidCodes ì‹œì‘', 'ğŸ”„ ì¤‘ë¶„ë¥˜ ëª©ë¡ ìŠ¤ìº” ì‹œì‘', 'Found 22 mid-category cells.', 'Attempting to click mid-category: 001 with ID: mainframe.HFrameSet00.VFrameSet00.FrameSet.STMB011_M0.form.div_workForm.form.div2.form.gdList.body.gridrow_0.cell_0_0', '*********** íŠ¸ëœì­ì…˜ í˜¸ì¶œ ì „ svcID : searchDetail (strServiceUrl :svc::stmb011/selDetailSearch) (20250720100216)', '*********** íŠ¸ëœì­ì…˜ í˜¸ì¶œ ì „ httptimeout : 60', 'âœ… ì¤‘ë¶„ë¥˜ í´ë¦­: 001 (ë„ì‹œë½)']
[__main__][collect][INFO] Data collection complete.
[__main__][db][INFO] DB saved to c:\Users\kanur\OneDrive\ë¬¸ì„œ\GitHub\aaa\code_outputs\all_sales_data.db, inserted 2 rows
[__main__][browser_log][INFO] Extracted log data:
[__main__][browser_log][INFO] 001	ë„ì‹œë½	8809655891665	ë„)ë„˜ë²„ì›ì–‘ë…ìŒ€ì¹˜í‚¨1	1	1	0	0	0\n001	ë„ì‹œë½	8801771031802	ë„)í•œë¼ë§Œì¡±í•¨ë°•ì•¤ì¹˜í‚¨1	1	1	0	0	0
[__main__][browser_log][INFO] 002	ì£¼ë¨¹ë°¥	8809655891665	ë„)ë„˜ë²„ì›ì–‘ë…ìŒ€ì¹˜í‚¨1	1	1	0	0	0\n002	ì£¼ë¨¹ë°¥	8801771031802	ë„)í•œë¼ë§Œì¡±í•¨ë°•ì•¤ì¹˜í‚¨1	1	1	0	0	0
[__main__][browser_log][INFO] 005	í–„ë²„ê±°ë¥˜	8801068933475	í–„)3ë‹¨ë§¥ìŠ¤ìˆ¯ë¶ˆë°”ë² í1	1	1	0	0	0
[__main__][browser_log][INFO] 010	ì œì¡°ìŒë£Œ	2202000107644	25ë‰´getì•„ì´ìŠ¤ì•„ë©”XL	1	0	0	0	-115
[__main__][browser_log][INFO] 015	ë¹„ìŠ¤ì¼“/ì¿ í‚¤	8801019306495	í•´íƒœ)ì´ˆì½”í™ˆëŸ°ë³¼46g	1	0	0	0	3
[__main__][browser_log][INFO] 016	ìŠ¤ë‚µë¥˜	8801043036337	ë†ì‹¬)ì˜¤ì§•ì–´ì§‘78g	1	0	0	0	14\n016	ìŠ¤ë‚µë¥˜	8801043031431	ë†ì‹¬)ì«„ë³‘ë§¤ì½¤í•œë§›	1	0	0	0	4\n016	ìŠ¤ë‚µë¥˜	8801117760908	ì˜¤ë¦¬ì˜¨)ì˜¤ì§•ì–´ë•…ì½©98g	1	0	0	0	15\n016	ìŠ¤ë‚µë¥˜	8886467100055	í”„ë§ê¸€ìŠ¤)í•«ìŠ¤íŒŒì´ì‹œ110g	1	0	0	0	2
[__main__][browser_log][INFO] 019	ì´ˆì½œë¦¿	5000159559348	ë§ˆì¦ˆ)íŠ¸ìœ…ìŠ¤ì¿ í‚¤50g	1	0	0	0	11
[__main__][browser_log][INFO] 020	ìº”ë””	8691216099074	ì‚¼ê²½)í•˜ë¦¬ë³´ë¯¹ìŠ¤ì‚¬ì›Œ	1	0	0	0	5\n020	ìº”ë””	8801117339302	ì˜¤ë¦¬ì˜¨)ì™•ê¿ˆí‹€ì´ì ¤ë¦¬67g	3	0	0	0	1
[__main__][browser_log][INFO] 022	ë§ˆë¥¸ì•ˆì£¼ë¥˜	8809081260073	ê²½ì§„)ê¾¸ì´ë§¨ë§¤ì½¤30g	2	0	0	0	2
[__main__][browser_log][INFO] 023	ìœ¡ê°€ê³µë¥˜	8801898163844	í‹°ë‹ˆí•‘)ë½€ë½€í•‘ë©”ì¶”ë¦¬ì•Œ5ì…	1	0	0	0	2\n023	ìœ¡ê°€ê³µë¥˜	8801898162847	í–‰ë³µ)ë©”ì¶”ë¦¬ì•Œì™ì™5ì…	1	0	0	0	2
[__main__][browser_log][INFO] 028	ì¶•ìˆ˜ì‚°ì‹ì¬ë£Œ	8801155834708	ë™ì›)ë´ë§ˆí¬ë¼ì´íŠ¸ìŠ¤íŠ¸ë§	5	0	0	0	2\n028	ì¶•ìˆ˜ì‚°ì‹ì¬ë£Œ	8801155834616	ë™ì›)ë´ë§ˆí¬ìŠ¤íŠ¸ë§ì¹˜ì¦ˆ	2	0	0	0	0
[__main__][browser_log][INFO] 032	ë©´ë¥˜	8801043015639	ë†ì‹¬)ê¹€ì¹˜ì‚¬ë°œë©´	3	0	0	0	5\n032	ë©´ë¥˜	8801043014984	ë†ì‹¬)ë„ˆêµ¬ë¦¬ì–¼í°	2	0	0	0	21\n032	ë©´ë¥˜	8801043014731	ë†ì‹¬)ì•ˆì„±íƒ•ë©´	5	0	0	0	4\n032	ë©´ë¥˜	8801043015653	ë†ì‹¬)ìœ¡ê°œì¥ì‚¬ë°œë©´	1	0	0	0	22\n032	ë©´ë¥˜	8801043015226	ë†ì‹¬)ì§œíŒŒê²Œí‹°	5	0	0	0	11\n032	ë©´ë¥˜	8801043015608	ë†ì‹¬)ì§œíŒŒê²Œí‹°ë²”ë²…ì†Œì»µ	1	0	0	0	7\n032	ë©´ë¥˜	8801045570068	ì˜¤ëšœê¸°)ì§„ë¼ë©´ìˆœí•œì†Œì»µ	1	0	0	0	2\n032	ë©´ë¥˜	8801128503235	íŒ”ë„)ê¹€ì¹˜ì™•ëšœê»‘ì™•ì»µ	1	0	0	0	8\n032	ë©´ë¥˜	8801128503211	íŒ”ë„)ì™•ëšœê»‘ì™•ì»µ	1	0	0	0	9\n032	ë©´ë¥˜	8809695251412	íŒ”ë„)í‚¹ëšœê»‘	1	0	0	0	4
[__main__][browser_log][INFO] 035	ëƒ‰ì¥ì¦‰ì„ì‹	8809265025214	ê³ ë˜ì‚¬)ì–´ë¬µíƒ•ì‹œì›í•œë§›	1	0	0	0	2\n035	ëƒ‰ì¥ì¦‰ì„ì‹	8809948344021	íŒ”ë„í•œë¼)ì§¬ë½•ìˆœë‘ë¶€êµ­ë°¥	1	0	0	0	0
[__main__][browser_log][INFO] 039	ê³¼ì¼ì•¼ì±„ìŒë£Œ	8801121043561	ë§¤ì¼)í”¼í¬ë‹‰ì‚¬ê³¼240ml	1	0	0	0	4
[__main__][browser_log][INFO] 040	ê¸°ëŠ¥ê±´ê°•ìŒë£Œ	8809626920295	ë§í‹°)ì œë¡œë³µìˆ­ì•„P500ml	2	0	0	0	3\n040	ê¸°ëŠ¥ê±´ê°•ìŒë£Œ	4897036691007	ì½”ì¹´)ëª¬ìŠ¤í„°ì—ë„ˆì§€ìº”355ml	4	0	0	0	7\n040	ê¸°ëŠ¥ê±´ê°•ìŒë£Œ	4897036694534	ì½”ì¹´)ëª¬ìŠ¤í„°íŒŒí”¼ìš©ìº”355	1	0	0	0	5
[__main__][browser_log][INFO] 041	ìƒìˆ˜	8801056169817	HEYROOë¯¸ë„¤ë„ì›Œí„°P500ml	1	0	0	0	5\n041	ìƒìˆ˜	8801056055189	ë¡¯ë°)íŠ¸ë ˆë¹„ë¼ì„P500ml	2	0	0	0	3
[__main__][browser_log][INFO] 042	ì»¤í”¼ìŒë£Œ	8801037020519	ìŠ¤ë²…)ì‹œê·¸ë‹ˆì²˜ì´ˆì½œë¦¿200ml	1	0	0	0	7\n042	ì»¤í”¼ìŒë£Œ	8809388463931	ì´ë””ì•¼)ëŒì²´ì½œë“œë¸Œë£¨300ml	3	0	0	0	1\n042	ì»¤í”¼ìŒë£Œ	8809388464471	ì´ë””ì•¼)ì‡¼ì½œë¼ëª¨ì¹´300ml	1	0	0	0	2\n042	ì»¤í”¼ìŒë£Œ	8801037001716	í‹°ì˜¤í”¼)ìŠ¤ëª¨í‚¤ë¼ë–¼ìº”275ml	1	0	0	0	8
[__main__][browser_log][INFO] 043	ì°¨ìŒë£Œ	8806002009391	ê´‘ë™)ì§„í•œí—›ê°œì°¨P1.5L	1	0	0	0	2\n043	ì°¨ìŒë£Œ	8801047284482	ë™ì›)ë³µìˆ­ì•„ì œë¡œì•„ì´ìŠ¤500	2	0	0	0	3
[__main__][browser_log][INFO] 044	íƒ„ì‚°ìŒë£Œ	8801056755010	ë¡¯ë°)ë°€í‚¤ìŠ¤P500ml	1	0	0	0	6\n044	íƒ„ì‚°ìŒë£Œ	8801094017606	ì½”ì¹´)ì½”ì¹´ì½œë¼P500ml	1	0	0	0	9\n044	íƒ„ì‚°ìŒë£Œ	8801094013004	ì½”ì¹´)ì½”ì¹´ì½œë¼ìº”250ml	1	0	0	0	7\n044	íƒ„ì‚°ìŒë£Œ	8809495077793	í´ë£¹)ì œë¡œì†Œë‹¤ë ˆëª¬ìº”500ml	2	0	0	0	5\n044	íƒ„ì‚°ìŒë£Œ	8809495075478	í´ë£¹)ì œë¡œì†Œë‹¤í¬ë„ìº”500ml	2	0	0	0	3\n044	íƒ„ì‚°ìŒë£Œ	8806004000945	í˜„ëŒ€)ë¯¸ì—ë¡œí™”ì´ìŠ¤íŒŒí´500	2	0	0	0	3
[__main__][browser_log][INFO] 047	ìš°ìœ 	8801155745394	ë™ì›)ê°€ë‚˜ë””ë”¸ê¸°ìš°ìœ 500ml	1	0	0	0	2\n047	ìš°ìœ 	8801155745387	ë™ì›)ê°€ë‚˜ë””ì´ˆì½”ìš°ìœ 500ml	1	0	0	0	1\n047	ìš°ìœ 	8801104942935	ë¹™ê·¸ë ˆ)ë”ë‹¨ë°±ë”¸ê¸°ë“œë§í¬	3	0	0	0	0\n047	ìš°ìœ 	0000088002798	ë¹™ê·¸ë ˆ)ë°”ë‚˜ë‚˜ìš°ìœ 240ml	2	0	0	0	10\n047	ìš°ìœ 	8801115118886	ì„œìš¸)ë‚´ì•ˆì˜ì§„ì§œì´ˆì½”280ml	2	0	0	0	2
[__main__][browser_log][INFO] 048	ì–¼ìŒ	8809197840107	del)ë¹…ì»µì–¼ìŒ230g	1	0	0	0	22\n048	ì–¼ìŒ	8809197840091	del)ì»µì–¼ìŒ180g	1	0	0	0	25
[__main__][browser_log][INFO] 049	ë§¥ì£¼	4901004006813	ì•„ì‚¬íˆìº”500ml	1	0	0	0	11\n049	ë§¥ì£¼	8801858042769	ì¹´ìŠ¤ë¼ì´íŠ¸ìº”500ml	1	0	0	0	16\n049	ë§¥ì£¼	8801858048167	ì¹´ìŠ¤ë ˆëª¬ìŠ¤í€´ì¦ˆ7.0ìº”500ml	1	0	0	0	8\n049	ë§¥ì£¼	8801119241511	í•„ë¼ì´íŠ¸í›„ë ˆì‰¬ìº”500ml	1	0	0	0	8
[__main__][browser_log][INFO] 050	ì†Œì£¼	8801048951017	ì‹ ì°¸ì´ìŠ¬ë³‘360mlì§€í•¨	2	0	0	0	23\n050	ì†Œì£¼	8801152136676	ì²˜ìŒì²˜ëŸ¼ìƒˆë¡œë³‘360ml	1	0	0	0	21
[__main__][browser_log][INFO] 051	ì „í†µì£¼	8802521122221	êµ­ìˆœë‹¹)ìŒ€ë§‰ê±¸ë¦¬750ml	1	0	0	0	8
[__main__][browser_log][INFO] 058	ì˜ë¥˜ìš©í’ˆ	8806366723414	ì—¬ì„±ë°œëª©ì–‘ë§	1	0	0	0	26
[__main__][browser_log][INFO] 060	í™ˆ/ì£¼ë°©ìš©í’ˆ	2200000079947	ì¢…ëŸ‰(ê°€ì •)20L	1	0	0	0	-43
[__main__][browser_log][INFO] 062	ì „ê¸°ì—°ë£Œ	8803651000045	ì—ì´ìŠ¤)ì¼íšŒìš©ëŒë¼ì´í„°	1	0	0	0	48
[__main__][browser_log][INFO] 072	ë‹´ë°°	0000088022680	ë˜í1mg	1	0	0	0	19\n072	ë‹´ë°°	0000088022666	ë˜í6mg	1	0	0	0	33\n072	ë‹´ë°°	0000088006604	ë””ìŠ¤í”ŒëŸ¬ìŠ¤5mg	1	0	0	0	19\n072	ë‹´ë°°	0000088011189	ë ˆì¢…ë¸”ë£¨3mg	2	0	0	0	13\n072	ë‹´ë°°	8801116006830	ë ˆì¢…í”„ë Œì¹˜ë¸”ë™3mg	1	0	0	0	29\n072	ë‹´ë°°	8801116019397	ë ˆì¢…í”„ë Œì¹˜ì•„ì´ìŠ¤ë¸”ë‘2mg	1	0	0	0	3\n072	ë‹´ë°°	8801116007172	ë ˆì¢…í”„ë Œì¹˜ìš”ê³ 1ã	3	0	0	0	7\n072	ë‹´ë°°	0000088011745	ë§ë³´ë¡œê³¨ë“œ6mg	1	0	0	0	13\n072	ë‹´ë°°	0000088017617	ë§ë³´ë¡œì•„ì´ìŠ¤ì›1mg	1	0	0	0	17\n072	ë‹´ë°°	0000088017655	ë§ë³´ë¡œí•˜ì´ë¸Œë¦¬ë“œ5mg	1	0	0	0	23\n072	ë‹´ë°°	8809741171619	ëª½ìŠ¤ë²„ë¸”ëª¬ë¹…ë°°ëª½4.8ml	1	0	0	0	4\n072	ë‹´ë°°	0000088011158	ì‹œì¦Œ2mg	2	0	0	0	13\n072	ë‹´ë°°	8801116001194	ì—ì„ìˆ˜0.5mg	1	0	0	0	9\n072	ë‹´ë°°	8801116005314	ì—ì„ì²´ì¸ì§€1mg	1	0	0	0	17\n072	ë‹´ë°°	8801116005574	ì—ì„ì²´ì¸ì§€4mg	1	0	0	0	10\n072	ë‹´ë°°	8801116006007	ì—ì„ì²´ì¸ì§€W1mg	1	0	0	0	12
[__main__][browser_log][INFO] 073	ì „ìë‹´ë°°	8801116012176	LILì•¡ìƒì¹´íŠ¸ë¦¬ì§€	10	0	0	0	107\n073	ì „ìë‹´ë°°	8801116013234	MIIXì•„ì´ìŠ¤ë”ë¸”	3	0	0	0	25\n073	ì „ìë‹´ë°°	0000088024189	í…Œë¦¬ì•„ë¸”ë™ë£¨ë¹„	2	0	0	0	19\n073	ì „ìë‹´ë°°	0000088023014	í…Œë¦¬ì•„ë¸”ë£¨	1	0	0	0	21\n073	ì „ìë‹´ë°°	0000088024134	í…Œë¦¬ì•„ì˜¤ì•„ì‹œìŠ¤í„	2	0	0	0	18
[__main__][browser_log][INFO] 900	ì†Œëª¨í’ˆ	2201148653150	ì¹œí™˜ê²½ë´‰íˆ¬íŒë§¤ìš©	4	0	0	0	-1,694
[__main__][main][INFO] Closing Chrome driver.
[__main__][main][INFO] _run_collection_cycle finished.
[__main__][main][INFO] Data collection cycle finished. Waiting for 30 minutes...
[__main__][main][INFO] 30 minutes wait completed. Starting next cycle.
[__main__][main][INFO] Starting new data collection cycle...
[__main__][main][INFO] _run_collection_cycle started.
[__main__][init][INFO] Initializing Chrome driver...
[login.login_bgf][login][INFO] Login script executed
[login.login_bgf][login][DEBUG] [ê²€ì¦] ë¹„ë°€ë²ˆí˜¸ í•„ë“œ ê°’: 1113
[login.login_bgf][login][INFO] Login succeeded
[utils.popup_util][modal_closer][INFO] Attempt 1/5 to find and close popups.
[utils.popup_util][modal_closer][INFO] Successfully simulated click on a popup close element.
[utils.popup_util][modal_closer][INFO] Attempt 2/5 to find and close popups.
[utils.popup_util][modal_closer][INFO] Successfully simulated click on a popup close element.
[utils.popup_util][modal_closer][INFO] Attempt 3/5 to find and close popups.
[utils.popup_util][modal_closer][INFO] Successfully simulated click on a popup close element.
[utils.popup_util][modal_closer][INFO] Attempt 4/5 to find and close popups.
[utils.popup_util][modal_closer][INFO] Successfully simulated click on a popup close element.
[utils.popup_util][modal_closer][INFO] Attempt 5/5 to find and close popups.
[utils.popup_util][modal_closer][INFO] Successfully simulated click on a popup close element.
[utils.popup_util][modal_closer][INFO] Finished popup closing process. Total closed: 5
[login.login_bgf][login][INFO] Closed 5 popups after login.
[__main__][login][INFO] Login successful.
[__main__][navigation][INFO] Navigating to sales page...
[__main__][navigation][DEBUG] Waiting for mix ratio page grid with selector: div[id*='gdList.body'][id*='cell_'][id$='_0:text']
[__main__][navigation][DEBUG] Mix ratio page grid found.
[__main__][navigation][INFO] Successfully navigated to sales page.
[__main__][collect][INFO] Starting data collection scripts.
[__main__][mid_category][INFO] mid_category logs: ['ğŸš€ collectMidCodes ì‹œì‘', 'ğŸ”„ ì¤‘ë¶„ë¥˜ ëª©ë¡ ìŠ¤ìº” ì‹œì‘', 'Found 22 mid-category cells.', 'Attempting to click mid-category: 001 with ID: mainframe.HFrameSet00.VFrameSet00.FrameSet.STMB011_M0.form.div_workForm.form.div2.form.gdList.body.gridrow_0.cell_0_0', '*********** íŠ¸ëœì­ì…˜ í˜¸ì¶œ ì „ svcID : searchDetail (strServiceUrl :svc::stmb011/selDetailSearch) (20250720103343)', '*********** íŠ¸ëœì­ì…˜ í˜¸ì¶œ ì „ httptimeout : 60', 'âœ… ì¤‘ë¶„ë¥˜ í´ë¦­: 001 (ë„ì‹œë½)']
[__main__][collect][INFO] Data collection complete.
[__main__][db][INFO] DB saved to c:\Users\kanur\OneDrive\ë¬¸ì„œ\GitHub\aaa\code_outputs\all_sales_data.db, inserted 13 rows
[__main__][browser_log][INFO] Extracted log data:
[__main__][browser_log][INFO] 001	ë„ì‹œë½	8809655891665	ë„)ë„˜ë²„ì›ì–‘ë…ìŒ€ì¹˜í‚¨1	1	1	0	0	0\n001	ë„ì‹œë½	8801771031802	ë„)í•œë¼ë§Œì¡±í•¨ë°•ì•¤ì¹˜í‚¨1	1	1	0	0	0
[__main__][browser_log][INFO] 002	ì£¼ë¨¹ë°¥	8809655891665	ë„)ë„˜ë²„ì›ì–‘ë…ìŒ€ì¹˜í‚¨1	1	1	0	0	0\n002	ì£¼ë¨¹ë°¥	8801771031802	ë„)í•œë¼ë§Œì¡±í•¨ë°•ì•¤ì¹˜í‚¨1	1	1	0	0	0
[__main__][browser_log][INFO] 005	í–„ë²„ê±°ë¥˜	8801068933475	í–„)3ë‹¨ë§¥ìŠ¤ìˆ¯ë¶ˆë°”ë² í1	1	1	0	0	0
[__main__][browser_log][INFO] 010	ì œì¡°ìŒë£Œ	2202000107644	25ë‰´getì•„ì´ìŠ¤ì•„ë©”XL	1	0	0	0	-115
[__main__][browser_log][INFO] 015	ë¹„ìŠ¤ì¼“/ì¿ í‚¤	8801019306495	í•´íƒœ)ì´ˆì½”í™ˆëŸ°ë³¼46g	1	0	0	0	3
[__main__][browser_log][INFO] 016	ìŠ¤ë‚µë¥˜	8801043036337	ë†ì‹¬)ì˜¤ì§•ì–´ì§‘78g	1	0	0	0	14\n016	ìŠ¤ë‚µë¥˜	8801043031431	ë†ì‹¬)ì«„ë³‘ë§¤ì½¤í•œë§›	1	0	0	0	4\n016	ìŠ¤ë‚µë¥˜	8801117760908	ì˜¤ë¦¬ì˜¨)ì˜¤ì§•ì–´ë•…ì½©98g	1	0	0	0	15\n016	ìŠ¤ë‚µë¥˜	8886467100055	í”„ë§ê¸€ìŠ¤)í•«ìŠ¤íŒŒì´ì‹œ110g	1	0	0	0	2
[__main__][browser_log][INFO] 019	ì´ˆì½œë¦¿	5000159559348	ë§ˆì¦ˆ)íŠ¸ìœ…ìŠ¤ì¿ í‚¤50g	1	0	0	0	11
[__main__][browser_log][INFO] 020	ìº”ë””	8691216099074	ì‚¼ê²½)í•˜ë¦¬ë³´ë¯¹ìŠ¤ì‚¬ì›Œ	1	0	0	0	5\n020	ìº”ë””	8801117339302	ì˜¤ë¦¬ì˜¨)ì™•ê¿ˆí‹€ì´ì ¤ë¦¬67g	3	0	0	0	1
[__main__][browser_log][INFO] 022	ë§ˆë¥¸ì•ˆì£¼ë¥˜	8809081260073	ê²½ì§„)ê¾¸ì´ë§¨ë§¤ì½¤30g	2	0	0	0	2
[__main__][browser_log][INFO] 023	ìœ¡ê°€ê³µë¥˜	8801123311057	ë¡¯ë°)ì˜ì„±ë§¤ì½¤ë•¡ì´ˆë°”65g	3	0	0	0	1\n023	ìœ¡ê°€ê³µë¥˜	8801077630709	ì§„ì£¼í–„)ì²œí•˜ë§¤ì½¤í›„ë‘í¬70g	2	0	0	0	2\n023	ìœ¡ê°€ê³µë¥˜	8801898163844	í‹°ë‹ˆí•‘)ë½€ë½€í•‘ë©”ì¶”ë¦¬ì•Œ5ì…	1	0	0	0	2\n023	ìœ¡ê°€ê³µë¥˜	8801898162847	í–‰ë³µ)ë©”ì¶”ë¦¬ì•Œì™ì™5ì…	1	0	0	0	2
[__main__][browser_log][INFO] 027	ë†ì‚°ì‹ì¬ë£Œ	8801114119075	í’€ë¬´ì›)ì†Œê°€ì°Œê°œë‘ë¶€290g	2	0	0	0	1
[__main__][browser_log][INFO] 028	ì¶•ìˆ˜ì‚°ì‹ì¬ë£Œ	8801155834708	ë™ì›)ë´ë§ˆí¬ë¼ì´íŠ¸ìŠ¤íŠ¸ë§	5	0	0	0	2\n028	ì¶•ìˆ˜ì‚°ì‹ì¬ë£Œ	8801155834616	ë™ì›)ë´ë§ˆí¬ìŠ¤íŠ¸ë§ì¹˜ì¦ˆ	2	2	0	0	0
[__main__][browser_log][INFO] 032	ë©´ë¥˜	8801043015639	ë†ì‹¬)ê¹€ì¹˜ì‚¬ë°œë©´	3	0	0	0	5\n032	ë©´ë¥˜	8801043014984	ë†ì‹¬)ë„ˆêµ¬ë¦¬ì–¼í°	2	0	0	0	21\n032	ë©´ë¥˜	8801043014731	ë†ì‹¬)ì•ˆì„±íƒ•ë©´	5	0	0	0	4\n032	ë©´ë¥˜	8801043015653	ë†ì‹¬)ìœ¡ê°œì¥ì‚¬ë°œë©´	1	0	0	0	22\n032	ë©´ë¥˜	8801043015226	ë†ì‹¬)ì§œíŒŒê²Œí‹°	5	0	0	0	11\n032	ë©´ë¥˜	8801043015608	ë†ì‹¬)ì§œíŒŒê²Œí‹°ë²”ë²…ì†Œì»µ	1	0	0	0	7\n032	ë©´ë¥˜	8801073210967	ì‚¼ì–‘)ì¹˜ì¦ˆë¶ˆë‹­ë³¶ìŒë©´ì»µ	1	0	0	0	4\n032	ë©´ë¥˜	8801045570068	ì˜¤ëšœê¸°)ì§„ë¼ë©´ìˆœí•œì†Œì»µ	1	0	0	0	2\n032	ë©´ë¥˜	8801045572802	ì˜¤ëšœê¸°)ì¹˜ì¦ˆë³¶ì´ì»µ	1	0	0	0	6\n032	ë©´ë¥˜	8801128503235	íŒ”ë„)ê¹€ì¹˜ì™•ëšœê»‘ì™•ì»µ	1	0	0	0	8\n032	ë©´ë¥˜	8801128503211	íŒ”ë„)ì™•ëšœê»‘ì™•ì»µ	1	0	0	0	9\n032	ë©´ë¥˜	8809695251412	íŒ”ë„)í‚¹ëšœê»‘	1	0	0	0	4
[__main__][browser_log][INFO] 035	ëƒ‰ì¥ì¦‰ì„ì‹	8809265025214	ê³ ë˜ì‚¬)ì–´ë¬µíƒ•ì‹œì›í•œë§›	1	0	0	0	2\n035	ëƒ‰ì¥ì¦‰ì„ì‹	8809948344021	íŒ”ë„í•œë¼)ì§¬ë½•ìˆœë‘ë¶€êµ­ë°¥	1	1	0	0	0
[__main__][browser_log][INFO] 039	ê³¼ì¼ì•¼ì±„ìŒë£Œ	8801121043561	ë§¤ì¼)í”¼í¬ë‹‰ì‚¬ê³¼240ml	1	2	0	0	4\n039	ê³¼ì¼ì•¼ì±„ìŒë£Œ	8806371309818	í‘¸ë¥´ë°€)ì›°ì¹˜ì‚¬ê³¼ì—ì´ë“œ	2	0	0	0	2\n039	ê³¼ì¼ì•¼ì±„ìŒë£Œ	8806371309771	í‘¸ë¥´ë°€)ì›°ì¹˜í¬ë„ì—ì´ë“œ	2	0	0	0	2
[__main__][browser_log][INFO] 040	ê¸°ëŠ¥ê±´ê°•ìŒë£Œ	8801056049201	ë¡¯ë°)ê²Œí† ë ˆì´ë ˆëª¬600ml	4	0	0	0	8\n040	ê¸°ëŠ¥ê±´ê°•ìŒë£Œ	8801056240998	ë¡¯ë°)í•«ì‹ìŠ¤ë”í‚¹í¼í”Œìº”355	2	0	0	0	3\n040	ê¸°ëŠ¥ê±´ê°•ìŒë£Œ	8809626920295	ë§í‹°)ì œë¡œë³µìˆ­ì•„P500ml	2	0	0	0	3\n040	ê¸°ëŠ¥ê±´ê°•ìŒë£Œ	4897036691007	ì½”ì¹´)ëª¬ìŠ¤í„°ì—ë„ˆì§€ìº”355ml	4	0	0	0	7\n040	ê¸°ëŠ¥ê±´ê°•ìŒë£Œ	4897036694534	ì½”ì¹´)ëª¬ìŠ¤í„°íŒŒí”¼ìš©ìº”355	1	0	0	0	5
[__main__][browser_log][INFO] 041	ìƒìˆ˜	8801056169817	HEYROOë¯¸ë„¤ë„ì›Œí„°P500ml	1	0	0	0	5\n041	ìƒìˆ˜	8801056055189	ë¡¯ë°)íŠ¸ë ˆë¹„ë¼ì„P500ml	2	0	0	0	3
[__main__][browser_log][INFO] 042	ì»¤í”¼ìŒë£Œ	8801115382096	ìŠ¤ë²…)ë°”ë‹ë¼ë¼ë–¼ì»µ200ml	2	0	0	0	1\n042	ì»¤í”¼ìŒë£Œ	8801037020519	ìŠ¤ë²…)ì‹œê·¸ë‹ˆì²˜ì´ˆì½œë¦¿200ml	1	0	0	0	7\n042	ì»¤í”¼ìŒë£Œ	8801037086942	ìŠ¤ë²…)ì¹´í˜ë¼ë–¼ì»µ200ml	2	1	0	0	1\n042	ì»¤í”¼ìŒë£Œ	8809388463931	ì´ë””ì•¼)ëŒì²´ì½œë“œë¸Œë£¨300ml	3	0	0	0	1\n042	ì»¤í”¼ìŒë£Œ	8809388464471	ì´ë””ì•¼)ì‡¼ì½œë¼ëª¨ì¹´300ml	1	0	0	0	2\n042	ì»¤í”¼ìŒë£Œ	8801037001716	í‹°ì˜¤í”¼)ìŠ¤ëª¨í‚¤ë¼ë–¼ìº”275ml	1	0	0	0	8
[__main__][browser_log][INFO] 043	ì°¨ìŒë£Œ	8806002009391	ê´‘ë™)ì§„í•œí—›ê°œì°¨P1.5L	1	0	0	0	2\n043	ì°¨ìŒë£Œ	8801047284482	ë™ì›)ë³µìˆ­ì•„ì œë¡œì•„ì´ìŠ¤500	4	0	0	0	1
[__main__][browser_log][INFO] 044	íƒ„ì‚°ìŒë£Œ	8801056755010	ë¡¯ë°)ë°€í‚¤ìŠ¤P500ml	1	0	0	0	6\n044	íƒ„ì‚°ìŒë£Œ	8801094017606	ì½”ì¹´)ì½”ì¹´ì½œë¼P500ml	1	0	0	0	9\n044	íƒ„ì‚°ìŒë£Œ	8801094013004	ì½”ì¹´)ì½”ì¹´ì½œë¼ìº”250ml	1	0	0	0	7\n044	íƒ„ì‚°ìŒë£Œ	8809495077793	í´ë£¹)ì œë¡œì†Œë‹¤ë ˆëª¬ìº”500ml	2	0	0	0	5\n044	íƒ„ì‚°ìŒë£Œ	8809495075478	í´ë£¹)ì œë¡œì†Œë‹¤í¬ë„ìº”500ml	2	0	0	0	3\n044	íƒ„ì‚°ìŒë£Œ	8806004000945	í˜„ëŒ€)ë¯¸ì—ë¡œí™”ì´ìŠ¤íŒŒí´500	2	0	0	0	3
[__main__][browser_log][INFO] 047	ìš°ìœ 	8801155745394	ë™ì›)ê°€ë‚˜ë””ë”¸ê¸°ìš°ìœ 500ml	1	1	0	0	2\n047	ìš°ìœ 	8801155745387	ë™ì›)ê°€ë‚˜ë””ì´ˆì½”ìš°ìœ 500ml	1	2	0	0	1\n047	ìš°ìœ 	8801104942935	ë¹™ê·¸ë ˆ)ë”ë‹¨ë°±ë”¸ê¸°ë“œë§í¬	3	0	0	0	0\n047	ìš°ìœ 	0000088002798	ë¹™ê·¸ë ˆ)ë°”ë‚˜ë‚˜ìš°ìœ 240ml	2	0	0	0	10\n047	ìš°ìœ 	8801115118886	ì„œìš¸)ë‚´ì•ˆì˜ì§„ì§œì´ˆì½”280ml	2	2	0	0	2
[__main__][browser_log][INFO] 048	ì–¼ìŒ	8809197840107	del)ë¹…ì»µì–¼ìŒ230g	1	1	0	0	22\n048	ì–¼ìŒ	8809197840091	del)ì»µì–¼ìŒ180g	1	0	0	0	25
[__main__][browser_log][INFO] 049	ë§¥ì£¼	4901004006813	ì•„ì‚¬íˆìº”500ml	1	0	0	0	11\n049	ë§¥ì£¼	8801858042769	ì¹´ìŠ¤ë¼ì´íŠ¸ìº”500ml	1	0	0	0	16\n049	ë§¥ì£¼	8801858048167	ì¹´ìŠ¤ë ˆëª¬ìŠ¤í€´ì¦ˆ7.0ìº”500ml	1	0	0	0	8\n049	ë§¥ì£¼	8801119241511	í•„ë¼ì´íŠ¸í›„ë ˆì‰¬ìº”500ml	1	0	0	0	8
[__main__][browser_log][INFO] 050	ì†Œì£¼	8801048951017	ì‹ ì°¸ì´ìŠ¬ë³‘360mlì§€í•¨	2	0	0	0	23\n050	ì†Œì£¼	8801152136676	ì²˜ìŒì²˜ëŸ¼ìƒˆë¡œë³‘360ml	1	0	0	0	21
[__main__][browser_log][INFO] 051	ì „í†µì£¼	8802521122221	êµ­ìˆœë‹¹)ìŒ€ë§‰ê±¸ë¦¬750ml	1	0	0	0	8\n051	ì „í†µì£¼	8809202631751	ì§€í‰)ìƒë§‰ê±¸ë¦¬750ml	1	0	0	0	6
[__main__][browser_log][INFO] 058	ì˜ë¥˜ìš©í’ˆ	8806366723414	ì—¬ì„±ë°œëª©ì–‘ë§	1	0	0	0	26
[__main__][browser_log][INFO] 060	í™ˆ/ì£¼ë°©ìš©í’ˆ	2200000079947	ì¢…ëŸ‰(ê°€ì •)20L	1	0	0	0	-43
[__main__][browser_log][INFO] 062	ì „ê¸°ì—°ë£Œ	8803651000045	ì—ì´ìŠ¤)ì¼íšŒìš©ëŒë¼ì´í„°	1	0	0	0	48
[__main__][browser_log][INFO] 072	ë‹´ë°°	0000088022680	ë˜í1mg	1	0	0	0	19\n072	ë‹´ë°°	0000088022666	ë˜í6mg	1	0	0	0	33\n072	ë‹´ë°°	0000088006604	ë””ìŠ¤í”ŒëŸ¬ìŠ¤5mg	1	0	0	0	19\n072	ë‹´ë°°	0000088011189	ë ˆì¢…ë¸”ë£¨3mg	2	0	0	0	13\n072	ë‹´ë°°	8801116036066	ë ˆì¢…ì´ì˜¤ë‹ˆì•„ì•„ì¿ ì•„ê·¸ë¦°	1	0	0	0	5\n072	ë‹´ë°°	8801116006830	ë ˆì¢…í”„ë Œì¹˜ë¸”ë™3mg	1	0	0	0	29\n072	ë‹´ë°°	8801116019397	ë ˆì¢…í”„ë Œì¹˜ì•„ì´ìŠ¤ë¸”ë‘2mg	1	0	0	0	3\n072	ë‹´ë°°	8801116007172	ë ˆì¢…í”„ë Œì¹˜ìš”ê³ 1ã	3	0	0	0	7\n072	ë‹´ë°°	0000088011745	ë§ë³´ë¡œê³¨ë“œ6mg	1	0	0	0	13\n072	ë‹´ë°°	0000088017617	ë§ë³´ë¡œì•„ì´ìŠ¤ì›1mg	1	0	0	0	17\n072	ë‹´ë°°	0000088017655	ë§ë³´ë¡œí•˜ì´ë¸Œë¦¬ë“œ5mg	1	0	0	0	23\n072	ë‹´ë°°	8809741171619	ëª½ìŠ¤ë²„ë¸”ëª¬ë¹…ë°°ëª½4.8ml	1	0	0	0	4\n072	ë‹´ë°°	0000088011158	ì‹œì¦Œ2mg	2	0	0	0	13\n072	ë‹´ë°°	8801116001194	ì—ì„ìˆ˜0.5mg	1	0	0	0	9\n072	ë‹´ë°°	8801116005314	ì—ì„ì²´ì¸ì§€1mg	1	0	0	0	17\n072	ë‹´ë°°	8801116005574	ì—ì„ì²´ì¸ì§€4mg	1	0	0	0	10\n072	ë‹´ë°°	8801116006007	ì—ì„ì²´ì¸ì§€W1mg	1	0	0	0	12
[__main__][browser_log][INFO] 073	ì „ìë‹´ë°°	8801116012176	LILì•¡ìƒì¹´íŠ¸ë¦¬ì§€	10	0	0	0	107\n073	ì „ìë‹´ë°°	8801116013234	MIIXì•„ì´ìŠ¤ë”ë¸”	3	0	0	0	25\n073	ì „ìë‹´ë°°	0000088024189	í…Œë¦¬ì•„ë¸”ë™ë£¨ë¹„	2	0	0	0	19\n073	ì „ìë‹´ë°°	0000088023014	í…Œë¦¬ì•„ë¸”ë£¨	1	0	0	0	21\n073	ì „ìë‹´ë°°	0000088024134	í…Œë¦¬ì•„ì˜¤ì•„ì‹œìŠ¤í„	2	0	0	0	18
[__main__][browser_log][INFO] 900	ì†Œëª¨í’ˆ	2201148653150	ì¹œí™˜ê²½ë´‰íˆ¬íŒë§¤ìš©	5	0	0	0	-1,695
[__main__][main][INFO] Closing Chrome driver.
[__main__][main][INFO] _run_collection_cycle finished.
[__main__][main][INFO] Data collection cycle finished. Waiting for 30 minutes...
[__main__][main][INFO] 30 minutes wait completed. Starting next cycle.
[__main__][main][INFO] Starting new data collection cycle...
[__main__][main][INFO] _run_collection_cycle started.
[__main__][init][INFO] Initializing Chrome driver...
[login.login_bgf][login][INFO] Login script executed
[login.login_bgf][login][DEBUG] [ê²€ì¦] ë¹„ë°€ë²ˆí˜¸ í•„ë“œ ê°’: 1113
[login.login_bgf][login][INFO] Login succeeded
[utils.popup_util][modal_closer][INFO] Attempt 1/5 to find and close popups.
[utils.popup_util][modal_closer][INFO] Successfully simulated click on a popup close element.
[utils.popup_util][modal_closer][INFO] Attempt 2/5 to find and close popups.
[utils.popup_util][modal_closer][INFO] Successfully simulated click on a popup close element.
[utils.popup_util][modal_closer][INFO] Attempt 3/5 to find and close popups.
[utils.popup_util][modal_closer][INFO] Successfully simulated click on a popup close element.
[utils.popup_util][modal_closer][INFO] Attempt 4/5 to find and close popups.
[utils.popup_util][modal_closer][INFO] Successfully simulated click on a popup close element.
[utils.popup_util][modal_closer][INFO] Attempt 5/5 to find and close popups.
[utils.popup_util][modal_closer][INFO] Successfully simulated click on a popup close element.
[utils.popup_util][modal_closer][INFO] Finished popup closing process. Total closed: 5
[login.login_bgf][login][INFO] Closed 5 popups after login.
[__main__][login][INFO] Login successful.
[__main__][navigation][INFO] Navigating to sales page...
[__main__][navigation][DEBUG] Waiting for mix ratio page grid with selector: div[id*='gdList.body'][id*='cell_'][id$='_0:text']
[__main__][navigation][DEBUG] Mix ratio page grid found.
[__main__][navigation][INFO] Successfully navigated to sales page.
[__main__][collect][INFO] Starting data collection scripts.
[__main__][mid_category][INFO] mid_category logs: ['ğŸš€ collectMidCodes ì‹œì‘', 'ğŸ”„ ì¤‘ë¶„ë¥˜ ëª©ë¡ ìŠ¤ìº” ì‹œì‘', 'Found 22 mid-category cells.', 'Attempting to click mid-category: 001 with ID: mainframe.HFrameSet00.VFrameSet00.FrameSet.STMB011_M0.form.div_workForm.form.div2.form.gdList.body.gridrow_0.cell_0_0', '*********** íŠ¸ëœì­ì…˜ í˜¸ì¶œ ì „ svcID : searchDetail (strServiceUrl :svc::stmb011/selDetailSearch) (20250720110513)', '*********** íŠ¸ëœì­ì…˜ í˜¸ì¶œ ì „ httptimeout : 60', 'âœ… ì¤‘ë¶„ë¥˜ í´ë¦­: 001 (ë„ì‹œë½)']
[__main__][collect][INFO] Data collection complete.
[__main__][db][INFO] DB saved to c:\Users\kanur\OneDrive\ë¬¸ì„œ\GitHub\aaa\code_outputs\all_sales_data.db, inserted 9 rows
[__main__][browser_log][INFO] Extracted log data:
[__main__][browser_log][INFO] 001	ë„ì‹œë½	8809655891665	ë„)ë„˜ë²„ì›ì–‘ë…ìŒ€ì¹˜í‚¨1	1	1	0	0	0\n001	ë„ì‹œë½	8801771031802	ë„)í•œë¼ë§Œì¡±í•¨ë°•ì•¤ì¹˜í‚¨1	1	1	0	0	0
[__main__][browser_log][INFO] 002	ì£¼ë¨¹ë°¥	8809655891665	ë„)ë„˜ë²„ì›ì–‘ë…ìŒ€ì¹˜í‚¨1	1	1	0	0	0\n002	ì£¼ë¨¹ë°¥	8801771031802	ë„)í•œë¼ë§Œì¡±í•¨ë°•ì•¤ì¹˜í‚¨1	1	1	0	0	0
[__main__][browser_log][INFO] 005	í–„ë²„ê±°ë¥˜	8801068933475	í–„)3ë‹¨ë§¥ìŠ¤ìˆ¯ë¶ˆë°”ë² í1	1	1	0	0	0
[__main__][browser_log][INFO] 010	ì œì¡°ìŒë£Œ	2202000107644	25ë‰´getì•„ì´ìŠ¤ì•„ë©”XL	1	0	0	0	-115
[__main__][browser_log][INFO] 015	ë¹„ìŠ¤ì¼“/ì¿ í‚¤	8801019306495	í•´íƒœ)ì´ˆì½”í™ˆëŸ°ë³¼46g	1	0	0	0	3
[__main__][browser_log][INFO] 016	ìŠ¤ë‚µë¥˜	8801043036337	ë†ì‹¬)ì˜¤ì§•ì–´ì§‘78g	1	0	0	0	14\n016	ìŠ¤ë‚µë¥˜	8801043031431	ë†ì‹¬)ì«„ë³‘ë§¤ì½¤í•œë§›	1	0	0	0	4\n016	ìŠ¤ë‚µë¥˜	8801117760908	ì˜¤ë¦¬ì˜¨)ì˜¤ì§•ì–´ë•…ì½©98g	1	0	0	0	15\n016	ìŠ¤ë‚µë¥˜	8886467100055	í”„ë§ê¸€ìŠ¤)í•«ìŠ¤íŒŒì´ì‹œ110g	1	0	0	0	2
[__main__][browser_log][INFO] 019	ì´ˆì½œë¦¿	5000159559348	ë§ˆì¦ˆ)íŠ¸ìœ…ìŠ¤ì¿ í‚¤50g	1	0	0	0	11
[__main__][browser_log][INFO] 020	ìº”ë””	8691216099074	ì‚¼ê²½)í•˜ë¦¬ë³´ë¯¹ìŠ¤ì‚¬ì›Œ	1	0	0	0	5\n020	ìº”ë””	8801117339302	ì˜¤ë¦¬ì˜¨)ì™•ê¿ˆí‹€ì´ì ¤ë¦¬67g	3	0	0	0	1
[__main__][browser_log][INFO] 022	ë§ˆë¥¸ì•ˆì£¼ë¥˜	8809081260073	ê²½ì§„)ê¾¸ì´ë§¨ë§¤ì½¤30g	2	0	0	0	2
[__main__][browser_log][INFO] 023	ìœ¡ê°€ê³µë¥˜	8801123311057	ë¡¯ë°)ì˜ì„±ë§¤ì½¤ë•¡ì´ˆë°”65g	3	0	0	0	1\n023	ìœ¡ê°€ê³µë¥˜	8801077630709	ì§„ì£¼í–„)ì²œí•˜ë§¤ì½¤í›„ë‘í¬70g	2	0	0	0	2\n023	ìœ¡ê°€ê³µë¥˜	8801898163844	í‹°ë‹ˆí•‘)ë½€ë½€í•‘ë©”ì¶”ë¦¬ì•Œ5ì…	1	0	0	0	2\n023	ìœ¡ê°€ê³µë¥˜	8801898162847	í–‰ë³µ)ë©”ì¶”ë¦¬ì•Œì™ì™5ì…	1	0	0	0	2
[__main__][browser_log][INFO] 027	ë†ì‚°ì‹ì¬ë£Œ	8801114119075	í’€ë¬´ì›)ì†Œê°€ì°Œê°œë‘ë¶€290g	2	0	0	0	1
[__main__][browser_log][INFO] 028	ì¶•ìˆ˜ì‚°ì‹ì¬ë£Œ	8801155834708	ë™ì›)ë´ë§ˆí¬ë¼ì´íŠ¸ìŠ¤íŠ¸ë§	5	0	0	0	2\n028	ì¶•ìˆ˜ì‚°ì‹ì¬ë£Œ	8801155834616	ë™ì›)ë´ë§ˆí¬ìŠ¤íŠ¸ë§ì¹˜ì¦ˆ	2	2	0	0	0
[__main__][browser_log][INFO] 032	ë©´ë¥˜	8801043015639	ë†ì‹¬)ê¹€ì¹˜ì‚¬ë°œë©´	3	0	0	0	5\n032	ë©´ë¥˜	8801043014984	ë†ì‹¬)ë„ˆêµ¬ë¦¬ì–¼í°	2	0	0	0	21\n032	ë©´ë¥˜	8801043014731	ë†ì‹¬)ì•ˆì„±íƒ•ë©´	5	0	0	0	4\n032	ë©´ë¥˜	8801043015653	ë†ì‹¬)ìœ¡ê°œì¥ì‚¬ë°œë©´	1	0	0	0	22\n032	ë©´ë¥˜	8801043015226	ë†ì‹¬)ì§œíŒŒê²Œí‹°	5	0	0	0	11\n032	ë©´ë¥˜	8801043015608	ë†ì‹¬)ì§œíŒŒê²Œí‹°ë²”ë²…ì†Œì»µ	1	0	0	0	7\n032	ë©´ë¥˜	8801073210967	ì‚¼ì–‘)ì¹˜ì¦ˆë¶ˆë‹­ë³¶ìŒë©´ì»µ	2	0	0	0	3\n032	ë©´ë¥˜	8801045570068	ì˜¤ëšœê¸°)ì§„ë¼ë©´ìˆœí•œì†Œì»µ	1	0	0	0	2\n032	ë©´ë¥˜	8801045572802	ì˜¤ëšœê¸°)ì¹˜ì¦ˆë³¶ì´ì»µ	1	0	0	0	6\n032	ë©´ë¥˜	8801128503235	íŒ”ë„)ê¹€ì¹˜ì™•ëšœê»‘ì™•ì»µ	1	0	0	0	8\n032	ë©´ë¥˜	8801128503211	íŒ”ë„)ì™•ëšœê»‘ì™•ì»µ	1	0	0	0	9\n032	ë©´ë¥˜	8809695251412	íŒ”ë„)í‚¹ëšœê»‘	1	0	0	0	4
[__main__][browser_log][INFO] 035	ëƒ‰ì¥ì¦‰ì„ì‹	8809265025214	ê³ ë˜ì‚¬)ì–´ë¬µíƒ•ì‹œì›í•œë§›	1	0	0	0	2\n035	ëƒ‰ì¥ì¦‰ì„ì‹	8809948344021	íŒ”ë„í•œë¼)ì§¬ë½•ìˆœë‘ë¶€êµ­ë°¥	1	1	0	0	0
[__main__][browser_log][INFO] 039	ê³¼ì¼ì•¼ì±„ìŒë£Œ	8801121043561	ë§¤ì¼)í”¼í¬ë‹‰ì‚¬ê³¼240ml	1	2	0	0	4\n039	ê³¼ì¼ì•¼ì±„ìŒë£Œ	8806371309818	í‘¸ë¥´ë°€)ì›°ì¹˜ì‚¬ê³¼ì—ì´ë“œ	2	0	0	0	2\n039	ê³¼ì¼ì•¼ì±„ìŒë£Œ	8806371309771	í‘¸ë¥´ë°€)ì›°ì¹˜í¬ë„ì—ì´ë“œ	2	0	0	0	2
[__main__][browser_log][INFO] 040	ê¸°ëŠ¥ê±´ê°•ìŒë£Œ	8801056049201	ë¡¯ë°)ê²Œí† ë ˆì´ë ˆëª¬600ml	4	0	0	0	8\n040	ê¸°ëŠ¥ê±´ê°•ìŒë£Œ	8801056240998	ë¡¯ë°)í•«ì‹ìŠ¤ë”í‚¹í¼í”Œìº”355	2	0	0	0	3\n040	ê¸°ëŠ¥ê±´ê°•ìŒë£Œ	8809626920295	ë§í‹°)ì œë¡œë³µìˆ­ì•„P500ml	2	0	0	0	3\n040	ê¸°ëŠ¥ê±´ê°•ìŒë£Œ	4897036691007	ì½”ì¹´)ëª¬ìŠ¤í„°ì—ë„ˆì§€ìº”355ml	4	0	0	0	7\n040	ê¸°ëŠ¥ê±´ê°•ìŒë£Œ	4897036694534	ì½”ì¹´)ëª¬ìŠ¤í„°íŒŒí”¼ìš©ìº”355	1	0	0	0	5
[__main__][browser_log][INFO] 041	ìƒìˆ˜	8801056169817	HEYROOë¯¸ë„¤ë„ì›Œí„°P500ml	1	0	0	0	5\n041	ìƒìˆ˜	8801056055189	ë¡¯ë°)íŠ¸ë ˆë¹„ë¼ì„P500ml	2	0	0	0	3
[__main__][browser_log][INFO] 042	ì»¤í”¼ìŒë£Œ	8801115382096	ìŠ¤ë²…)ë°”ë‹ë¼ë¼ë–¼ì»µ200ml	2	0	0	0	1\n042	ì»¤í”¼ìŒë£Œ	8801037020519	ìŠ¤ë²…)ì‹œê·¸ë‹ˆì²˜ì´ˆì½œë¦¿200ml	1	0	0	0	7\n042	ì»¤í”¼ìŒë£Œ	8801037086942	ìŠ¤ë²…)ì¹´í˜ë¼ë–¼ì»µ200ml	2	1	0	0	1\n042	ì»¤í”¼ìŒë£Œ	8809388463931	ì´ë””ì•¼)ëŒì²´ì½œë“œë¸Œë£¨300ml	3	0	0	0	1\n042	ì»¤í”¼ìŒë£Œ	8809388464471	ì´ë””ì•¼)ì‡¼ì½œë¼ëª¨ì¹´300ml	1	0	0	0	2\n042	ì»¤í”¼ìŒë£Œ	8801037001716	í‹°ì˜¤í”¼)ìŠ¤ëª¨í‚¤ë¼ë–¼ìº”275ml	1	0	0	0	8
[__main__][browser_log][INFO] 043	ì°¨ìŒë£Œ	8806002009391	ê´‘ë™)ì§„í•œí—›ê°œì°¨P1.5L	1	0	0	0	2\n043	ì°¨ìŒë£Œ	8801047284482	ë™ì›)ë³µìˆ­ì•„ì œë¡œì•„ì´ìŠ¤500	4	0	0	0	1
[__main__][browser_log][INFO] 044	íƒ„ì‚°ìŒë£Œ	8801097135413	ë™ì•„)ë‚˜ë‘ë“œì‚¬ì´ë‹¤ìº”345ml	1	0	0	0	3\n044	íƒ„ì‚°ìŒë£Œ	8801056755010	ë¡¯ë°)ë°€í‚¤ìŠ¤P500ml	1	0	0	0	6\n044	íƒ„ì‚°ìŒë£Œ	8801094017606	ì½”ì¹´)ì½”ì¹´ì½œë¼P500ml	1	0	0	0	9\n044	íƒ„ì‚°ìŒë£Œ	8801094013004	ì½”ì¹´)ì½”ì¹´ì½œë¼ìº”250ml	1	0	0	0	7\n044	íƒ„ì‚°ìŒë£Œ	8809495077793	í´ë£¹)ì œë¡œì†Œë‹¤ë ˆëª¬ìº”500ml	2	0	0	0	5\n044	íƒ„ì‚°ìŒë£Œ	8809495075478	í´ë£¹)ì œë¡œì†Œë‹¤í¬ë„ìº”500ml	2	0	0	0	3\n044	íƒ„ì‚°ìŒë£Œ	8806004000945	í˜„ëŒ€)ë¯¸ì—ë¡œí™”ì´ìŠ¤íŒŒí´500	2	0	0	0	3
[__main__][browser_log][INFO] 045	ì•„ì´ìŠ¤ë“œë§í¬	8801056083564	ë¡¯ë°)ì¹¸íƒ€íƒ€ë¸”ë™ì•„ë©”ë¦¬230	1	0	0	0	6\n045	ì•„ì´ìŠ¤ë“œë§í¬	8801056083571	ë¡¯ë°)ì¹¸íƒ€íƒ€í—¤ì´ì¦ë„›230ml	2	0	0	0	8
[__main__][browser_log][INFO] 047	ìš°ìœ 	8801155745394	ë™ì›)ê°€ë‚˜ë””ë”¸ê¸°ìš°ìœ 500ml	1	1	0	0	2\n047	ìš°ìœ 	8801155745387	ë™ì›)ê°€ë‚˜ë””ì´ˆì½”ìš°ìœ 500ml	1	2	0	0	1\n047	ìš°ìœ 	8809846900886	ë§¤ì¼)ì…€ë ‰ìŠ¤í”„ë¡œí•ëª¨ì¹´250	1	0	0	0	2\n047	ìš°ìœ 	8801104942935	ë¹™ê·¸ë ˆ)ë”ë‹¨ë°±ë”¸ê¸°ë“œë§í¬	3	0	0	0	0\n047	ìš°ìœ 	0000088002798	ë¹™ê·¸ë ˆ)ë°”ë‚˜ë‚˜ìš°ìœ 240ml	2	0	0	0	10\n047	ìš°ìœ 	8801115118886	ì„œìš¸)ë‚´ì•ˆì˜ì§„ì§œì´ˆì½”280ml	2	2	0	0	2
[__main__][browser_log][INFO] 048	ì–¼ìŒ	8809197840336	del)ë²¤í‹°ì»µì–¼ìŒ400g	1	0	0	0	8\n048	ì–¼ìŒ	8809197840107	del)ë¹…ì»µì–¼ìŒ230g	4	1	0	0	19\n048	ì–¼ìŒ	8809197840091	del)ì»µì–¼ìŒ180g	2	0	0	0	24
[__main__][browser_log][INFO] 049	ë§¥ì£¼	4901004006813	ì•„ì‚¬íˆìº”500ml	1	0	0	0	11\n049	ë§¥ì£¼	8801858042769	ì¹´ìŠ¤ë¼ì´íŠ¸ìº”500ml	1	0	0	0	16\n049	ë§¥ì£¼	8801858048167	ì¹´ìŠ¤ë ˆëª¬ìŠ¤í€´ì¦ˆ7.0ìº”500ml	1	0	0	0	8\n049	ë§¥ì£¼	8801119241511	í•„ë¼ì´íŠ¸í›„ë ˆì‰¬ìº”500ml	1	0	0	0	8
[__main__][browser_log][INFO] 050	ì†Œì£¼	8801048951017	ì‹ ì°¸ì´ìŠ¬ë³‘360mlì§€í•¨	2	0	0	0	23\n050	ì†Œì£¼	8801152136676	ì²˜ìŒì²˜ëŸ¼ìƒˆë¡œë³‘360ml	1	0	0	0	21
[__main__][browser_log][INFO] 051	ì „í†µì£¼	8802521122221	êµ­ìˆœë‹¹)ìŒ€ë§‰ê±¸ë¦¬750ml	1	0	0	0	8\n051	ì „í†µì£¼	8809202631751	ì§€í‰)ìƒë§‰ê±¸ë¦¬750ml	1	0	0	0	6
[__main__][browser_log][INFO] 058	ì˜ë¥˜ìš©í’ˆ	8806366723414	ì—¬ì„±ë°œëª©ì–‘ë§	1	0	0	0	26
[__main__][browser_log][INFO] 060	í™ˆ/ì£¼ë°©ìš©í’ˆ	2200000079947	ì¢…ëŸ‰(ê°€ì •)20L	1	0	0	0	-43
[__main__][browser_log][INFO] 062	ì „ê¸°ì—°ë£Œ	8803651000045	ì—ì´ìŠ¤)ì¼íšŒìš©ëŒë¼ì´í„°	1	0	0	0	48
[__main__][browser_log][INFO] 072	ë‹´ë°°	0000088022680	ë˜í1mg	1	0	0	0	19\n072	ë‹´ë°°	0000088022666	ë˜í6mg	1	0	0	0	33\n072	ë‹´ë°°	0000088014128	ë˜ííŒŒì¸ì»·1mg	2	0	0	0	14\n072	ë‹´ë°°	0000088006604	ë””ìŠ¤í”ŒëŸ¬ìŠ¤5mg	1	0	0	0	19\n072	ë‹´ë°°	0000088011189	ë ˆì¢…ë¸”ë£¨3mg	2	0	0	0	13\n072	ë‹´ë°°	8801116036066	ë ˆì¢…ì´ì˜¤ë‹ˆì•„ì•„ì¿ ì•„ê·¸ë¦°	1	0	0	0	5\n072	ë‹´ë°°	8801116006830	ë ˆì¢…í”„ë Œì¹˜ë¸”ë™3mg	1	0	0	0	29\n072	ë‹´ë°°	8801116019397	ë ˆì¢…í”„ë Œì¹˜ì•„ì´ìŠ¤ë¸”ë‘2mg	1	0	0	0	3\n072	ë‹´ë°°	8801116007172	ë ˆì¢…í”„ë Œì¹˜ìš”ê³ 1ã	3	0	0	0	7\n072	ë‹´ë°°	0000088011745	ë§ë³´ë¡œê³¨ë“œ6mg	1	0	0	0	13\n072	ë‹´ë°°	0000088017617	ë§ë³´ë¡œì•„ì´ìŠ¤ì›1mg	1	0	0	0	17\n072	ë‹´ë°°	0000088017655	ë§ë³´ë¡œí•˜ì´ë¸Œë¦¬ë“œ5mg	1	0	0	0	23\n072	ë‹´ë°°	8809741171619	ëª½ìŠ¤ë²„ë¸”ëª¬ë¹…ë°°ëª½4.8ml	1	0	0	0	4\n072	ë‹´ë°°	0000088011158	ì‹œì¦Œ2mg	2	0	0	0	13\n072	ë‹´ë°°	8801116001194	ì—ì„ìˆ˜0.5mg	1	0	0	0	9\n072	ë‹´ë°°	8801116005314	ì—ì„ì²´ì¸ì§€1mg	1	0	0	0	17\n072	ë‹´ë°°	8801116005574	ì—ì„ì²´ì¸ì§€4mg	1	0	0	0	10\n072	ë‹´ë°°	8801116006007	ì—ì„ì²´ì¸ì§€W1mg	1	0	0	0	12
[__main__][browser_log][INFO] 073	ì „ìë‹´ë°°	8801116012176	LILì•¡ìƒì¹´íŠ¸ë¦¬ì§€	10	0	0	0	107\n073	ì „ìë‹´ë°°	8801116013234	MIIXì•„ì´ìŠ¤ë”ë¸”	3	0	0	0	25\n073	ì „ìë‹´ë°°	0000088024189	í…Œë¦¬ì•„ë¸”ë™ë£¨ë¹„	2	0	0	0	19\n073	ì „ìë‹´ë°°	0000088023014	í…Œë¦¬ì•„ë¸”ë£¨	1	0	0	0	21\n073	ì „ìë‹´ë°°	0000088024134	í…Œë¦¬ì•„ì˜¤ì•„ì‹œìŠ¤í„	2	0	0	0	18
[__main__][browser_log][INFO] 900	ì†Œëª¨í’ˆ	2201148653150	ì¹œí™˜ê²½ë´‰íˆ¬íŒë§¤ìš©	6	0	0	0	-1,696
[__main__][main][INFO] Closing Chrome driver.
[__main__][main][INFO] _run_collection_cycle finished.
[__main__][main][INFO] Data collection cycle finished. Waiting for 30 minutes...
[__main__][main][INFO] 30 minutes wait completed. Starting next cycle.
[__main__][main][INFO] Starting new data collection cycle...
[__main__][main][INFO] _run_collection_cycle started.
[__main__][init][INFO] Initializing Chrome driver...
[login.login_bgf][login][INFO] Login script executed
[login.login_bgf][login][DEBUG] [ê²€ì¦] ë¹„ë°€ë²ˆí˜¸ í•„ë“œ ê°’: 1113
[login.login_bgf][login][INFO] Login succeeded
[utils.popup_util][modal_closer][INFO] Attempt 1/5 to find and close popups.
[utils.popup_util][modal_closer][INFO] Successfully simulated click on a popup close element.
[utils.popup_util][modal_closer][INFO] Attempt 2/5 to find and close popups.
[utils.popup_util][modal_closer][INFO] Successfully simulated click on a popup close element.
[utils.popup_util][modal_closer][INFO] Attempt 3/5 to find and close popups.
[utils.popup_util][modal_closer][INFO] Successfully simulated click on a popup close element.
[utils.popup_util][modal_closer][INFO] Attempt 4/5 to find and close popups.
[utils.popup_util][modal_closer][INFO] Successfully simulated click on a popup close element.
[utils.popup_util][modal_closer][INFO] Attempt 5/5 to find and close popups.
[utils.popup_util][modal_closer][INFO] Successfully simulated click on a popup close element.
[utils.popup_util][modal_closer][INFO] Finished popup closing process. Total closed: 5
[login.login_bgf][login][INFO] Closed 5 popups after login.
[__main__][login][INFO] Login successful.
[__main__][navigation][INFO] Navigating to sales page...
[__main__][navigation][DEBUG] Waiting for mix ratio page grid with selector: div[id*='gdList.body'][id*='cell_'][id$='_0:text']
[__main__][navigation][DEBUG] Mix ratio page grid found.
[__main__][navigation][INFO] Successfully navigated to sales page.
[__main__][collect][INFO] Starting data collection scripts.
[__main__][mid_category][INFO] mid_category logs: ['ğŸš€ collectMidCodes ì‹œì‘', 'ğŸ”„ ì¤‘ë¶„ë¥˜ ëª©ë¡ ìŠ¤ìº” ì‹œì‘', 'Found 22 mid-category cells.', 'Attempting to click mid-category: 001 with ID: mainframe.HFrameSet00.VFrameSet00.FrameSet.STMB011_M0.form.div_workForm.form.div2.form.gdList.body.gridrow_0.cell_0_0', '*********** íŠ¸ëœì­ì…˜ í˜¸ì¶œ ì „ svcID : searchDetail (strServiceUrl :svc::stmb011/selDetailSearch) (20250720113646)', '*********** íŠ¸ëœì­ì…˜ í˜¸ì¶œ ì „ httptimeout : 60', 'âœ… ì¤‘ë¶„ë¥˜ í´ë¦­: 001 (ë„ì‹œë½)']
[__main__][collect][INFO] Data collection complete.
[__main__][db][INFO] DB saved to c:\Users\kanur\OneDrive\ë¬¸ì„œ\GitHub\aaa\code_outputs\all_sales_data.db, inserted 4 rows
[__main__][browser_log][INFO] Extracted log data:
[__main__][browser_log][INFO] 001	ë„ì‹œë½	8809655891665	ë„)ë„˜ë²„ì›ì–‘ë…ìŒ€ì¹˜í‚¨1	1	1	0	0	0\n001	ë„ì‹œë½	8801771031802	ë„)í•œë¼ë§Œì¡±í•¨ë°•ì•¤ì¹˜í‚¨1	1	1	0	0	0
[__main__][browser_log][INFO] 002	ì£¼ë¨¹ë°¥	8809655891665	ë„)ë„˜ë²„ì›ì–‘ë…ìŒ€ì¹˜í‚¨1	1	1	0	0	0\n002	ì£¼ë¨¹ë°¥	8801771031802	ë„)í•œë¼ë§Œì¡±í•¨ë°•ì•¤ì¹˜í‚¨1	1	1	0	0	0
[__main__][browser_log][INFO] 005	í–„ë²„ê±°ë¥˜	8801068933475	í–„)3ë‹¨ë§¥ìŠ¤ìˆ¯ë¶ˆë°”ë² í1	1	1	0	0	0
[__main__][browser_log][INFO] 010	ì œì¡°ìŒë£Œ	2202000107644	25ë‰´getì•„ì´ìŠ¤ì•„ë©”XL	1	0	0	0	-115
[__main__][browser_log][INFO] 015	ë¹„ìŠ¤ì¼“/ì¿ í‚¤	8801019306495	í•´íƒœ)ì´ˆì½”í™ˆëŸ°ë³¼46g	1	0	0	0	3
[__main__][browser_log][INFO] 016	ìŠ¤ë‚µë¥˜	8801043036337	ë†ì‹¬)ì˜¤ì§•ì–´ì§‘78g	1	0	0	0	14\n016	ìŠ¤ë‚µë¥˜	8801043031431	ë†ì‹¬)ì«„ë³‘ë§¤ì½¤í•œë§›	1	0	0	0	4\n016	ìŠ¤ë‚µë¥˜	8805856103729	ë¯¸ì°Œ)ê³°í‘œíŒì½˜ì˜¤ë¦¬ì§€ë„ë§›	1	0	0	0	6\n016	ìŠ¤ë‚µë¥˜	8801117760908	ì˜¤ë¦¬ì˜¨)ì˜¤ì§•ì–´ë•…ì½©98g	1	0	0	0	15\n016	ìŠ¤ë‚µë¥˜	8886467100055	í”„ë§ê¸€ìŠ¤)í•«ìŠ¤íŒŒì´ì‹œ110g	1	0	0	0	2
[__main__][browser_log][INFO] 019	ì´ˆì½œë¦¿	5000159559348	ë§ˆì¦ˆ)íŠ¸ìœ…ìŠ¤ì¿ í‚¤50g	1	0	0	0	11
[__main__][browser_log][INFO] 020	ìº”ë””	8691216099074	ì‚¼ê²½)í•˜ë¦¬ë³´ë¯¹ìŠ¤ì‚¬ì›Œ	1	0	0	0	5\n020	ìº”ë””	8801117339302	ì˜¤ë¦¬ì˜¨)ì™•ê¿ˆí‹€ì´ì ¤ë¦¬67g	3	0	0	0	1
[__main__][browser_log][INFO] 022	ë§ˆë¥¸ì•ˆì£¼ë¥˜	8809081260073	ê²½ì§„)ê¾¸ì´ë§¨ë§¤ì½¤30g	2	0	0	0	2
[__main__][browser_log][INFO] 023	ìœ¡ê°€ê³µë¥˜	8801123311057	ë¡¯ë°)ì˜ì„±ë§¤ì½¤ë•¡ì´ˆë°”65g	3	0	0	0	1\n023	ìœ¡ê°€ê³µë¥˜	8801077630709	ì§„ì£¼í–„)ì²œí•˜ë§¤ì½¤í›„ë‘í¬70g	2	0	0	0	2\n023	ìœ¡ê°€ê³µë¥˜	8801898163844	í‹°ë‹ˆí•‘)ë½€ë½€í•‘ë©”ì¶”ë¦¬ì•Œ5ì…	1	0	0	0	2\n023	ìœ¡ê°€ê³µë¥˜	8801898162847	í–‰ë³µ)ë©”ì¶”ë¦¬ì•Œì™ì™5ì…	1	0	0	0	2
[__main__][browser_log][INFO] 027	ë†ì‚°ì‹ì¬ë£Œ	8801114119075	í’€ë¬´ì›)ì†Œê°€ì°Œê°œë‘ë¶€290g	2	0	0	0	1
[__main__][browser_log][INFO] 028	ì¶•ìˆ˜ì‚°ì‹ì¬ë£Œ	8801155834708	ë™ì›)ë´ë§ˆí¬ë¼ì´íŠ¸ìŠ¤íŠ¸ë§	5	0	0	0	2\n028	ì¶•ìˆ˜ì‚°ì‹ì¬ë£Œ	8801155834616	ë™ì›)ë´ë§ˆí¬ìŠ¤íŠ¸ë§ì¹˜ì¦ˆ	2	2	0	0	0
[__main__][browser_log][INFO] 032	ë©´ë¥˜	8801043015639	ë†ì‹¬)ê¹€ì¹˜ì‚¬ë°œë©´	3	0	0	0	5\n032	ë©´ë¥˜	8801043014984	ë†ì‹¬)ë„ˆêµ¬ë¦¬ì–¼í°	2	0	0	0	21\n032	ë©´ë¥˜	8801043014731	ë†ì‹¬)ì•ˆì„±íƒ•ë©´	5	0	0	0	4\n032	ë©´ë¥˜	8801043015653	ë†ì‹¬)ìœ¡ê°œì¥ì‚¬ë°œë©´	1	0	0	0	22\n032	ë©´ë¥˜	8801043015226	ë†ì‹¬)ì§œíŒŒê²Œí‹°	5	0	0	0	11\n032	ë©´ë¥˜	8801043015608	ë†ì‹¬)ì§œíŒŒê²Œí‹°ë²”ë²…ì†Œì»µ	1	0	0	0	7\n032	ë©´ë¥˜	8801073210967	ì‚¼ì–‘)ì¹˜ì¦ˆë¶ˆë‹­ë³¶ìŒë©´ì»µ	2	0	0	0	3\n032	ë©´ë¥˜	8801045570068	ì˜¤ëšœê¸°)ì§„ë¼ë©´ìˆœí•œì†Œì»µ	1	0	0	0	2\n032	ë©´ë¥˜	8801045572802	ì˜¤ëšœê¸°)ì¹˜ì¦ˆë³¶ì´ì»µ	1	0	0	0	6\n032	ë©´ë¥˜	8801128503235	íŒ”ë„)ê¹€ì¹˜ì™•ëšœê»‘ì™•ì»µ	1	0	0	0	8\n032	ë©´ë¥˜	8801128503211	íŒ”ë„)ì™•ëšœê»‘ì™•ì»µ	1	0	0	0	9\n032	ë©´ë¥˜	8809695251412	íŒ”ë„)í‚¹ëšœê»‘	1	0	0	0	4
[__main__][browser_log][INFO] 033	ìƒì˜¨ì¦‰ì„ì‹	8801007921235	CJ)ì»µë°˜BIGì¹˜ì¦ˆë‹­ê°ˆë¹„ë®ë°¥	1	0	0	0	1
[__main__][browser_log][INFO] 035	ëƒ‰ì¥ì¦‰ì„ì‹	8805684010640	MDS)ë² ì´ì»¨í¬ë¦¼íŒŒìŠ¤íƒ€N	1	0	0	0	0\n035	ëƒ‰ì¥ì¦‰ì„ì‹	8809265025214	ê³ ë˜ì‚¬)ì–´ë¬µíƒ•ì‹œì›í•œë§›	1	0	0	0	2\n035	ëƒ‰ì¥ì¦‰ì„ì‹	8809367693113	íŒ”ë„í•œë¼)ì •í†µê°ˆë¹„íƒ•&ë°¥	1	0	0	0	0\n035	ëƒ‰ì¥ì¦‰ì„ì‹	8809948344021	íŒ”ë„í•œë¼)ì§¬ë½•ìˆœë‘ë¶€êµ­ë°¥	1	1	0	0	0
[__main__][browser_log][INFO] 039	ê³¼ì¼ì•¼ì±„ìŒë£Œ	8801121043561	ë§¤ì¼)í”¼í¬ë‹‰ì‚¬ê³¼240ml	1	2	0	0	4\n039	ê³¼ì¼ì•¼ì±„ìŒë£Œ	8806371309818	í‘¸ë¥´ë°€)ì›°ì¹˜ì‚¬ê³¼ì—ì´ë“œ	2	0	0	0	2\n039	ê³¼ì¼ì•¼ì±„ìŒë£Œ	8806371309771	í‘¸ë¥´ë°€)ì›°ì¹˜í¬ë„ì—ì´ë“œ	2	0	0	0	2
[__main__][browser_log][INFO] 040	ê¸°ëŠ¥ê±´ê°•ìŒë£Œ	8801056049201	ë¡¯ë°)ê²Œí† ë ˆì´ë ˆëª¬600ml	4	0	0	0	8\n040	ê¸°ëŠ¥ê±´ê°•ìŒë£Œ	8801056240998	ë¡¯ë°)í•«ì‹ìŠ¤ë”í‚¹í¼í”Œìº”355	2	0	0	0	3\n040	ê¸°ëŠ¥ê±´ê°•ìŒë£Œ	8809626920295	ë§í‹°)ì œë¡œë³µìˆ­ì•„P500ml	2	0	0	0	3\n040	ê¸°ëŠ¥ê±´ê°•ìŒë£Œ	4897036691007	ì½”ì¹´)ëª¬ìŠ¤í„°ì—ë„ˆì§€ìº”355ml	4	0	0	0	7\n040	ê¸°ëŠ¥ê±´ê°•ìŒë£Œ	4897036694534	ì½”ì¹´)ëª¬ìŠ¤í„°íŒŒí”¼ìš©ìº”355	1	0	0	0	5
[__main__][browser_log][INFO] 041	ìƒìˆ˜	8801056169817	HEYROOë¯¸ë„¤ë„ì›Œí„°P500ml	1	0	0	0	5\n041	ìƒìˆ˜	8801056055189	ë¡¯ë°)íŠ¸ë ˆë¹„ë¼ì„P500ml	2	0	0	0	3
[__main__][browser_log][INFO] 042	ì»¤í”¼ìŒë£Œ	8801115382096	ìŠ¤ë²…)ë°”ë‹ë¼ë¼ë–¼ì»µ200ml	2	0	0	0	1\n042	ì»¤í”¼ìŒë£Œ	8801037020519	ìŠ¤ë²…)ì‹œê·¸ë‹ˆì²˜ì´ˆì½œë¦¿200ml	1	0	0	0	7\n042	ì»¤í”¼ìŒë£Œ	8801037086942	ìŠ¤ë²…)ì¹´í˜ë¼ë–¼ì»µ200ml	2	1	0	0	1\n042	ì»¤í”¼ìŒë£Œ	8809388463931	ì´ë””ì•¼)ëŒì²´ì½œë“œë¸Œë£¨300ml	3	0	0	0	1\n042	ì»¤í”¼ìŒë£Œ	8809388464471	ì´ë””ì•¼)ì‡¼ì½œë¼ëª¨ì¹´300ml	1	0	0	0	2\n042	ì»¤í”¼ìŒë£Œ	8801037001716	í‹°ì˜¤í”¼)ìŠ¤ëª¨í‚¤ë¼ë–¼ìº”275ml	1	0	0	0	8
[__main__][browser_log][INFO] 043	ì°¨ìŒë£Œ	8806002009391	ê´‘ë™)ì§„í•œí—›ê°œì°¨P1.5L	1	0	0	0	2\n043	ì°¨ìŒë£Œ	8801047284482	ë™ì›)ë³µìˆ­ì•„ì œë¡œì•„ì´ìŠ¤500	4	0	0	0	1
[__main__][browser_log][INFO] 044	íƒ„ì‚°ìŒë£Œ	8801097135413	ë™ì•„)ë‚˜ë‘ë“œì‚¬ì´ë‹¤ìº”345ml	1	0	0	0	3\n044	íƒ„ì‚°ìŒë£Œ	8801056755010	ë¡¯ë°)ë°€í‚¤ìŠ¤P500ml	1	0	0	0	6\n044	íƒ„ì‚°ìŒë£Œ	8801094017606	ì½”ì¹´)ì½”ì¹´ì½œë¼P500ml	1	0	0	0	9\n044	íƒ„ì‚°ìŒë£Œ	8801094013004	ì½”ì¹´)ì½”ì¹´ì½œë¼ìº”250ml	1	0	0	0	7\n044	íƒ„ì‚°ìŒë£Œ	8809495077793	í´ë£¹)ì œë¡œì†Œë‹¤ë ˆëª¬ìº”500ml	2	0	0	0	5\n044	íƒ„ì‚°ìŒë£Œ	8809495075478	í´ë£¹)ì œë¡œì†Œë‹¤í¬ë„ìº”500ml	2	0	0	0	3\n044	íƒ„ì‚°ìŒë£Œ	8806004000945	í˜„ëŒ€)ë¯¸ì—ë¡œí™”ì´ìŠ¤íŒŒí´500	2	0	0	0	3
[__main__][browser_log][INFO] 045	ì•„ì´ìŠ¤ë“œë§í¬	8801056083564	ë¡¯ë°)ì¹¸íƒ€íƒ€ë¸”ë™ì•„ë©”ë¦¬230	1	0	0	0	6\n045	ì•„ì´ìŠ¤ë“œë§í¬	8801056083571	ë¡¯ë°)ì¹¸íƒ€íƒ€í—¤ì´ì¦ë„›230ml	2	0	0	0	8
[__main__][browser_log][INFO] 047	ìš°ìœ 	8801155745394	ë™ì›)ê°€ë‚˜ë””ë”¸ê¸°ìš°ìœ 500ml	1	1	0	0	2\n047	ìš°ìœ 	8801155745387	ë™ì›)ê°€ë‚˜ë””ì´ˆì½”ìš°ìœ 500ml	1	2	0	0	1\n047	ìš°ìœ 	8809846900886	ë§¤ì¼)ì…€ë ‰ìŠ¤í”„ë¡œí•ëª¨ì¹´250	1	0	0	0	2\n047	ìš°ìœ 	8801104942935	ë¹™ê·¸ë ˆ)ë”ë‹¨ë°±ë”¸ê¸°ë“œë§í¬	3	0	0	0	0\n047	ìš°ìœ 	0000088002798	ë¹™ê·¸ë ˆ)ë°”ë‚˜ë‚˜ìš°ìœ 240ml	2	0	0	0	10\n047	ìš°ìœ 	8801115118886	ì„œìš¸)ë‚´ì•ˆì˜ì§„ì§œì´ˆì½”280ml	2	2	0	0	2
[__main__][browser_log][INFO] 048	ì–¼ìŒ	8809197840336	del)ë²¤í‹°ì»µì–¼ìŒ400g	1	0	0	0	8\n048	ì–¼ìŒ	8809197840107	del)ë¹…ì»µì–¼ìŒ230g	4	1	0	0	19\n048	ì–¼ìŒ	8809197840091	del)ì»µì–¼ìŒ180g	2	0	0	0	24
[__main__][browser_log][INFO] 049	ë§¥ì£¼	4901004006813	ì•„ì‚¬íˆìº”500ml	1	0	0	0	11\n049	ë§¥ì£¼	8801858042769	ì¹´ìŠ¤ë¼ì´íŠ¸ìº”500ml	1	0	0	0	16\n049	ë§¥ì£¼	8801858048167	ì¹´ìŠ¤ë ˆëª¬ìŠ¤í€´ì¦ˆ7.0ìº”500ml	1	0	0	0	8\n049	ë§¥ì£¼	8801119241511	í•„ë¼ì´íŠ¸í›„ë ˆì‰¬ìº”500ml	1	0	0	0	8
[__main__][browser_log][INFO] 050	ì†Œì£¼	8801048951017	ì‹ ì°¸ì´ìŠ¬ë³‘360mlì§€í•¨	2	0	0	0	23\n050	ì†Œì£¼	8801152136676	ì²˜ìŒì²˜ëŸ¼ìƒˆë¡œë³‘360ml	1	0	0	0	21
[__main__][browser_log][INFO] 051	ì „í†µì£¼	8802521122221	êµ­ìˆœë‹¹)ìŒ€ë§‰ê±¸ë¦¬750ml	1	0	0	0	8\n051	ì „í†µì£¼	8809202631751	ì§€í‰)ìƒë§‰ê±¸ë¦¬750ml	1	0	0	0	6
[__main__][browser_log][INFO] 058	ì˜ë¥˜ìš©í’ˆ	8806366723414	ì—¬ì„±ë°œëª©ì–‘ë§	1	0	0	0	26
[__main__][browser_log][INFO] 060	í™ˆ/ì£¼ë°©ìš©í’ˆ	2200000079947	ì¢…ëŸ‰(ê°€ì •)20L	1	0	0	0	-43
[__main__][browser_log][INFO] 062	ì „ê¸°ì—°ë£Œ	8803651000045	ì—ì´ìŠ¤)ì¼íšŒìš©ëŒë¼ì´í„°	1	0	0	0	48
[__main__][browser_log][INFO] 072	ë‹´ë°°	0000088022680	ë˜í1mg	1	0	0	0	19\n072	ë‹´ë°°	0000088022666	ë˜í6mg	1	0	0	0	33\n072	ë‹´ë°°	0000088014128	ë˜ííŒŒì¸ì»·1mg	2	0	0	0	14\n072	ë‹´ë°°	0000088006604	ë””ìŠ¤í”ŒëŸ¬ìŠ¤5mg	1	0	0	0	19\n072	ë‹´ë°°	0000088011189	ë ˆì¢…ë¸”ë£¨3mg	2	0	0	0	13\n072	ë‹´ë°°	8801116036066	ë ˆì¢…ì´ì˜¤ë‹ˆì•„ì•„ì¿ ì•„ê·¸ë¦°	1	0	0	0	5\n072	ë‹´ë°°	8801116006830	ë ˆì¢…í”„ë Œì¹˜ë¸”ë™3mg	1	0	0	0	29\n072	ë‹´ë°°	8801116019397	ë ˆì¢…í”„ë Œì¹˜ì•„ì´ìŠ¤ë¸”ë‘2mg	1	0	0	0	3\n072	ë‹´ë°°	8801116007172	ë ˆì¢…í”„ë Œì¹˜ìš”ê³ 1ã	3	0	0	0	7\n072	ë‹´ë°°	0000088011745	ë§ë³´ë¡œê³¨ë“œ6mg	1	0	0	0	13\n072	ë‹´ë°°	0000088017617	ë§ë³´ë¡œì•„ì´ìŠ¤ì›1mg	1	0	0	0	17\n072	ë‹´ë°°	0000088017655	ë§ë³´ë¡œí•˜ì´ë¸Œë¦¬ë“œ5mg	1	0	0	0	23\n072	ë‹´ë°°	8809741171619	ëª½ìŠ¤ë²„ë¸”ëª¬ë¹…ë°°ëª½4.8ml	1	0	0	0	4\n072	ë‹´ë°°	0000088011158	ì‹œì¦Œ2mg	2	0	0	0	13\n072	ë‹´ë°°	8801116001194	ì—ì„ìˆ˜0.5mg	1	0	0	0	9\n072	ë‹´ë°°	8801116005314	ì—ì„ì²´ì¸ì§€1mg	1	0	0	0	17\n072	ë‹´ë°°	8801116005574	ì—ì„ì²´ì¸ì§€4mg	1	0	0	0	10\n072	ë‹´ë°°	8801116006007	ì—ì„ì²´ì¸ì§€W1mg	1	0	0	0	12
[__main__][browser_log][INFO] 073	ì „ìë‹´ë°°	8801116012176	LILì•¡ìƒì¹´íŠ¸ë¦¬ì§€	10	0	0	0	107\n073	ì „ìë‹´ë°°	8801116013234	MIIXì•„ì´ìŠ¤ë”ë¸”	3	0	0	0	25\n073	ì „ìë‹´ë°°	0000088024189	í…Œë¦¬ì•„ë¸”ë™ë£¨ë¹„	2	0	0	0	19\n073	ì „ìë‹´ë°°	0000088023014	í…Œë¦¬ì•„ë¸”ë£¨	1	0	0	0	21\n073	ì „ìë‹´ë°°	0000088024134	í…Œë¦¬ì•„ì˜¤ì•„ì‹œìŠ¤í„	2	0	0	0	18
[__main__][browser_log][INFO] 900	ì†Œëª¨í’ˆ	2201148653150	ì¹œí™˜ê²½ë´‰íˆ¬íŒë§¤ìš©	7	0	0	0	-1,697
[__main__][main][INFO] Closing Chrome driver.
[__main__][main][INFO] _run_collection_cycle finished.
[__main__][main][INFO] Data collection cycle finished. Waiting for 30 minutes...
[__main__][main][INFO] Starting new data collection cycle...
[__main__][main][INFO] _run_collection_cycle started.
[__main__][init][INFO] Initializing Chrome driver...
[login.login_bgf][login][INFO] Login script executed
[login.login_bgf][login][DEBUG] [ê²€ì¦] ë¹„ë°€ë²ˆí˜¸ í•„ë“œ ê°’: 1113
[login.login_bgf][login][INFO] Login succeeded
[utils.popup_util][modal_closer][INFO] Attempt 1/5 to find and close popups.
[utils.popup_util][modal_closer][INFO] Successfully simulated click on a popup close element.
[utils.popup_util][modal_closer][INFO] Attempt 2/5 to find and close popups.
[utils.popup_util][modal_closer][INFO] Successfully simulated click on a popup close element.
[utils.popup_util][modal_closer][INFO] Attempt 3/5 to find and close popups.
[utils.popup_util][modal_closer][INFO] Successfully simulated click on a popup close element.
[utils.popup_util][modal_closer][INFO] Attempt 4/5 to find and close popups.
[utils.popup_util][modal_closer][INFO] Successfully simulated click on a popup close element.
[utils.popup_util][modal_closer][INFO] Attempt 5/5 to find and close popups.
[utils.popup_util][modal_closer][INFO] Successfully simulated click on a popup close element.
[utils.popup_util][modal_closer][INFO] Finished popup closing process. Total closed: 5
[login.login_bgf][login][INFO] Closed 5 popups after login.
[__main__][login][INFO] Login successful.
[__main__][navigation][INFO] Navigating to sales page...
[__main__][navigation][DEBUG] Waiting for mix ratio page grid with selector: div[id*='gdList.body'][id*='cell_'][id$='_0:text']
[__main__][navigation][DEBUG] Mix ratio page grid found.
[__main__][navigation][INFO] Successfully navigated to sales page.
[utils.db_util][db][INFO] Less than 7 distinct dates (2) found in DB.
[__main__][main][INFO] Less than 7 days of data in DB. Running auto_collect_past_7days.js
[__main__][run_script][ERROR] script file not found: c:\Users\kanur\OneDrive\ë¬¸ì„œ\GitHub\aaa\scripts\auto_collect_past_7days.js
[__main__][main][CRITICAL] Critical error during collection cycle: script file not found: c:\Users\kanur\OneDrive\ë¬¸ì„œ\GitHub\aaa\scripts\auto_collect_past_7days.js
Traceback (most recent call last):
  File "c:\Users\kanur\OneDrive\ë¬¸ì„œ\GitHub\aaa\main.py", line 315, in _run_collection_cycle
    run_script(driver, "auto_collect_past_7days.js")
  File "c:\Users\kanur\OneDrive\ë¬¸ì„œ\GitHub\aaa\main.py", line 127, in run_script
    raise FileNotFoundError(msg)
FileNotFoundError: script file not found: c:\Users\kanur\OneDrive\ë¬¸ì„œ\GitHub\aaa\scripts\auto_collect_past_7days.js
[__main__][main][INFO] Closing Chrome driver.
[__main__][main][INFO] _run_collection_cycle finished.
[__main__][main][INFO] Data collection cycle finished. Waiting for 30 minutes...
